==================================================================================
Universidade Federal de Minas Gerais (UFMG)
Programa de Pos-Graduacao em Engenharia Eletrica (PPGEE)

MoM-SO-v1
Two-Wire Transmission Line Analysis using the 
Method of Moments - Superficial Admittance Operator (MoM-SO)

Author: Adilton Pereira (c)
Belo Horizonte, 2024-06-04 14:23:14
Brazil

References:
[1]   PATEL, Utkarsh R. A Surface Admittance Approach For Fast Calculation of the 
      Series Impedance of Cables Including Skin, Proximity, and Ground Return     
      Effects. 2014. University of Toronto, Graduate Department of The Edward S.  
      Rogers Sr. Department of Electrical & Computer Engineering.                 
[2]   U. R. Patel, B. Gustavsen and P. Triverio, 'An Equivalent Surface Current   
      Approach Computation of the Series Impedance of Power Cables with Inclusion 
      of Skin and Proximity Effects,' IEEE Transactions on Power Delivery, vol.28,
      no. 4, pp. 2474-2482, Oct. 2013, doi: 10.1109/TPWRD.2013.2267098            

==================================================================================

UNIVERSAL PHYSICAL CONSTANTS.....................................
 Vacuum magnetic permeability. mu_0 = 1.2566e-06 H/m.
 Vacuum electrical permittivity. epsilon_0 = 8.8542e-12 F/m.

GEOMETRY OF THE SYSTEM...........................................
 Number of points in conductors surface: [4, 4].
 Distance matrix between the center points of the conductors [m]:
 [[0.    0.025]
 [0.025 0.   ]]
 x-coord. matrix between the center points of the conductors [m]:
 [[ 0.    -0.025]
 [ 0.025  0.   ]]
 y-coord. matrix between the center points of the conductors [m]:
 [[0. 0.]
 [0. 0.]]
 theta angle between the center points of the conductors [rad]:
 [[0.         3.14159265]
 [0.         0.        ]]

FREQUENCY-DEPENDENT PARAMETERS...................................
Conductivity of the conductors: [5.80e+07 5.80e+07] [S/m]
Permittivity of the medium: [8.85418781e-12 8.85418781e-12].
Permeability of the medium: [1.25663706e-06 1.25663706e-06].
Conductors wavenumber: [151.32-151.32j 151.32-151.32j] [1/m]
Free-space wavenumber: [2.10e-06 2.10e-06] [1/m]

MoM-SO INITIALIZATION............................................
 Number of elements in the MoM vectors: N = 18.
 Matrix U:
 [[0. 0.]
 [0. 0.]
 [0. 0.]
 [0. 0.]
 [1. 0.]
 [0. 0.]
 [0. 0.]
 [0. 0.]
 [0. 0.]
 [0. 0.]
 [0. 0.]
 [0. 0.]
 [0. 0.]
 [0. 1.]
 [0. 0.]
 [0. 0.]
 [0. 0.]
 [0. 0.]]

 Surface admittance operator: Ys:
 [[3.64e3-138.40e0j 0.00e0 0.00e0 0.00e0 0.00e0 0.00e0 0.00e0 0.00e0
  0.00e0 0.00e0 0.00e0 0.00e0 0.00e0 0.00e0 0.00e0 0.00e0 0.00e0 0.00e0]
 [0.00e0 4.53e3-258.15e0j 0.00e0 0.00e0 0.00e0 0.00e0 0.00e0 0.00e0
  0.00e0 0.00e0 0.00e0 0.00e0 0.00e0 0.00e0 0.00e0 0.00e0 0.00e0 0.00e0]
 [0.00e0 0.00e0 5.99e3-565.13e0j 0.00e0 0.00e0 0.00e0 0.00e0 0.00e0
  0.00e0 0.00e0 0.00e0 0.00e0 0.00e0 0.00e0 0.00e0 0.00e0 0.00e0 0.00e0]
 [0.00e0 0.00e0 0.00e0 8.66e3-1.60e3j 0.00e0 0.00e0 0.00e0 0.00e0 0.00e0
  0.00e0 0.00e0 0.00e0 0.00e0 0.00e0 0.00e0 0.00e0 0.00e0 0.00e0]
 [0.00e0 0.00e0 0.00e0 0.00e0 13.31e3-6.58e3j 0.00e0 0.00e0 0.00e0 0.00e0
  0.00e0 0.00e0 0.00e0 0.00e0 0.00e0 0.00e0 0.00e0 0.00e0 0.00e0]
 [0.00e0 0.00e0 0.00e0 0.00e0 0.00e0 8.66e3-1.60e3j 0.00e0 0.00e0 0.00e0
  0.00e0 0.00e0 0.00e0 0.00e0 0.00e0 0.00e0 0.00e0 0.00e0 0.00e0]
 [0.00e0 0.00e0 0.00e0 0.00e0 0.00e0 0.00e0 5.99e3-565.13e0j 0.00e0
  0.00e0 0.00e0 0.00e0 0.00e0 0.00e0 0.00e0 0.00e0 0.00e0 0.00e0 0.00e0]
 [0.00e0 0.00e0 0.00e0 0.00e0 0.00e0 0.00e0 0.00e0 4.53e3-258.15e0j
  0.00e0 0.00e0 0.00e0 0.00e0 0.00e0 0.00e0 0.00e0 0.00e0 0.00e0 0.00e0]
 [0.00e0 0.00e0 0.00e0 0.00e0 0.00e0 0.00e0 0.00e0 0.00e0
  3.64e3-138.40e0j 0.00e0 0.00e0 0.00e0 0.00e0 0.00e0 0.00e0 0.00e0
  0.00e0 0.00e0]
 [0.00e0 0.00e0 0.00e0 0.00e0 0.00e0 0.00e0 0.00e0 0.00e0 0.00e0
  3.64e3-138.40e0j 0.00e0 0.00e0 0.00e0 0.00e0 0.00e0 0.00e0 0.00e0
  0.00e0]
 [0.00e0 0.00e0 0.00e0 0.00e0 0.00e0 0.00e0 0.00e0 0.00e0 0.00e0 0.00e0
  4.53e3-258.15e0j 0.00e0 0.00e0 0.00e0 0.00e0 0.00e0 0.00e0 0.00e0]
 [0.00e0 0.00e0 0.00e0 0.00e0 0.00e0 0.00e0 0.00e0 0.00e0 0.00e0 0.00e0
  0.00e0 5.99e3-565.13e0j 0.00e0 0.00e0 0.00e0 0.00e0 0.00e0 0.00e0]
 [0.00e0 0.00e0 0.00e0 0.00e0 0.00e0 0.00e0 0.00e0 0.00e0 0.00e0 0.00e0
  0.00e0 0.00e0 8.66e3-1.60e3j 0.00e0 0.00e0 0.00e0 0.00e0 0.00e0]
 [0.00e0 0.00e0 0.00e0 0.00e0 0.00e0 0.00e0 0.00e0 0.00e0 0.00e0 0.00e0
  0.00e0 0.00e0 0.00e0 13.31e3-6.58e3j 0.00e0 0.00e0 0.00e0 0.00e0]
 [0.00e0 0.00e0 0.00e0 0.00e0 0.00e0 0.00e0 0.00e0 0.00e0 0.00e0 0.00e0
  0.00e0 0.00e0 0.00e0 0.00e0 8.66e3-1.60e3j 0.00e0 0.00e0 0.00e0]
 [0.00e0 0.00e0 0.00e0 0.00e0 0.00e0 0.00e0 0.00e0 0.00e0 0.00e0 0.00e0
  0.00e0 0.00e0 0.00e0 0.00e0 0.00e0 5.99e3-565.13e0j 0.00e0 0.00e0]
 [0.00e0 0.00e0 0.00e0 0.00e0 0.00e0 0.00e0 0.00e0 0.00e0 0.00e0 0.00e0
  0.00e0 0.00e0 0.00e0 0.00e0 0.00e0 0.00e0 4.53e3-258.15e0j 0.00e0]
 [0.00e0 0.00e0 0.00e0 0.00e0 0.00e0 0.00e0 0.00e0 0.00e0 0.00e0 0.00e0
  0.00e0 0.00e0 0.00e0 0.00e0 0.00e0 0.00e0 0.00e0 3.64e3-138.40e0j]] 


ELEMENTS OF GREENS SUB-MATRICES...............................

 1st Case: Self-Terms (p = q = 0)
  Matrix G_(n' =n, 0)^(p,p): -0.7329355988794277
  Matrix G_(n' =n, n)^(p,p): -0.07957747154594767
  Matrix G_(n'!=n, n)^(p,p): 0

 2nd Case: Mutual-Terms (p != q)
  1st Sub-Case: Central Column [n=0] of G_(n'n)^(p,q)
  Matrix G_( n' =n, 0)^(p,q): -0.5871033995923655
  Matrix G_(-n'!=n, 0)^(p,q): (-0.03183098861837907+0j)
  Matrix G_(+n'!=n, 0)^(p,q): (-0.03183098861837907+0j)

GREEN SUB-MATRIX, G_(n',n)^(0, 0).......................................
 [[-0.01989437+0.j  0.        +0.j  0.        +0.j  0.        +0.j
   0.        +0.j  0.        +0.j  0.        +0.j  0.        +0.j
   0.        +0.j]
 [ 0.        +0.j -0.02652582+0.j  0.        +0.j  0.        +0.j
   0.        +0.j  0.        +0.j  0.        +0.j  0.        +0.j
   0.        +0.j]
 [ 0.        +0.j  0.        +0.j -0.03978874+0.j  0.        +0.j
   0.        +0.j  0.        +0.j  0.        +0.j  0.        +0.j
   0.        +0.j]
 [ 0.        +0.j  0.        +0.j  0.        +0.j -0.07957747+0.j
   0.        +0.j  0.        +0.j  0.        +0.j  0.        +0.j
   0.        +0.j]
 [ 0.        +0.j  0.        +0.j  0.        +0.j  0.        +0.j
  -0.7329356 +0.j  0.        +0.j  0.        +0.j  0.        +0.j
   0.        +0.j]
 [ 0.        +0.j  0.        +0.j  0.        +0.j  0.        +0.j
   0.        +0.j -0.07957747+0.j  0.        +0.j  0.        +0.j
   0.        +0.j]
 [ 0.        +0.j  0.        +0.j  0.        +0.j  0.        +0.j
   0.        +0.j  0.        +0.j -0.03978874+0.j  0.        +0.j
   0.        +0.j]
 [ 0.        +0.j  0.        +0.j  0.        +0.j  0.        +0.j
   0.        +0.j  0.        +0.j  0.        +0.j -0.02652582+0.j
   0.        +0.j]
 [ 0.        +0.j  0.        +0.j  0.        +0.j  0.        +0.j
   0.        +0.j  0.        +0.j  0.        +0.j  0.        +0.j
  -0.01989437+0.j]] 

GREEN SUB-MATRIX, G_(n',n)^(0, 1).......................................
 [[ 0.00000000e+00+0.j  0.00000000e+00+0.j  0.00000000e+00+0.j
   0.00000000e+00+0.j -5.09295818e-04+0.j  8.14873309e-04-0.j
  -8.14873309e-04+0.j  6.51898647e-04-0.j -4.56329053e-04+0.j]
 [ 0.00000000e+00+0.j  0.00000000e+00+0.j  0.00000000e+00+0.j
   0.00000000e+00+0.j -1.69765273e-03+0.j  2.03718327e-03+0.j
  -1.62974662e-03+0.j  1.08649774e-03+0.j -6.51898647e-04+0.j]
 [ 0.00000000e+00+0.j  0.00000000e+00+0.j  0.00000000e+00+0.j
   0.00000000e+00+0.j -6.36619772e-03+0.j  5.09295818e-03-0.j
  -3.05577491e-03+0.j  1.62974662e-03-0.j -8.14873309e-04+0.j]
 [ 0.00000000e+00+0.j  0.00000000e+00+0.j  0.00000000e+00+0.j
   0.00000000e+00+0.j -3.18309886e-02+0.j  1.27323954e-02+0.j
  -5.09295818e-03+0.j  2.03718327e-03+0.j -8.14873309e-04+0.j]
 [-5.09295818e-04-0.j  1.69765273e-03+0.j -6.36619772e-03-0.j
   3.18309886e-02+0.j -5.87103400e-01+0.j  3.18309886e-02-0.j
  -6.36619772e-03+0.j  1.69765273e-03-0.j -5.09295818e-04+0.j]
 [-8.14873309e-04-0.j  2.03718327e-03-0.j -5.09295818e-03-0.j
   1.27323954e-02-0.j -3.18309886e-02+0.j  0.00000000e+00+0.j
   0.00000000e+00+0.j  0.00000000e+00+0.j  0.00000000e+00+0.j]
 [-8.14873309e-04-0.j  1.62974662e-03+0.j -3.05577491e-03-0.j
   5.09295818e-03+0.j -6.36619772e-03+0.j  0.00000000e+00+0.j
   0.00000000e+00+0.j  0.00000000e+00+0.j  0.00000000e+00+0.j]
 [-6.51898647e-04-0.j  1.08649774e-03-0.j -1.62974662e-03-0.j
   2.03718327e-03-0.j -1.69765273e-03+0.j  0.00000000e+00+0.j
   0.00000000e+00+0.j  0.00000000e+00+0.j  0.00000000e+00+0.j]
 [-4.56329053e-04-0.j  6.51898647e-04+0.j -8.14873309e-04-0.j
   8.14873309e-04+0.j -5.09295818e-04+0.j  0.00000000e+00+0.j
   0.00000000e+00+0.j  0.00000000e+00+0.j  0.00000000e+00+0.j]] 

GREEN SUB-MATRIX, G_(n',n)^(1, 0).......................................
 [[ 0.00000000e+00+0.j  0.00000000e+00+0.j  0.00000000e+00+0.j
   0.00000000e+00+0.j -5.09295818e-04+0.j -8.14873309e-04+0.j
  -8.14873309e-04+0.j -6.51898647e-04+0.j -4.56329053e-04+0.j]
 [ 0.00000000e+00+0.j  0.00000000e+00+0.j  0.00000000e+00+0.j
   0.00000000e+00+0.j  1.69765273e-03+0.j  2.03718327e-03+0.j
   1.62974662e-03+0.j  1.08649774e-03+0.j  6.51898647e-04+0.j]
 [ 0.00000000e+00+0.j  0.00000000e+00+0.j  0.00000000e+00+0.j
   0.00000000e+00+0.j -6.36619772e-03+0.j -5.09295818e-03+0.j
  -3.05577491e-03+0.j -1.62974662e-03+0.j -8.14873309e-04+0.j]
 [ 0.00000000e+00+0.j  0.00000000e+00+0.j  0.00000000e+00+0.j
   0.00000000e+00+0.j  3.18309886e-02+0.j  1.27323954e-02+0.j
   5.09295818e-03+0.j  2.03718327e-03+0.j  8.14873309e-04+0.j]
 [-5.09295818e-04-0.j -1.69765273e-03-0.j -6.36619772e-03-0.j
  -3.18309886e-02-0.j -5.87103400e-01+0.j -3.18309886e-02+0.j
  -6.36619772e-03+0.j -1.69765273e-03+0.j -5.09295818e-04+0.j]
 [ 8.14873309e-04-0.j  2.03718327e-03-0.j  5.09295818e-03-0.j
   1.27323954e-02-0.j  3.18309886e-02-0.j  0.00000000e+00+0.j
   0.00000000e+00+0.j  0.00000000e+00+0.j  0.00000000e+00+0.j]
 [-8.14873309e-04-0.j -1.62974662e-03-0.j -3.05577491e-03-0.j
  -5.09295818e-03-0.j -6.36619772e-03+0.j  0.00000000e+00+0.j
   0.00000000e+00+0.j  0.00000000e+00+0.j  0.00000000e+00+0.j]
 [ 6.51898647e-04-0.j  1.08649774e-03-0.j  1.62974662e-03-0.j
   2.03718327e-03-0.j  1.69765273e-03-0.j  0.00000000e+00+0.j
   0.00000000e+00+0.j  0.00000000e+00+0.j  0.00000000e+00+0.j]
 [-4.56329053e-04-0.j -6.51898647e-04-0.j -8.14873309e-04-0.j
  -8.14873309e-04-0.j -5.09295818e-04+0.j  0.00000000e+00+0.j
   0.00000000e+00+0.j  0.00000000e+00+0.j  0.00000000e+00+0.j]] 

GREEN SUB-MATRIX, G_(n',n)^(1, 1).......................................
 [[-0.01989437+0.j  0.        +0.j  0.        +0.j  0.        +0.j
   0.        +0.j  0.        +0.j  0.        +0.j  0.        +0.j
   0.        +0.j]
 [ 0.        +0.j -0.02652582+0.j  0.        +0.j  0.        +0.j
   0.        +0.j  0.        +0.j  0.        +0.j  0.        +0.j
   0.        +0.j]
 [ 0.        +0.j  0.        +0.j -0.03978874+0.j  0.        +0.j
   0.        +0.j  0.        +0.j  0.        +0.j  0.        +0.j
   0.        +0.j]
 [ 0.        +0.j  0.        +0.j  0.        +0.j -0.07957747+0.j
   0.        +0.j  0.        +0.j  0.        +0.j  0.        +0.j
   0.        +0.j]
 [ 0.        +0.j  0.        +0.j  0.        +0.j  0.        +0.j
  -0.7329356 +0.j  0.        +0.j  0.        +0.j  0.        +0.j
   0.        +0.j]
 [ 0.        +0.j  0.        +0.j  0.        +0.j  0.        +0.j
   0.        +0.j -0.07957747+0.j  0.        +0.j  0.        +0.j
   0.        +0.j]
 [ 0.        +0.j  0.        +0.j  0.        +0.j  0.        +0.j
   0.        +0.j  0.        +0.j -0.03978874+0.j  0.        +0.j
   0.        +0.j]
 [ 0.        +0.j  0.        +0.j  0.        +0.j  0.        +0.j
   0.        +0.j  0.        +0.j  0.        +0.j -0.02652582+0.j
   0.        +0.j]
 [ 0.        +0.j  0.        +0.j  0.        +0.j  0.        +0.j
   0.        +0.j  0.        +0.j  0.        +0.j  0.        +0.j
  -0.01989437+0.j]] 


FULL GREEN MATRIX, G .................................................
 [[-1.98943679e-02+0.00000000e+00j  0.00000000e+00+0.00000000e+00j
   0.00000000e+00+0.00000000e+00j  0.00000000e+00+0.00000000e+00j
   0.00000000e+00+0.00000000e+00j  0.00000000e+00+0.00000000e+00j
   0.00000000e+00+0.00000000e+00j  0.00000000e+00+0.00000000e+00j
   0.00000000e+00+0.00000000e+00j  0.00000000e+00+0.00000000e+00j
   0.00000000e+00+0.00000000e+00j  0.00000000e+00+0.00000000e+00j
   0.00000000e+00+0.00000000e+00j -5.09295818e-04+2.49482997e-19j
   8.14873309e-04+0.00000000e+00j -8.14873309e-04+0.00000000e+00j
   6.51898647e-04+0.00000000e+00j -4.56329053e-04+0.00000000e+00j]
 [ 0.00000000e+00+0.00000000e+00j -2.65258238e-02+0.00000000e+00j
   0.00000000e+00+0.00000000e+00j  0.00000000e+00+0.00000000e+00j
   0.00000000e+00+0.00000000e+00j  0.00000000e+00+0.00000000e+00j
   0.00000000e+00+0.00000000e+00j  0.00000000e+00+0.00000000e+00j
   0.00000000e+00+0.00000000e+00j  0.00000000e+00+0.00000000e+00j
   0.00000000e+00+0.00000000e+00j  0.00000000e+00+0.00000000e+00j
   0.00000000e+00+0.00000000e+00j -1.69765273e-03+6.23707493e-19j
   2.03718327e-03+0.00000000e+00j -1.62974662e-03-0.00000000e+00j
   1.08649774e-03+0.00000000e+00j -6.51898647e-04-0.00000000e+00j]
 [ 0.00000000e+00+0.00000000e+00j  0.00000000e+00+0.00000000e+00j
  -3.97887358e-02+0.00000000e+00j  0.00000000e+00+0.00000000e+00j
   0.00000000e+00+0.00000000e+00j  0.00000000e+00+0.00000000e+00j
   0.00000000e+00+0.00000000e+00j  0.00000000e+00+0.00000000e+00j
   0.00000000e+00+0.00000000e+00j  0.00000000e+00+0.00000000e+00j
   0.00000000e+00+0.00000000e+00j  0.00000000e+00+0.00000000e+00j
   0.00000000e+00+0.00000000e+00j -6.36619772e-03+1.55926873e-18j
   5.09295818e-03+0.00000000e+00j -3.05577491e-03+0.00000000e+00j
   1.62974662e-03+0.00000000e+00j -8.14873309e-04+0.00000000e+00j]
 [ 0.00000000e+00+0.00000000e+00j  0.00000000e+00+0.00000000e+00j
   0.00000000e+00+0.00000000e+00j -7.95774715e-02+0.00000000e+00j
   0.00000000e+00+0.00000000e+00j  0.00000000e+00+0.00000000e+00j
   0.00000000e+00+0.00000000e+00j  0.00000000e+00+0.00000000e+00j
   0.00000000e+00+0.00000000e+00j  0.00000000e+00+0.00000000e+00j
   0.00000000e+00+0.00000000e+00j  0.00000000e+00+0.00000000e+00j
   0.00000000e+00+0.00000000e+00j -3.18309886e-02+3.89817183e-18j
   1.27323954e-02+0.00000000e+00j -5.09295818e-03-0.00000000e+00j
   2.03718327e-03+0.00000000e+00j -8.14873309e-04-0.00000000e+00j]
 [ 0.00000000e+00+0.00000000e+00j  0.00000000e+00+0.00000000e+00j
   0.00000000e+00+0.00000000e+00j  0.00000000e+00+0.00000000e+00j
  -7.32935599e-01+0.00000000e+00j  0.00000000e+00+0.00000000e+00j
   0.00000000e+00+0.00000000e+00j  0.00000000e+00+0.00000000e+00j
   0.00000000e+00+0.00000000e+00j -5.09295818e-04-0.00000000e+00j
   1.69765273e-03-0.00000000e+00j -6.36619772e-03-0.00000000e+00j
   3.18309886e-02-0.00000000e+00j -5.87103400e-01+0.00000000e+00j
   3.18309886e-02+0.00000000e+00j -6.36619772e-03+0.00000000e+00j
   1.69765273e-03+0.00000000e+00j -5.09295818e-04+0.00000000e+00j]
 [ 0.00000000e+00+0.00000000e+00j  0.00000000e+00+0.00000000e+00j
   0.00000000e+00+0.00000000e+00j  0.00000000e+00+0.00000000e+00j
   0.00000000e+00+0.00000000e+00j -7.95774715e-02+0.00000000e+00j
   0.00000000e+00+0.00000000e+00j  0.00000000e+00+0.00000000e+00j
   0.00000000e+00+0.00000000e+00j -8.14873309e-04+0.00000000e+00j
   2.03718327e-03-0.00000000e+00j -5.09295818e-03+0.00000000e+00j
   1.27323954e-02-0.00000000e+00j -3.18309886e-02-3.89817183e-18j
   0.00000000e+00+0.00000000e+00j  0.00000000e+00+0.00000000e+00j
   0.00000000e+00+0.00000000e+00j  0.00000000e+00+0.00000000e+00j]
 [ 0.00000000e+00+0.00000000e+00j  0.00000000e+00+0.00000000e+00j
   0.00000000e+00+0.00000000e+00j  0.00000000e+00+0.00000000e+00j
   0.00000000e+00+0.00000000e+00j  0.00000000e+00+0.00000000e+00j
  -3.97887358e-02+0.00000000e+00j  0.00000000e+00+0.00000000e+00j
   0.00000000e+00+0.00000000e+00j -8.14873309e-04-0.00000000e+00j
   1.62974662e-03-0.00000000e+00j -3.05577491e-03-0.00000000e+00j
   5.09295818e-03-0.00000000e+00j -6.36619772e-03-1.55926873e-18j
   0.00000000e+00+0.00000000e+00j  0.00000000e+00+0.00000000e+00j
   0.00000000e+00+0.00000000e+00j  0.00000000e+00+0.00000000e+00j]
 [ 0.00000000e+00+0.00000000e+00j  0.00000000e+00+0.00000000e+00j
   0.00000000e+00+0.00000000e+00j  0.00000000e+00+0.00000000e+00j
   0.00000000e+00+0.00000000e+00j  0.00000000e+00+0.00000000e+00j
   0.00000000e+00+0.00000000e+00j -2.65258238e-02+0.00000000e+00j
   0.00000000e+00+0.00000000e+00j -6.51898647e-04+0.00000000e+00j
   1.08649774e-03-0.00000000e+00j -1.62974662e-03+0.00000000e+00j
   2.03718327e-03-0.00000000e+00j -1.69765273e-03-6.23707493e-19j
   0.00000000e+00+0.00000000e+00j  0.00000000e+00+0.00000000e+00j
   0.00000000e+00+0.00000000e+00j  0.00000000e+00+0.00000000e+00j]
 [ 0.00000000e+00+0.00000000e+00j  0.00000000e+00+0.00000000e+00j
   0.00000000e+00+0.00000000e+00j  0.00000000e+00+0.00000000e+00j
   0.00000000e+00+0.00000000e+00j  0.00000000e+00+0.00000000e+00j
   0.00000000e+00+0.00000000e+00j  0.00000000e+00+0.00000000e+00j
  -1.98943679e-02+0.00000000e+00j -4.56329053e-04-0.00000000e+00j
   6.51898647e-04-0.00000000e+00j -8.14873309e-04-0.00000000e+00j
   8.14873309e-04-0.00000000e+00j -5.09295818e-04-2.49482997e-19j
   0.00000000e+00+0.00000000e+00j  0.00000000e+00+0.00000000e+00j
   0.00000000e+00+0.00000000e+00j  0.00000000e+00+0.00000000e+00j]
 [ 0.00000000e+00+0.00000000e+00j  0.00000000e+00+0.00000000e+00j
   0.00000000e+00+0.00000000e+00j  0.00000000e+00+0.00000000e+00j
  -5.09295818e-04+0.00000000e+00j -8.14873309e-04+0.00000000e+00j
  -8.14873309e-04+0.00000000e+00j -6.51898647e-04+0.00000000e+00j
  -4.56329053e-04+0.00000000e+00j -1.98943679e-02+0.00000000e+00j
   0.00000000e+00+0.00000000e+00j  0.00000000e+00+0.00000000e+00j
   0.00000000e+00+0.00000000e+00j  0.00000000e+00+0.00000000e+00j
   0.00000000e+00+0.00000000e+00j  0.00000000e+00+0.00000000e+00j
   0.00000000e+00+0.00000000e+00j  0.00000000e+00+0.00000000e+00j]
 [ 0.00000000e+00+0.00000000e+00j  0.00000000e+00+0.00000000e+00j
   0.00000000e+00+0.00000000e+00j  0.00000000e+00+0.00000000e+00j
   1.69765273e-03-0.00000000e+00j  2.03718327e-03+0.00000000e+00j
   1.62974662e-03+0.00000000e+00j  1.08649774e-03+0.00000000e+00j
   6.51898647e-04+0.00000000e+00j  0.00000000e+00+0.00000000e+00j
  -2.65258238e-02+0.00000000e+00j  0.00000000e+00+0.00000000e+00j
   0.00000000e+00+0.00000000e+00j  0.00000000e+00+0.00000000e+00j
   0.00000000e+00+0.00000000e+00j  0.00000000e+00+0.00000000e+00j
   0.00000000e+00+0.00000000e+00j  0.00000000e+00+0.00000000e+00j]
 [ 0.00000000e+00+0.00000000e+00j  0.00000000e+00+0.00000000e+00j
   0.00000000e+00+0.00000000e+00j  0.00000000e+00+0.00000000e+00j
  -6.36619772e-03+0.00000000e+00j -5.09295818e-03+0.00000000e+00j
  -3.05577491e-03+0.00000000e+00j -1.62974662e-03+0.00000000e+00j
  -8.14873309e-04+0.00000000e+00j  0.00000000e+00+0.00000000e+00j
   0.00000000e+00+0.00000000e+00j -3.97887358e-02+0.00000000e+00j
   0.00000000e+00+0.00000000e+00j  0.00000000e+00+0.00000000e+00j
   0.00000000e+00+0.00000000e+00j  0.00000000e+00+0.00000000e+00j
   0.00000000e+00+0.00000000e+00j  0.00000000e+00+0.00000000e+00j]
 [ 0.00000000e+00+0.00000000e+00j  0.00000000e+00+0.00000000e+00j
   0.00000000e+00+0.00000000e+00j  0.00000000e+00+0.00000000e+00j
   3.18309886e-02-0.00000000e+00j  1.27323954e-02+0.00000000e+00j
   5.09295818e-03+0.00000000e+00j  2.03718327e-03+0.00000000e+00j
   8.14873309e-04+0.00000000e+00j  0.00000000e+00+0.00000000e+00j
   0.00000000e+00+0.00000000e+00j  0.00000000e+00+0.00000000e+00j
  -7.95774715e-02+0.00000000e+00j  0.00000000e+00+0.00000000e+00j
   0.00000000e+00+0.00000000e+00j  0.00000000e+00+0.00000000e+00j
   0.00000000e+00+0.00000000e+00j  0.00000000e+00+0.00000000e+00j]
 [-5.09295818e-04-0.00000000e+00j -1.69765273e-03-0.00000000e+00j
  -6.36619772e-03-0.00000000e+00j -3.18309886e-02-0.00000000e+00j
  -5.87103400e-01+0.00000000e+00j -3.18309886e-02+0.00000000e+00j
  -6.36619772e-03+0.00000000e+00j -1.69765273e-03+0.00000000e+00j
  -5.09295818e-04+0.00000000e+00j  0.00000000e+00+0.00000000e+00j
   0.00000000e+00+0.00000000e+00j  0.00000000e+00+0.00000000e+00j
   0.00000000e+00+0.00000000e+00j -7.32935599e-01+0.00000000e+00j
   0.00000000e+00+0.00000000e+00j  0.00000000e+00+0.00000000e+00j
   0.00000000e+00+0.00000000e+00j  0.00000000e+00+0.00000000e+00j]
 [ 8.14873309e-04-0.00000000e+00j  2.03718327e-03-0.00000000e+00j
   5.09295818e-03-0.00000000e+00j  1.27323954e-02-0.00000000e+00j
   3.18309886e-02-0.00000000e+00j  0.00000000e+00+0.00000000e+00j
   0.00000000e+00+0.00000000e+00j  0.00000000e+00+0.00000000e+00j
   0.00000000e+00+0.00000000e+00j  0.00000000e+00+0.00000000e+00j
   0.00000000e+00+0.00000000e+00j  0.00000000e+00+0.00000000e+00j
   0.00000000e+00+0.00000000e+00j  0.00000000e+00+0.00000000e+00j
  -7.95774715e-02+0.00000000e+00j  0.00000000e+00+0.00000000e+00j
   0.00000000e+00+0.00000000e+00j  0.00000000e+00+0.00000000e+00j]
 [-8.14873309e-04-0.00000000e+00j -1.62974662e-03-0.00000000e+00j
  -3.05577491e-03-0.00000000e+00j -5.09295818e-03-0.00000000e+00j
  -6.36619772e-03+0.00000000e+00j  0.00000000e+00+0.00000000e+00j
   0.00000000e+00+0.00000000e+00j  0.00000000e+00+0.00000000e+00j
   0.00000000e+00+0.00000000e+00j  0.00000000e+00+0.00000000e+00j
   0.00000000e+00+0.00000000e+00j  0.00000000e+00+0.00000000e+00j
   0.00000000e+00+0.00000000e+00j  0.00000000e+00+0.00000000e+00j
   0.00000000e+00+0.00000000e+00j -3.97887358e-02+0.00000000e+00j
   0.00000000e+00+0.00000000e+00j  0.00000000e+00+0.00000000e+00j]
 [ 6.51898647e-04-0.00000000e+00j  1.08649774e-03-0.00000000e+00j
   1.62974662e-03-0.00000000e+00j  2.03718327e-03-0.00000000e+00j
   1.69765273e-03-0.00000000e+00j  0.00000000e+00+0.00000000e+00j
   0.00000000e+00+0.00000000e+00j  0.00000000e+00+0.00000000e+00j
   0.00000000e+00+0.00000000e+00j  0.00000000e+00+0.00000000e+00j
   0.00000000e+00+0.00000000e+00j  0.00000000e+00+0.00000000e+00j
   0.00000000e+00+0.00000000e+00j  0.00000000e+00+0.00000000e+00j
   0.00000000e+00+0.00000000e+00j  0.00000000e+00+0.00000000e+00j
  -2.65258238e-02+0.00000000e+00j  0.00000000e+00+0.00000000e+00j]
 [-4.56329053e-04-0.00000000e+00j -6.51898647e-04-0.00000000e+00j
  -8.14873309e-04-0.00000000e+00j -8.14873309e-04-0.00000000e+00j
  -5.09295818e-04+0.00000000e+00j  0.00000000e+00+0.00000000e+00j
   0.00000000e+00+0.00000000e+00j  0.00000000e+00+0.00000000e+00j
   0.00000000e+00+0.00000000e+00j  0.00000000e+00+0.00000000e+00j
   0.00000000e+00+0.00000000e+00j  0.00000000e+00+0.00000000e+00j
   0.00000000e+00+0.00000000e+00j  0.00000000e+00+0.00000000e+00j
   0.00000000e+00+0.00000000e+00j  0.00000000e+00+0.00000000e+00j
   0.00000000e+00+0.00000000e+00j -1.98943679e-02+0.00000000e+00j]] 


MATRIX IMPEDANCE, Z............................................
 [[0.00013733+0.00027959j]]

