Total Number of Conductors (N+1)= 3
Line Length= 2.54000E-01
NDeltaZ=    2
NDeltaT=   60
DeltaZ= 1.27000E-01
DeltaT= 5.00000E-10
Final Solution Time= 3.00000E-08
Print Interval=   1
Conductor Having Source Voltage, VS(t), (at near end)= 2
Conductor Having Load Voltage, VL(t), (at far end)= 2
Output Conductor= 1

Reference Conductor dc Resistance= 1.29100E+00
Reference Conductor Break Frequency= 1.42180E+07

I        RDC        BREAK FREQUENCY
 1   1.29100E+00      1.42180E+07
 2   1.29100E+00      1.42180E+07


RS( 1, 1)= 5.00000E+01     RL( 1, 1)= 5.00000E+01
RS( 1, 2)= 0.00000E+00     RL( 1, 2)= 0.00000E+00
RS( 2, 2)= 5.00000E+01     RL( 2, 2)= 5.00000E+01

L( 1, 1)= 1.11170E-06
L( 1, 2)= 6.93901E-07
L( 2, 2)= 1.38780E-06
C( 1, 1)= 4.03439E-11
C( 1, 2)=-2.01719E-11
C( 2, 2)= 2.95910E-11

          VS(t),VL(t) Specification
 NO.        TIME              VS              VL
  1      0.00000E+00      0.00000E+00      0.00000E+00
  2      6.25000E-09      1.00000E+00      0.00000E+00
  3      1.00000E-07      1.00000E+00      0.00000E+00

    TIME             VNE             VFE             VS             VL
 0.00000E+00     0.00000E+00     0.00000E+00     0.00000E+00     0.00000E+00
 5.00000E-10     1.01706E-02     0.00000E+00     8.00000E-02     0.00000E+00
 1.00000E-09     1.56423E-02     0.00000E+00     1.60000E-01     0.00000E+00
 1.50000E-09     2.49003E-02    -1.89345E-03     2.40000E-01     0.00000E+00
 2.00000E-09     3.52620E-02    -9.00909E-03     3.20000E-01     0.00000E+00
 2.50000E-09     4.09259E-02    -1.89644E-02     4.00000E-01     0.00000E+00
 3.00000E-09     4.94219E-02    -2.90584E-02     4.80000E-01     0.00000E+00
 3.50000E-09     5.64399E-02    -3.81271E-02     5.60000E-01     0.00000E+00
 4.00000E-09     6.54751E-02    -4.60643E-02     6.40000E-01     0.00000E+00
 4.50000E-09     7.29681E-02    -5.33029E-02     7.20000E-01     0.00000E+00
 5.00000E-09     8.11413E-02    -5.97859E-02     8.00000E-01     0.00000E+00
 5.50000E-09     8.77049E-02    -6.60440E-02     8.80000E-01     0.00000E+00
 6.00000E-09     9.38405E-02    -7.22593E-02     9.60000E-01     0.00000E+00
 6.50000E-09     9.34078E-02    -7.85017E-02     1.00000E+00     0.00000E+00
 7.00000E-09     9.03732E-02    -8.40117E-02     1.00000E+00     0.00000E+00
 7.50000E-09     8.77077E-02    -8.75176E-02     1.00000E+00     0.00000E+00
 8.00000E-09     8.29059E-02    -8.65537E-02     1.00000E+00     0.00000E+00
 8.50000E-09     7.90631E-02    -8.14968E-02     1.00000E+00     0.00000E+00
 9.00000E-09     7.53079E-02    -7.52408E-02     1.00000E+00     0.00000E+00
 9.50000E-09     7.01020E-02    -6.94905E-02     1.00000E+00     0.00000E+00
 1.00000E-08     6.47744E-02    -6.41821E-02     1.00000E+00     0.00000E+00
 1.05000E-08     5.94604E-02    -5.89726E-02     1.00000E+00     0.00000E+00
 1.10000E-08     5.46085E-02    -5.40400E-02     1.00000E+00     0.00000E+00
 1.15000E-08     4.96058E-02    -4.97610E-02     1.00000E+00     0.00000E+00
 1.20000E-08     4.49985E-02    -4.58854E-02     1.00000E+00     0.00000E+00
 1.25000E-08     4.10645E-02    -4.19363E-02     1.00000E+00     0.00000E+00
 1.30000E-08     3.80240E-02    -3.78248E-02     1.00000E+00     0.00000E+00
 1.35000E-08     3.51572E-02    -3.41174E-02     1.00000E+00     0.00000E+00
 1.40000E-08     3.20571E-02    -3.12709E-02     1.00000E+00     0.00000E+00
 1.45000E-08     2.87746E-02    -2.91203E-02     1.00000E+00     0.00000E+00
 1.50000E-08     2.59858E-02    -2.69998E-02     1.00000E+00     0.00000E+00
 1.55000E-08     2.39729E-02    -2.45427E-02     1.00000E+00     0.00000E+00
 1.60000E-08     2.24681E-02    -2.20088E-02     1.00000E+00     0.00000E+00
 1.65000E-08     2.08465E-02    -1.99604E-02     1.00000E+00     0.00000E+00
 1.70000E-08     1.89155E-02    -1.85745E-02     1.00000E+00     0.00000E+00
 1.75000E-08     1.69838E-02    -1.74954E-02     1.00000E+00     0.00000E+00
 1.80000E-08     1.55196E-02    -1.62373E-02     1.00000E+00     0.00000E+00
 1.85000E-08     1.45687E-02    -1.47184E-02     1.00000E+00     0.00000E+00
 1.90000E-08     1.37806E-02    -1.32720E-02     1.00000E+00     0.00000E+00
 1.95000E-08     1.27854E-02    -1.22405E-02     1.00000E+00     0.00000E+00
 2.00000E-08     1.15998E-02    -1.15916E-02     1.00000E+00     0.00000E+00
 2.05000E-08     1.05296E-02    -1.09978E-02     1.00000E+00     0.00000E+00
 2.10000E-08     9.81575E-03    -1.02045E-02     1.00000E+00     0.00000E+00
 2.15000E-08     9.36894E-03    -9.28407E-03     1.00000E+00     0.00000E+00
 2.20000E-08     8.90998E-03    -8.50391E-03     1.00000E+00     0.00000E+00
 2.25000E-08     8.27357E-03    -8.01594E-03     1.00000E+00     0.00000E+00
 2.30000E-08     7.56563E-03    -7.70424E-03     1.00000E+00     0.00000E+00
 2.35000E-08     7.00427E-03    -7.33989E-03     1.00000E+00     0.00000E+00
 2.40000E-08     6.67502E-03    -6.82920E-03     1.00000E+00     0.00000E+00
 2.45000E-08     6.45174E-03    -6.28953E-03     1.00000E+00     0.00000E+00
 2.50000E-08     6.15685E-03    -5.89168E-03     1.00000E+00     0.00000E+00
 2.55000E-08     5.74773E-03    -5.67115E-03     1.00000E+00     0.00000E+00
 2.60000E-08     5.34085E-03    -5.50592E-03     1.00000E+00     0.00000E+00
 2.65000E-08     5.06294E-03    -5.26348E-03     1.00000E+00     0.00000E+00
 2.70000E-08     4.91573E-03    -4.93744E-03     1.00000E+00     0.00000E+00
 2.75000E-08     4.78837E-03    -4.63409E-03     1.00000E+00     0.00000E+00
 2.80000E-08     4.58740E-03    -4.44298E-03     1.00000E+00     0.00000E+00
 2.85000E-08     4.32923E-03    -4.34397E-03     1.00000E+00     0.00000E+00
 2.90000E-08     4.10592E-03    -4.24181E-03     1.00000E+00     0.00000E+00
 2.95000E-08     3.97637E-03    -4.07456E-03     1.00000E+00     0.00000E+00
 3.00000E-08     3.90840E-03    -3.87181E-03     1.00000E+00     0.00000E+00
