Total Number of Conductors (N+1)= 3
Line Length= 2.00000E+00
NDeltaZ=   20
NDeltaT= 1000
DeltaZ= 1.00000E-01
DeltaT= 1.00000E-10
Final Solution Time= 1.00000E-07
Print Interval=   1
Output Conductor= 1

Line Type(1=no gnd plane,2=gnd plane)=1
THETAE= 9.00000E+01
THETAP= 9.00000E+01
PHIP=-9.00000E+01

X(  1)=-1.27000E-03     Y(  1)= 0.00000E+00
X(  2)= 1.27000E-03     Y(  2)= 0.00000E+00


RS( 1, 1)= 5.00000E+02     RL( 1, 1)= 5.00000E+02
RS( 1, 2)= 0.00000E+00     RL( 1, 2)= 0.00000E+00
RS( 2, 2)= 5.00000E+02     RL( 2, 2)= 5.00000E+02

L( 1, 1)= 7.48501E-07
L( 1, 2)= 2.40801E-07
L( 2, 2)= 7.48501E-07
C( 1, 1)= 2.49819E-11
C( 1, 2)=-6.26613E-12
C( 2, 2)= 2.49819E-11

          E0(t) Specification
 NO.        TIME              E0
  1      0.00000E+00      0.00000E+00
  2      1.00000E-09      1.00000E+00
  3      1.00000E-07      1.00000E+00

    TIME             VNE             VFE             E0(t)
 0.00000E+00     0.00000E+00     0.00000E+00     0.00000E+00
 1.00000E-10     1.19360E-04     0.00000E+00     1.00000E-01
 2.00000E-10     2.25266E-04     0.00000E+00     2.00000E-01
 3.00000E-10     3.21778E-04     0.00000E+00     3.00000E-01
 4.00000E-10     4.13374E-04     0.00000E+00     4.00000E-01
 5.00000E-10     5.04174E-04     0.00000E+00     5.00000E-01
 6.00000E-10     5.97312E-04     0.00000E+00     6.00000E-01
 7.00000E-10     6.94568E-04     0.00000E+00     7.00000E-01
 8.00000E-10     7.96295E-04     0.00000E+00     8.00000E-01
 9.00000E-10     9.01643E-04     0.00000E+00     9.00000E-01
 1.00000E-09     1.00898E-03     0.00000E+00     1.00000E+00
 1.10000E-09     9.97049E-04     0.00000E+00     1.00000E+00
 1.20000E-09     9.97018E-04     0.00000E+00     1.00000E+00
 1.30000E-09     1.00378E-03     0.00000E+00     1.00000E+00
 1.40000E-09     1.01261E-03     0.00000E+00     1.00000E+00
 1.50000E-09     1.01989E-03     0.00000E+00     1.00000E+00
 1.60000E-09     1.02352E-03     0.00000E+00     1.00000E+00
 1.70000E-09     1.02299E-03     0.00000E+00     1.00000E+00
 1.80000E-09     1.01912E-03     0.00000E+00     1.00000E+00
 1.90000E-09     1.01351E-03     0.00000E+00     1.00000E+00
 2.00000E-09     1.00802E-03     0.00000E+00     1.00000E+00
 2.10000E-09     1.00421E-03    -1.40785E-29     1.00000E+00
 2.20000E-09     1.00298E-03    -5.79010E-28     1.00000E+00
 2.30000E-09     1.00439E-03    -1.21288E-26     1.00000E+00
 2.40000E-09     1.00782E-03    -1.72476E-25     1.00000E+00
 2.50000E-09     1.01214E-03    -1.87245E-24     1.00000E+00
 2.60000E-09     1.01609E-03    -1.65474E-23     1.00000E+00
 2.70000E-09     1.01865E-03    -1.23953E-22     1.00000E+00
 2.80000E-09     1.01922E-03    -8.09231E-22     1.00000E+00
 2.90000E-09     1.01782E-03    -4.69869E-21     1.00000E+00
 3.00000E-09     1.01494E-03    -2.46412E-20     1.00000E+00
 3.10000E-09     1.01147E-03    -1.18133E-19     1.00000E+00
 3.20000E-09     1.00835E-03    -5.22796E-19     1.00000E+00
 3.30000E-09     1.00639E-03    -2.15281E-18     1.00000E+00
 3.40000E-09     1.00603E-03    -8.30386E-18     1.00000E+00
 3.50000E-09     1.00727E-03    -3.01717E-17     1.00000E+00
 3.60000E-09     1.00969E-03    -1.03766E-16     1.00000E+00
 3.70000E-09     1.01258E-03    -3.39199E-16     1.00000E+00
 3.80000E-09     1.01517E-03    -1.05772E-15     1.00000E+00
 3.90000E-09     1.01680E-03    -3.15635E-15     1.00000E+00
 4.00000E-09     1.01710E-03    -9.03908E-15     1.00000E+00
 4.10000E-09     1.01606E-03    -2.49042E-14     1.00000E+00
 4.20000E-09     1.01401E-03    -6.61614E-14     1.00000E+00
 4.30000E-09     1.01154E-03    -1.69822E-13     1.00000E+00
 4.40000E-09     1.00931E-03    -4.21915E-13     1.00000E+00
 4.50000E-09     1.00787E-03    -1.01629E-12     1.00000E+00
 4.60000E-09     1.00758E-03    -2.37691E-12     1.00000E+00
 4.70000E-09     1.00844E-03    -5.40516E-12     1.00000E+00
 4.80000E-09     1.01018E-03    -1.19658E-11     1.00000E+00
 4.90000E-09     1.01232E-03    -2.58172E-11     1.00000E+00
 5.00000E-09     1.01430E-03    -5.43457E-11     1.00000E+00
 5.10000E-09     1.01560E-03    -1.11719E-10     1.00000E+00
 5.20000E-09     1.01592E-03    -2.24484E-10     1.00000E+00
 5.30000E-09     1.01523E-03    -4.41258E-10     1.00000E+00
 5.40000E-09     1.01374E-03    -8.49140E-10     1.00000E+00
 5.50000E-09     1.01185E-03    -1.60086E-09     1.00000E+00
 5.60000E-09     1.01008E-03    -2.95866E-09     1.00000E+00
 5.70000E-09     1.00887E-03    -5.36374E-09     1.00000E+00
 5.80000E-09     1.00851E-03    -9.54367E-09     1.00000E+00
 5.90000E-09     1.00906E-03    -1.66750E-08     1.00000E+00
 6.00000E-09     1.01034E-03    -2.86238E-08     1.00000E+00
 6.10000E-09     1.01200E-03    -4.82948E-08     1.00000E+00
 6.20000E-09     1.01361E-03    -8.01247E-08     1.00000E+00
 6.30000E-09     1.01475E-03    -1.30766E-07     1.00000E+00
 6.40000E-09     1.01516E-03    -2.10012E-07     1.00000E+00
 6.50000E-09     1.01474E-03    -3.31957E-07     1.00000E+00
 6.60000E-09     1.01364E-03    -5.16703E-07     1.00000E+00
 6.70000E-09     1.01216E-03     3.34872E-05     1.00000E+00
 6.80000E-09     1.01069E-03     1.48579E-04     1.00000E+00
 6.90000E-09     1.00960E-03     2.51201E-04     1.00000E+00
 7.00000E-09     1.00916E-03     3.45468E-04     1.00000E+00
 7.10000E-09     1.00946E-03     4.35667E-04     1.00000E+00
 7.20000E-09     1.01040E-03     5.25524E-04     1.00000E+00
 7.30000E-09     1.01172E-03     6.17647E-04     1.00000E+00
 7.40000E-09     1.01307E-03     7.13240E-04     1.00000E+00
 7.50000E-09     1.01412E-03     8.12116E-04     1.00000E+00
 7.60000E-09     1.01459E-03     9.12972E-04     1.00000E+00
 7.70000E-09     1.01440E-03     9.79567E-04     1.00000E+00
 7.80000E-09     1.01360E-03     9.62866E-04     1.00000E+00
 7.90000E-09     1.01242E-03     9.54610E-04     1.00000E+00
 8.00000E-09     1.01117E-03     9.49516E-04     1.00000E+00
 8.10000E-09     1.01017E-03     9.42905E-04     1.00000E+00
 8.20000E-09     1.00966E-03     9.31370E-04     1.00000E+00
 8.30000E-09     1.00976E-03     9.13116E-04     1.00000E+00
 8.40000E-09     1.01043E-03     8.87943E-04     1.00000E+00
 8.50000E-09     1.01149E-03     8.56941E-04     1.00000E+00
 8.60000E-09     1.01264E-03     8.21991E-04     1.00000E+00
 8.70000E-09     1.01361E-03     7.85224E-04     1.00000E+00
 8.80000E-09     1.01414E-03     7.48545E-04     1.00000E+00
 8.90000E-09     1.01412E-03     7.13333E-04     1.00000E+00
 9.00000E-09     1.01356E-03     6.80342E-04     1.00000E+00
 9.10000E-09     1.01263E-03     6.49807E-04     1.00000E+00
 9.20000E-09     1.01155E-03     6.21673E-04     1.00000E+00
 9.30000E-09     1.01062E-03     5.95883E-04     1.00000E+00
 9.40000E-09     1.01007E-03     5.72618E-04     1.00000E+00
 9.50000E-09     1.01002E-03     5.52426E-04     1.00000E+00
 9.60000E-09     1.01047E-03     5.36203E-04     1.00000E+00
 9.70000E-09     1.01131E-03     5.25035E-04     1.00000E+00
 9.80000E-09     1.01230E-03     5.19928E-04     1.00000E+00
 9.90000E-09     1.01319E-03     5.21525E-04     1.00000E+00
 1.00000E-08     1.01376E-03     5.29849E-04     1.00000E+00
 1.01000E-08     1.01388E-03     5.44167E-04     1.00000E+00
 1.02000E-08     1.01352E-03     5.62998E-04     1.00000E+00
 1.03000E-08     1.01278E-03     5.84261E-04     1.00000E+00
 1.04000E-08     1.01187E-03     6.05560E-04     1.00000E+00
 1.05000E-08     1.01101E-03     6.24525E-04     1.00000E+00
 1.06000E-08     1.01042E-03     6.39146E-04     1.00000E+00
 1.07000E-08     1.01025E-03     6.48058E-04     1.00000E+00
 1.08000E-08     1.01053E-03     6.50694E-04     1.00000E+00
 1.09000E-08     1.01117E-03     6.47318E-04     1.00000E+00
 1.10000E-08     1.01202E-03     6.38917E-04     1.00000E+00
 1.11000E-08     1.01284E-03     6.27001E-04     1.00000E+00
 1.12000E-08     1.01343E-03     6.13347E-04     1.00000E+00
 1.13000E-08     1.01366E-03     5.99737E-04     1.00000E+00
 1.14000E-08     1.01346E-03     5.87733E-04     1.00000E+00
 1.15000E-08     1.01289E-03     5.78518E-04     1.00000E+00
 1.16000E-08     1.01212E-03     5.72819E-04     1.00000E+00
 1.17000E-08     1.01133E-03     5.70893E-04     1.00000E+00
 1.18000E-08     1.01073E-03     5.72580E-04     1.00000E+00
 1.19000E-08     1.01047E-03     5.77373E-04     1.00000E+00
 1.20000E-08     1.01060E-03     5.84513E-04     1.00000E+00
 1.21000E-08     1.01108E-03     5.93073E-04     1.00000E+00
 1.22000E-08     1.01179E-03     6.02046E-04     1.00000E+00
 1.23000E-08     1.01253E-03     6.10421E-04     1.00000E+00
 1.24000E-08     1.01313E-03     6.17260E-04     1.00000E+00
 1.25000E-08     1.01343E-03     6.21784E-04     1.00000E+00
 1.26000E-08     1.01336E-03     6.23458E-04     1.00000E+00
 1.27000E-08     1.01293E-03     6.22072E-04     1.00000E+00
 1.28000E-08     1.01226E-03     6.17792E-04     1.00000E+00
 1.29000E-08     1.01151E-03     6.11178E-04     1.00000E+00
 1.30000E-08     1.01085E-03     6.03143E-04     1.00000E+00
 1.31000E-08     1.01042E-03     5.94847E-04     1.00000E+00
 1.32000E-08     1.01029E-03     5.87540E-04     1.00000E+00
 1.33000E-08     1.01041E-03     5.82368E-04     1.00000E+00
 1.34000E-08     1.01067E-03     5.80175E-04     1.00000E+00
 1.35000E-08     1.01087E-03     5.81343E-04     1.00000E+00
 1.36000E-08     1.01079E-03     5.85704E-04     1.00000E+00
 1.37000E-08     1.01019E-03     5.92540E-04     1.00000E+00
 1.38000E-08     1.00890E-03     6.00689E-04     1.00000E+00
 1.39000E-08     1.00679E-03     6.08744E-04     1.00000E+00
 1.40000E-08     1.00378E-03     6.15297E-04     1.00000E+00
 1.41000E-08     9.99835E-04     6.19198E-04     1.00000E+00
 1.42000E-08     9.94893E-04     6.19774E-04     1.00000E+00
 1.43000E-08     9.88859E-04     6.16957E-04     1.00000E+00
 1.44000E-08     9.81554E-04     6.11305E-04     1.00000E+00
 1.45000E-08     9.72698E-04     6.03896E-04     1.00000E+00
 1.46000E-08     9.61925E-04     5.96126E-04     1.00000E+00
 1.47000E-08     9.48805E-04     5.89440E-04     1.00000E+00
 1.48000E-08     9.32900E-04     5.85060E-04     1.00000E+00
 1.49000E-08     9.13822E-04     5.83748E-04     1.00000E+00
 1.50000E-08     8.91295E-04     5.85671E-04     1.00000E+00
 1.51000E-08     8.65205E-04     5.90376E-04     1.00000E+00
 1.52000E-08     8.35633E-04     5.96886E-04     1.00000E+00
 1.53000E-08     8.02865E-04     6.03908E-04     1.00000E+00
 1.54000E-08     7.67384E-04     6.10083E-04     1.00000E+00
 1.55000E-08     7.29839E-04     6.14260E-04     1.00000E+00
 1.56000E-08     6.91009E-04     6.15708E-04     1.00000E+00
 1.57000E-08     6.51763E-04     6.14251E-04     1.00000E+00
 1.58000E-08     6.13019E-04     6.10280E-04     1.00000E+00
 1.59000E-08     5.75707E-04     6.04664E-04     1.00000E+00
 1.60000E-08     5.40729E-04     5.98555E-04     1.00000E+00
 1.61000E-08     5.08928E-04     5.93158E-04     1.00000E+00
 1.62000E-08     4.81043E-04     5.89492E-04     1.00000E+00
 1.63000E-08     4.57658E-04     5.88193E-04     1.00000E+00
 1.64000E-08     4.39147E-04     5.89409E-04     1.00000E+00
 1.65000E-08     4.25619E-04     5.92789E-04     1.00000E+00
 1.66000E-08     4.16871E-04     5.97576E-04     1.00000E+00
 1.67000E-08     4.12358E-04     6.02770E-04     1.00000E+00
 1.68000E-08     4.11203E-04     6.07339E-04     1.00000E+00
 1.69000E-08     4.12240E-04     6.10420E-04     1.00000E+00
 1.70000E-08     4.14103E-04     6.11482E-04     1.00000E+00
 1.71000E-08     4.15358E-04     6.10416E-04     1.00000E+00
 1.72000E-08     4.14658E-04     6.07533E-04     1.00000E+00
 1.73000E-08     4.10905E-04     6.03483E-04     1.00000E+00
 1.74000E-08     4.03399E-04     5.99115E-04     1.00000E+00
 1.75000E-08     3.91950E-04     5.95297E-04     1.00000E+00
 1.76000E-08     3.76927E-04     5.92748E-04     1.00000E+00
 1.77000E-08     3.59248E-04     5.91904E-04     1.00000E+00
 1.78000E-08     3.40284E-04     5.92848E-04     1.00000E+00
 1.79000E-08     3.21712E-04     5.95311E-04     1.00000E+00
 1.80000E-08     3.05311E-04     5.98739E-04     1.00000E+00
 1.81000E-08     2.92750E-04     6.02421E-04     1.00000E+00
 1.82000E-08     2.85370E-04     6.05626E-04     1.00000E+00
 1.83000E-08     2.84013E-04     6.07750E-04     1.00000E+00
 1.84000E-08     2.88903E-04     6.08430E-04     1.00000E+00
 1.85000E-08     2.99604E-04     6.07594E-04     1.00000E+00
 1.86000E-08     3.15060E-04     6.05471E-04     1.00000E+00
 1.87000E-08     3.33705E-04     6.02528E-04     1.00000E+00
 1.88000E-08     3.53641E-04     5.99373E-04     1.00000E+00
 1.89000E-08     3.72848E-04     5.96629E-04     1.00000E+00
 1.90000E-08     3.89415E-04     5.94816E-04     1.00000E+00
 1.91000E-08     4.01750E-04     5.94255E-04     1.00000E+00
 1.92000E-08     4.08761E-04     5.95010E-04     1.00000E+00
 1.93000E-08     4.09965E-04     5.96890E-04     1.00000E+00
 1.94000E-08     4.05537E-04     5.99490E-04     1.00000E+00
 1.95000E-08     3.96272E-04     6.02275E-04     1.00000E+00
 1.96000E-08     3.83479E-04     6.04693E-04     1.00000E+00
 1.97000E-08     3.68810E-04     6.06275E-04     1.00000E+00
 1.98000E-08     3.54061E-04     6.06731E-04     1.00000E+00
 1.99000E-08     3.40939E-04     6.05995E-04     1.00000E+00
 2.00000E-08     3.30868E-04     6.04239E-04     1.00000E+00
 2.01000E-08     3.24810E-04     6.01834E-04     1.00000E+00
 2.02000E-08     3.23170E-04     5.99267E-04     1.00000E+00
 2.03000E-08     3.25764E-04     5.97053E-04     1.00000E+00
 2.04000E-08     3.31873E-04     5.95625E-04     1.00000E+00
 2.05000E-08     3.40371E-04     5.95247E-04     1.00000E+00
 2.06000E-08     3.49896E-04     5.95970E-04     1.00000E+00
 2.07000E-08     3.59064E-04     5.97613E-04     1.00000E+00
 2.08000E-08     3.66665E-04     5.99807E-04     1.00000E+00
 2.09000E-08     3.71832E-04     6.02063E-04     1.00000E+00
 2.10000E-08     3.74144E-04     6.03873E-04     1.00000E+00
 2.11000E-08     3.73659E-04     6.04810E-04     1.00000E+00
 2.12000E-08     3.70861E-04     6.04612E-04     1.00000E+00
 2.13000E-08     3.66546E-04     6.03231E-04     1.00000E+00
 2.14000E-08     3.61657E-04     6.00836E-04     1.00000E+00
 2.15000E-08     3.57107E-04     5.97775E-04     1.00000E+00
 2.16000E-08     3.53618E-04     5.94491E-04     1.00000E+00
 2.17000E-08     3.51609E-04     5.91422E-04     1.00000E+00
 2.18000E-08     3.51143E-04     5.88897E-04     1.00000E+00
 2.19000E-08     3.51958E-04     5.87054E-04     1.00000E+00
 2.20000E-08     3.53547E-04     5.85796E-04     1.00000E+00
 2.21000E-08     3.55298E-04     5.84796E-04     1.00000E+00
 2.22000E-08     3.56642E-04     5.83548E-04     1.00000E+00
 2.23000E-08     3.57179E-04     5.81458E-04     1.00000E+00
 2.24000E-08     3.56771E-04     5.77954E-04     1.00000E+00
 2.25000E-08     3.55567E-04     5.72588E-04     1.00000E+00
 2.26000E-08     3.53957E-04     5.65119E-04     1.00000E+00
 2.27000E-08     3.52474E-04     5.55541E-04     1.00000E+00
 2.28000E-08     3.51663E-04     5.44078E-04     1.00000E+00
 2.29000E-08     3.51934E-04     5.31115E-04     1.00000E+00
 2.30000E-08     3.53457E-04     5.17103E-04     1.00000E+00
 2.31000E-08     3.56099E-04     5.02461E-04     1.00000E+00
 2.32000E-08     3.59435E-04     4.87476E-04     1.00000E+00
 2.33000E-08     3.62821E-04     4.72247E-04     1.00000E+00
 2.34000E-08     3.65528E-04     4.56680E-04     1.00000E+00
 2.35000E-08     3.66900E-04     4.40527E-04     1.00000E+00
 2.36000E-08     3.66503E-04     4.23473E-04     1.00000E+00
 2.37000E-08     3.64237E-04     4.05243E-04     1.00000E+00
 2.38000E-08     3.60380E-04     3.85718E-04     1.00000E+00
 2.39000E-08     3.55553E-04     3.65007E-04     1.00000E+00
 2.40000E-08     3.50615E-04     3.43492E-04     1.00000E+00
 2.41000E-08     3.46503E-04     3.21801E-04     1.00000E+00
 2.42000E-08     3.44041E-04     3.00737E-04     1.00000E+00
 2.43000E-08     3.43773E-04     2.81157E-04     1.00000E+00
 2.44000E-08     3.45845E-04     2.63844E-04     1.00000E+00
 2.45000E-08     3.49955E-04     2.49378E-04     1.00000E+00
 2.46000E-08     3.55405E-04     2.38053E-04     1.00000E+00
 2.47000E-08     3.61217E-04     2.29838E-04     1.00000E+00
 2.48000E-08     3.66321E-04     2.24404E-04     1.00000E+00
 2.49000E-08     3.69756E-04     2.21198E-04     1.00000E+00
 2.50000E-08     3.70863E-04     2.19552E-04     1.00000E+00
 2.51000E-08     3.69409E-04     2.18809E-04     1.00000E+00
 2.52000E-08     3.65644E-04     2.18422E-04     1.00000E+00
 2.53000E-08     3.60254E-04     2.18023E-04     1.00000E+00
 2.54000E-08     3.54234E-04     2.17439E-04     1.00000E+00
 2.55000E-08     3.48701E-04     2.16662E-04     1.00000E+00
 2.56000E-08     3.44679E-04     2.15780E-04     1.00000E+00
 2.57000E-08     3.42905E-04     2.14889E-04     1.00000E+00
 2.58000E-08     3.43690E-04     2.14022E-04     1.00000E+00
 2.59000E-08     3.46860E-04     2.13099E-04     1.00000E+00
 2.60000E-08     3.51793E-04     2.11926E-04     1.00000E+00
 2.61000E-08     3.57544E-04     2.10239E-04     1.00000E+00
 2.62000E-08     3.63026E-04     2.07785E-04     1.00000E+00
 2.63000E-08     3.67220E-04     2.04413E-04     1.00000E+00
 2.64000E-08     3.69367E-04     2.00167E-04     1.00000E+00
 2.65000E-08     3.69110E-04     1.95330E-04     1.00000E+00
 2.66000E-08     3.66556E-04     1.90429E-04     1.00000E+00
 2.67000E-08     3.62242E-04     1.86171E-04     1.00000E+00
 2.68000E-08     3.57028E-04     1.83334E-04     1.00000E+00
 2.69000E-08     3.51922E-04     1.82625E-04     1.00000E+00
 2.70000E-08     3.47886E-04     1.84535E-04     1.00000E+00
 2.71000E-08     3.45649E-04     1.89218E-04     1.00000E+00
 2.72000E-08     3.45577E-04     1.96431E-04     1.00000E+00
 2.73000E-08     3.47611E-04     2.05538E-04     1.00000E+00
 2.74000E-08     3.51289E-04     2.15586E-04     1.00000E+00
 2.75000E-08     3.55852E-04     2.25442E-04     1.00000E+00
 2.76000E-08     3.60392E-04     2.33967E-04     1.00000E+00
 2.77000E-08     3.64042E-04     2.40184E-04     1.00000E+00
 2.78000E-08     3.66134E-04     2.43427E-04     1.00000E+00
 2.79000E-08     3.66325E-04     2.43427E-04     1.00000E+00
 2.80000E-08     3.64655E-04     2.40333E-04     1.00000E+00
 2.81000E-08     3.61518E-04     2.34667E-04     1.00000E+00
 2.82000E-08     3.57579E-04     2.27219E-04     1.00000E+00
 2.83000E-08     3.53626E-04     2.18908E-04     1.00000E+00
 2.84000E-08     3.50418E-04     2.10649E-04     1.00000E+00
 2.85000E-08     3.48528E-04     2.03229E-04     1.00000E+00
 2.86000E-08     3.48246E-04     1.97230E-04     1.00000E+00
 2.87000E-08     3.49523E-04     1.93002E-04     1.00000E+00
 2.88000E-08     3.52003E-04     1.90673E-04     1.00000E+00
 2.89000E-08     3.55099E-04     1.90195E-04     1.00000E+00
 2.90000E-08     3.58120E-04     1.91406E-04     1.00000E+00
 2.91000E-08     3.60411E-04     1.94080E-04     1.00000E+00
 2.92000E-08     3.61481E-04     1.97963E-04     1.00000E+00
 2.93000E-08     3.61089E-04     2.02784E-04     1.00000E+00
 2.94000E-08     3.59278E-04     2.08240E-04     1.00000E+00
 2.95000E-08     3.56347E-04     2.13978E-04     1.00000E+00
 2.96000E-08     3.52777E-04     2.19579E-04     1.00000E+00
 2.97000E-08     3.49115E-04     2.24560E-04     1.00000E+00
 2.98000E-08     3.45858E-04     2.28408E-04     1.00000E+00
 2.99000E-08     3.43345E-04     2.30641E-04     1.00000E+00
 3.00000E-08     3.41690E-04     2.30892E-04     1.00000E+00
 3.01000E-08     3.40763E-04     2.28993E-04     1.00000E+00
 3.02000E-08     3.40223E-04     2.25043E-04     1.00000E+00
 3.03000E-08     3.39592E-04     2.19436E-04     1.00000E+00
 3.04000E-08     3.38354E-04     2.12837E-04     1.00000E+00
 3.05000E-08     3.36056E-04     2.06107E-04     1.00000E+00
 3.06000E-08     3.32392E-04     2.00174E-04     1.00000E+00
 3.07000E-08     3.27254E-04     1.95890E-04     1.00000E+00
 3.08000E-08     3.20733E-04     1.93878E-04     1.00000E+00
 3.09000E-08     3.13086E-04     1.94419E-04     1.00000E+00
 3.10000E-08     3.04666E-04     1.97396E-04     1.00000E+00
 3.11000E-08     2.95838E-04     2.02304E-04     1.00000E+00
 3.12000E-08     2.86901E-04     2.08334E-04     1.00000E+00
 3.13000E-08     2.78029E-04     2.14512E-04     1.00000E+00
 3.14000E-08     2.69246E-04     2.19869E-04     1.00000E+00
 3.15000E-08     2.60443E-04     2.23612E-04     1.00000E+00
 3.16000E-08     2.51419E-04     2.25253E-04     1.00000E+00
 3.17000E-08     2.41949E-04     2.24685E-04     1.00000E+00
 3.18000E-08     2.31857E-04     2.22182E-04     1.00000E+00
 3.19000E-08     2.21078E-04     2.18329E-04     1.00000E+00
 3.20000E-08     2.09685E-04     2.13897E-04     1.00000E+00
 3.21000E-08     1.97901E-04     2.09689E-04     1.00000E+00
 3.22000E-08     1.86062E-04     2.06388E-04     1.00000E+00
 3.23000E-08     1.74567E-04     2.04445E-04     1.00000E+00
 3.24000E-08     1.63808E-04     2.04012E-04     1.00000E+00
 3.25000E-08     1.54112E-04     2.04945E-04     1.00000E+00
 3.26000E-08     1.45690E-04     2.06863E-04     1.00000E+00
 3.27000E-08     1.38621E-04     2.09251E-04     1.00000E+00
 3.28000E-08     1.32859E-04     2.11578E-04     1.00000E+00
 3.29000E-08     1.28264E-04     2.13409E-04     1.00000E+00
 3.30000E-08     1.24656E-04     2.14482E-04     1.00000E+00
 3.31000E-08     1.21860E-04     2.14741E-04     1.00000E+00
 3.32000E-08     1.19745E-04     2.14318E-04     1.00000E+00
 3.33000E-08     1.18246E-04     2.13480E-04     1.00000E+00
 3.34000E-08     1.17357E-04     2.12541E-04     1.00000E+00
 3.35000E-08     1.17108E-04     2.11786E-04     1.00000E+00
 3.36000E-08     1.17517E-04     2.11397E-04     1.00000E+00
 3.37000E-08     1.18559E-04     2.11424E-04     1.00000E+00
 3.38000E-08     1.20125E-04     2.11784E-04     1.00000E+00
 3.39000E-08     1.22019E-04     2.12301E-04     1.00000E+00
 3.40000E-08     1.23966E-04     2.12758E-04     1.00000E+00
 3.41000E-08     1.25657E-04     2.12968E-04     1.00000E+00
 3.42000E-08     1.26796E-04     2.12822E-04     1.00000E+00
 3.43000E-08     1.27159E-04     2.12318E-04     1.00000E+00
 3.44000E-08     1.26646E-04     2.11560E-04     1.00000E+00
 3.45000E-08     1.25300E-04     2.10731E-04     1.00000E+00
 3.46000E-08     1.23313E-04     2.10037E-04     1.00000E+00
 3.47000E-08     1.20987E-04     2.09657E-04     1.00000E+00
 3.48000E-08     1.18687E-04     2.09695E-04     1.00000E+00
 3.49000E-08     1.16773E-04     2.10153E-04     1.00000E+00
 3.50000E-08     1.15533E-04     2.10934E-04     1.00000E+00
 3.51000E-08     1.15142E-04     2.11864E-04     1.00000E+00
 3.52000E-08     1.15636E-04     2.12742E-04     1.00000E+00
 3.53000E-08     1.16921E-04     2.13384E-04     1.00000E+00
 3.54000E-08     1.18805E-04     2.13671E-04     1.00000E+00
 3.55000E-08     1.21050E-04     2.13573E-04     1.00000E+00
 3.56000E-08     1.23422E-04     2.13149E-04     1.00000E+00
 3.57000E-08     1.25742E-04     2.12529E-04     1.00000E+00
 3.58000E-08     1.27903E-04     2.11876E-04     1.00000E+00
 3.59000E-08     1.29875E-04     2.11335E-04     1.00000E+00
 3.60000E-08     1.31678E-04     2.11006E-04     1.00000E+00
 3.61000E-08     1.33342E-04     2.10911E-04     1.00000E+00
 3.62000E-08     1.34862E-04     2.10999E-04     1.00000E+00
 3.63000E-08     1.36171E-04     2.11168E-04     1.00000E+00
 3.64000E-08     1.37120E-04     2.11294E-04     1.00000E+00
 3.65000E-08     1.37500E-04     2.11279E-04     1.00000E+00
 3.66000E-08     1.37081E-04     2.11077E-04     1.00000E+00
 3.67000E-08     1.35674E-04     2.10713E-04     1.00000E+00
 3.68000E-08     1.33193E-04     2.10277E-04     1.00000E+00
 3.69000E-08     1.29707E-04     2.09895E-04     1.00000E+00
 3.70000E-08     1.25465E-04     2.09692E-04     1.00000E+00
 3.71000E-08     1.20884E-04     2.09744E-04     1.00000E+00
 3.72000E-08     1.16499E-04     2.10047E-04     1.00000E+00
 3.73000E-08     1.12882E-04     2.10501E-04     1.00000E+00
 3.74000E-08     1.10547E-04     2.10922E-04     1.00000E+00
 3.75000E-08     1.09856E-04     2.11082E-04     1.00000E+00
 3.76000E-08     1.10948E-04     2.10755E-04     1.00000E+00
 3.77000E-08     1.13705E-04     2.09783E-04     1.00000E+00
 3.78000E-08     1.17769E-04     2.08114E-04     1.00000E+00
 3.79000E-08     1.22590E-04     2.05831E-04     1.00000E+00
 3.80000E-08     1.27528E-04     2.03140E-04     1.00000E+00
 3.81000E-08     1.31951E-04     2.00328E-04     1.00000E+00
 3.82000E-08     1.35339E-04     1.97704E-04     1.00000E+00
 3.83000E-08     1.37362E-04     1.95518E-04     1.00000E+00
 3.84000E-08     1.37917E-04     1.93896E-04     1.00000E+00
 3.85000E-08     1.37119E-04     1.92797E-04     1.00000E+00
 3.86000E-08     1.35259E-04     1.92008E-04     1.00000E+00
 3.87000E-08     1.32729E-04     1.91170E-04     1.00000E+00
 3.88000E-08     1.29934E-04     1.89855E-04     1.00000E+00
 3.89000E-08     1.27225E-04     1.87645E-04     1.00000E+00
 3.90000E-08     1.24840E-04     1.84232E-04     1.00000E+00
 3.91000E-08     1.22897E-04     1.79481E-04     1.00000E+00
 3.92000E-08     1.21400E-04     1.73474E-04     1.00000E+00
 3.93000E-08     1.20291E-04     1.66498E-04     1.00000E+00
 3.94000E-08     1.19495E-04     1.58994E-04     1.00000E+00
 3.95000E-08     1.18974E-04     1.51468E-04     1.00000E+00
 3.96000E-08     1.18750E-04     1.44393E-04     1.00000E+00
 3.97000E-08     1.18913E-04     1.38108E-04     1.00000E+00
 3.98000E-08     1.19582E-04     1.32753E-04     1.00000E+00
 3.99000E-08     1.20868E-04     1.28245E-04     1.00000E+00
 4.00000E-08     1.22807E-04     1.24299E-04     1.00000E+00
 4.01000E-08     1.25318E-04     1.20504E-04     1.00000E+00
 4.02000E-08     1.28183E-04     1.16414E-04     1.00000E+00
 4.03000E-08     1.31054E-04     1.11659E-04     1.00000E+00
 4.04000E-08     1.33506E-04     1.06040E-04     1.00000E+00
 4.05000E-08     1.35111E-04     9.95782E-05     1.00000E+00
 4.06000E-08     1.35528E-04     9.25297E-05     1.00000E+00
 4.07000E-08     1.34583E-04     8.53393E-05     1.00000E+00
 4.08000E-08     1.32323E-04     7.85582E-05     1.00000E+00
 4.09000E-08     1.29031E-04     7.27366E-05     1.00000E+00
 4.10000E-08     1.25189E-04     6.83163E-05     1.00000E+00
 4.11000E-08     1.21398E-04     6.55442E-05     1.00000E+00
 4.12000E-08     1.18274E-04     6.44274E-05     1.00000E+00
 4.13000E-08     1.16331E-04     6.47364E-05     1.00000E+00
 4.14000E-08     1.15883E-04     6.60557E-05     1.00000E+00
 4.15000E-08     1.16983E-04     6.78706E-05     1.00000E+00
 4.16000E-08     1.19410E-04     6.96697E-05     1.00000E+00
 4.17000E-08     1.22716E-04     7.10424E-05     1.00000E+00
 4.18000E-08     1.26307E-04     7.17494E-05     1.00000E+00
 4.19000E-08     1.29563E-04     7.17546E-05     1.00000E+00
 4.20000E-08     1.31952E-04     7.12105E-05     1.00000E+00
 4.21000E-08     1.33129E-04     7.04050E-05     1.00000E+00
 4.22000E-08     1.32989E-04     6.96810E-05     1.00000E+00
 4.23000E-08     1.31679E-04     6.93488E-05     1.00000E+00
 4.24000E-08     1.29545E-04     6.96105E-05     1.00000E+00
 4.25000E-08     1.27058E-04     7.05130E-05     1.00000E+00
 4.26000E-08     1.24706E-04     7.19388E-05     1.00000E+00
 4.27000E-08     1.22898E-04     7.36342E-05     1.00000E+00
 4.28000E-08     1.21886E-04     7.52696E-05     1.00000E+00
 4.29000E-08     1.21733E-04     7.65146E-05     1.00000E+00
 4.30000E-08     1.22316E-04     7.71124E-05     1.00000E+00
 4.31000E-08     1.23377E-04     7.69369E-05     1.00000E+00
 4.32000E-08     1.24598E-04     7.60196E-05     1.00000E+00
 4.33000E-08     1.25675E-04     7.45431E-05     1.00000E+00
 4.34000E-08     1.26394E-04     7.28022E-05     1.00000E+00
 4.35000E-08     1.26669E-04     7.11431E-05     1.00000E+00
 4.36000E-08     1.26545E-04     6.98949E-05     1.00000E+00
 4.37000E-08     1.26176E-04     6.93063E-05     1.00000E+00
 4.38000E-08     1.25764E-04     6.95026E-05     1.00000E+00
 4.39000E-08     1.25501E-04     7.04690E-05     1.00000E+00
 4.40000E-08     1.25511E-04     7.20620E-05     1.00000E+00
 4.41000E-08     1.25811E-04     7.40444E-05     1.00000E+00
 4.42000E-08     1.26312E-04     7.61352E-05     1.00000E+00
 4.43000E-08     1.26842E-04     7.80621E-05     1.00000E+00
 4.44000E-08     1.27198E-04     7.96057E-05     1.00000E+00
 4.45000E-08     1.27201E-04     8.06278E-05     1.00000E+00
 4.46000E-08     1.26754E-04     8.10803E-05     1.00000E+00
 4.47000E-08     1.25872E-04     8.09944E-05     1.00000E+00
 4.48000E-08     1.24687E-04     8.04574E-05     1.00000E+00
 4.49000E-08     1.23421E-04     7.95832E-05     1.00000E+00
 4.50000E-08     1.22331E-04     7.84852E-05     1.00000E+00
 4.51000E-08     1.21647E-04     7.72570E-05     1.00000E+00
 4.52000E-08     1.21509E-04     7.59653E-05     1.00000E+00
 4.53000E-08     1.21931E-04     7.46540E-05     1.00000E+00
 4.54000E-08     1.22784E-04     7.33555E-05     1.00000E+00
 4.55000E-08     1.23823E-04     7.21059E-05     1.00000E+00
 4.56000E-08     1.24739E-04     7.09561E-05     1.00000E+00
 4.57000E-08     1.25226E-04     6.99764E-05     1.00000E+00
 4.58000E-08     1.25050E-04     6.92517E-05     1.00000E+00
 4.59000E-08     1.24106E-04     6.88685E-05     1.00000E+00
 4.60000E-08     1.22441E-04     6.88970E-05     1.00000E+00
 4.61000E-08     1.20240E-04     6.93735E-05     1.00000E+00
 4.62000E-08     1.17789E-04     7.02869E-05     1.00000E+00
 4.63000E-08     1.15402E-04     7.15741E-05     1.00000E+00
 4.64000E-08     1.13351E-04     7.31255E-05     1.00000E+00
 4.65000E-08     1.11798E-04     7.47985E-05     1.00000E+00
 4.66000E-08     1.10760E-04     7.64379E-05     1.00000E+00
 4.67000E-08     1.10099E-04     7.78971E-05     1.00000E+00
 4.68000E-08     1.09559E-04     7.90559E-05     1.00000E+00
 4.69000E-08     1.08821E-04     7.98324E-05     1.00000E+00
 4.70000E-08     1.07579E-04     8.01864E-05     1.00000E+00
 4.71000E-08     1.05611E-04     8.01159E-05     1.00000E+00
 4.72000E-08     1.02831E-04     7.96485E-05     1.00000E+00
 4.73000E-08     9.93034E-05     7.88316E-05     1.00000E+00
 4.74000E-08     9.52357E-05     7.77242E-05     1.00000E+00
 4.75000E-08     9.09237E-05     7.63936E-05     1.00000E+00
 4.76000E-08     8.66856E-05     7.49154E-05     1.00000E+00
 4.77000E-08     8.27894E-05     7.33777E-05     1.00000E+00
 4.78000E-08     7.93937E-05     7.18845E-05     1.00000E+00
 4.79000E-08     7.65155E-05     7.05559E-05     1.00000E+00
 4.80000E-08     7.40326E-05     6.95221E-05     1.00000E+00
 4.81000E-08     7.17196E-05     6.89103E-05     1.00000E+00
 4.82000E-08     6.93090E-05     6.88251E-05     1.00000E+00
 4.83000E-08     6.65617E-05     6.93267E-05     1.00000E+00
 4.84000E-08     6.33317E-05     7.04108E-05     1.00000E+00
 4.85000E-08     5.96084E-05     7.19971E-05     1.00000E+00
 4.86000E-08     5.55260E-05     7.39284E-05     1.00000E+00
 4.87000E-08     5.13401E-05     7.59859E-05     1.00000E+00
 4.88000E-08     4.73740E-05     7.79164E-05     1.00000E+00
 4.89000E-08     4.39496E-05     7.94696E-05     1.00000E+00
 4.90000E-08     4.13188E-05     8.04378E-05     1.00000E+00
 4.91000E-08     3.96094E-05     8.06918E-05     1.00000E+00
 4.92000E-08     3.88002E-05     8.02031E-05     1.00000E+00
 4.93000E-08     3.87296E-05     7.90513E-05     1.00000E+00
 4.94000E-08     3.91343E-05     7.74105E-05     1.00000E+00
 4.95000E-08     3.97108E-05     7.55208E-05     1.00000E+00
 4.96000E-08     4.01829E-05     7.36478E-05     1.00000E+00
 4.97000E-08     4.03610E-05     7.20389E-05     1.00000E+00
 4.98000E-08     4.01791E-05     7.08846E-05     1.00000E+00
 4.99000E-08     3.97014E-05     7.02920E-05     1.00000E+00
 5.00000E-08     3.90983E-05     7.02757E-05     1.00000E+00
 5.01000E-08     3.85979E-05     7.07648E-05     1.00000E+00
 5.02000E-08     3.84246E-05     7.16263E-05     1.00000E+00
 5.03000E-08     3.87407E-05     7.26958E-05     1.00000E+00
 5.04000E-08     3.96034E-05     7.38107E-05     1.00000E+00
 5.05000E-08     4.09473E-05     7.48373E-05     1.00000E+00
 5.06000E-08     4.25972E-05     7.56879E-05     1.00000E+00
 5.07000E-08     4.43046E-05     7.63235E-05     1.00000E+00
 5.08000E-08     4.58024E-05     7.67458E-05     1.00000E+00
 5.09000E-08     4.68619E-05     7.69810E-05     1.00000E+00
 5.10000E-08     4.73404E-05     7.70601E-05     1.00000E+00
 5.11000E-08     4.72082E-05     7.70041E-05     1.00000E+00
 5.12000E-08     4.65504E-05     7.68163E-05     1.00000E+00
 5.13000E-08     4.55432E-05     7.64842E-05     1.00000E+00
 5.14000E-08     4.44118E-05     7.59909E-05     1.00000E+00
 5.15000E-08     4.33809E-05     7.53312E-05     1.00000E+00
 5.16000E-08     4.26282E-05     7.45271E-05     1.00000E+00
 5.17000E-08     4.22529E-05     7.36381E-05     1.00000E+00
 5.18000E-08     4.22645E-05     7.27611E-05     1.00000E+00
 5.19000E-08     4.25927E-05     7.20188E-05     1.00000E+00
 5.20000E-08     4.31154E-05     7.15384E-05     1.00000E+00
 5.21000E-08     4.36955E-05     7.14241E-05     1.00000E+00
 5.22000E-08     4.42167E-05     7.17308E-05     1.00000E+00
 5.23000E-08     4.46104E-05     7.24448E-05     1.00000E+00
 5.24000E-08     4.48657E-05     7.34779E-05     1.00000E+00
 5.25000E-08     4.50230E-05     7.46762E-05     1.00000E+00
 5.26000E-08     4.51527E-05     7.58442E-05     1.00000E+00
 5.27000E-08     4.53263E-05     7.67791E-05     1.00000E+00
 5.28000E-08     4.55889E-05     7.73088E-05     1.00000E+00
 5.29000E-08     4.59403E-05     7.73251E-05     1.00000E+00
 5.30000E-08     4.63302E-05     7.68059E-05     1.00000E+00
 5.31000E-08     4.66692E-05     7.58198E-05     1.00000E+00
 5.32000E-08     4.68522E-05     7.45135E-05     1.00000E+00
 5.33000E-08     4.67877E-05     7.30829E-05     1.00000E+00
 5.34000E-08     4.64255E-05     7.17357E-05     1.00000E+00
 5.35000E-08     4.57744E-05     7.06509E-05     1.00000E+00
 5.36000E-08     4.49054E-05     6.99459E-05     1.00000E+00
 5.37000E-08     4.39387E-05     6.96564E-05     1.00000E+00
 5.38000E-08     4.30184E-05     6.97333E-05     1.00000E+00
 5.39000E-08     4.22795E-05     7.00566E-05     1.00000E+00
 5.40000E-08     4.18181E-05     7.04627E-05     1.00000E+00
 5.41000E-08     4.16705E-05     7.07786E-05     1.00000E+00
 5.42000E-08     4.18072E-05     7.08553E-05     1.00000E+00
 5.43000E-08     4.21443E-05     7.05933E-05     1.00000E+00
 5.44000E-08     4.25681E-05     6.99561E-05     1.00000E+00
 5.45000E-08     4.29671E-05     6.89687E-05     1.00000E+00
 5.46000E-08     4.32631E-05     6.77034E-05     1.00000E+00
 5.47000E-08     4.34326E-05     6.62566E-05     1.00000E+00
 5.48000E-08     4.35123E-05     6.47242E-05     1.00000E+00
 5.49000E-08     4.35879E-05     6.31795E-05     1.00000E+00
 5.50000E-08     4.37672E-05     6.16603E-05     1.00000E+00
 5.51000E-08     4.41452E-05     6.01669E-05     1.00000E+00
 5.52000E-08     4.47703E-05     5.86701E-05     1.00000E+00
 5.53000E-08     4.56201E-05     5.71261E-05     1.00000E+00
 5.54000E-08     4.65948E-05     5.54951E-05     1.00000E+00
 5.55000E-08     4.75310E-05     5.37555E-05     1.00000E+00
 5.56000E-08     4.82330E-05     5.19125E-05     1.00000E+00
 5.57000E-08     4.85164E-05     4.99975E-05     1.00000E+00
 5.58000E-08     4.82529E-05     4.80589E-05     1.00000E+00
 5.59000E-08     4.74062E-05     4.61478E-05     1.00000E+00
 5.60000E-08     4.60495E-05     4.43023E-05     1.00000E+00
 5.61000E-08     4.43599E-05     4.25354E-05     1.00000E+00
 5.62000E-08     4.25892E-05     4.08304E-05     1.00000E+00
 5.63000E-08     4.10176E-05     3.91451E-05     1.00000E+00
 5.64000E-08     3.98992E-05     3.74247E-05     1.00000E+00
 5.65000E-08     3.94121E-05     3.56198E-05     1.00000E+00
 5.66000E-08     3.96223E-05     3.37045E-05     1.00000E+00
 5.67000E-08     4.04724E-05     3.16909E-05     1.00000E+00
 5.68000E-08     4.17941E-05     2.96340E-05     1.00000E+00
 5.69000E-08     4.33444E-05     2.76265E-05     1.00000E+00
 5.70000E-08     4.48560E-05     2.57838E-05     1.00000E+00
 5.71000E-08     4.60910E-05     2.42207E-05     1.00000E+00
 5.72000E-08     4.68859E-05     2.30284E-05     1.00000E+00
 5.73000E-08     4.71788E-05     2.22535E-05     1.00000E+00
 5.74000E-08     4.70125E-05     2.18872E-05     1.00000E+00
 5.75000E-08     4.65154E-05     2.18657E-05     1.00000E+00
 5.76000E-08     4.58634E-05     2.20834E-05     1.00000E+00
 5.77000E-08     4.52345E-05     2.24147E-05     1.00000E+00
 5.78000E-08     4.47662E-05     2.27411E-05     1.00000E+00
 5.79000E-08     4.45250E-05     2.29756E-05     1.00000E+00
 5.80000E-08     4.44969E-05     2.30803E-05     1.00000E+00
 5.81000E-08     4.45979E-05     2.30719E-05     1.00000E+00
 5.82000E-08     4.47030E-05     2.30142E-05     1.00000E+00
 5.83000E-08     4.46855E-05     2.29993E-05     1.00000E+00
 5.84000E-08     4.44552E-05     2.31219E-05     1.00000E+00
 5.85000E-08     4.39878E-05     2.34528E-05     1.00000E+00
 5.86000E-08     4.33361E-05     2.40182E-05     1.00000E+00
 5.87000E-08     4.26212E-05     2.47894E-05     1.00000E+00
 5.88000E-08     4.20050E-05     2.56858E-05     1.00000E+00
 5.89000E-08     4.16518E-05     2.65906E-05     1.00000E+00
 5.90000E-08     4.16863E-05     2.73751E-05     1.00000E+00
 5.91000E-08     4.21608E-05     2.79273E-05     1.00000E+00
 5.92000E-08     4.30373E-05     2.81757E-05     1.00000E+00
 5.93000E-08     4.41905E-05     2.81058E-05     1.00000E+00
 5.94000E-08     4.54306E-05     2.77625E-05     1.00000E+00
 5.95000E-08     4.65411E-05     2.72403E-05     1.00000E+00
 5.96000E-08     4.73234E-05     2.66615E-05     1.00000E+00
 5.97000E-08     4.76371E-05     2.61497E-05     1.00000E+00
 5.98000E-08     4.74285E-05     2.58028E-05     1.00000E+00
 5.99000E-08     4.67399E-05     2.56731E-05     1.00000E+00
 6.00000E-08     4.56990E-05     2.57583E-05     1.00000E+00
 6.01000E-08     4.44909E-05     2.60055E-05     1.00000E+00
 6.02000E-08     4.33193E-05     2.63271E-05     1.00000E+00
 6.03000E-08     4.23660E-05     2.66240E-05     1.00000E+00
 6.04000E-08     4.17572E-05     2.68111E-05     1.00000E+00
 6.05000E-08     4.15444E-05     2.68388E-05     1.00000E+00
 6.06000E-08     4.17014E-05     2.67041E-05     1.00000E+00
 6.07000E-08     4.21391E-05     2.64511E-05     1.00000E+00
 6.08000E-08     4.27308E-05     2.61591E-05     1.00000E+00
 6.09000E-08     4.33433E-05     2.59213E-05     1.00000E+00
 6.10000E-08     4.38652E-05     2.58212E-05     1.00000E+00
 6.11000E-08     4.42259E-05     2.59102E-05     1.00000E+00
 6.12000E-08     4.44023E-05     2.61934E-05     1.00000E+00
 6.13000E-08     4.44122E-05     2.66269E-05     1.00000E+00
 6.14000E-08     4.42990E-05     2.71259E-05     1.00000E+00
 6.15000E-08     4.41107E-05     2.75838E-05     1.00000E+00
 6.16000E-08     4.38819E-05     2.78960E-05     1.00000E+00
 6.17000E-08     4.36219E-05     2.79837E-05     1.00000E+00
 6.18000E-08     4.33134E-05     2.78116E-05     1.00000E+00
 6.19000E-08     4.29210E-05     2.73958E-05     1.00000E+00
 6.20000E-08     4.24064E-05     2.68003E-05     1.00000E+00
 6.21000E-08     4.17465E-05     2.61228E-05     1.00000E+00
 6.22000E-08     4.09470E-05     2.54734E-05     1.00000E+00
 6.23000E-08     4.00490E-05     2.49515E-05     1.00000E+00
 6.24000E-08     3.91243E-05     2.46260E-05     1.00000E+00
 6.25000E-08     3.82610E-05     2.45238E-05     1.00000E+00
 6.26000E-08     3.75427E-05     2.46278E-05     1.00000E+00
 6.27000E-08     3.70258E-05     2.48857E-05     1.00000E+00
 6.28000E-08     3.67217E-05     2.52257E-05     1.00000E+00
 6.29000E-08     3.65886E-05     2.55756E-05     1.00000E+00
 6.30000E-08     3.65363E-05     2.58805E-05     1.00000E+00
 6.31000E-08     3.64415E-05     2.61140E-05     1.00000E+00
 6.32000E-08     3.61740E-05     2.62810E-05     1.00000E+00
 6.33000E-08     3.56240E-05     2.64116E-05     1.00000E+00
 6.34000E-08     3.47271E-05     2.65482E-05     1.00000E+00
 6.35000E-08     3.34791E-05     2.67289E-05     1.00000E+00
 6.36000E-08     3.19382E-05     2.69728E-05     1.00000E+00
 6.37000E-08     3.02130E-05     2.72706E-05     1.00000E+00
 6.38000E-08     2.84396E-05     2.75831E-05     1.00000E+00
 6.39000E-08     2.67532E-05     2.78491E-05     1.00000E+00
 6.40000E-08     2.52598E-05     2.79998E-05     1.00000E+00
 6.41000E-08     2.40162E-05     2.79762E-05     1.00000E+00
 6.42000E-08     2.30215E-05     2.77464E-05     1.00000E+00
 6.43000E-08     2.22226E-05     2.73161E-05     1.00000E+00
 6.44000E-08     2.15311E-05     2.67314E-05     1.00000E+00
 6.45000E-08     2.08485E-05     2.60720E-05     1.00000E+00
 6.46000E-08     2.00922E-05     2.54356E-05     1.00000E+00
 6.47000E-08     1.92163E-05     2.49186E-05     1.00000E+00
 6.48000E-08     1.82225E-05     2.45962E-05     1.00000E+00
 6.49000E-08     1.71578E-05     2.45066E-05     1.00000E+00
 6.50000E-08     1.61016E-05     2.46448E-05     1.00000E+00
 6.51000E-08     1.51436E-05     2.49648E-05     1.00000E+00
 6.52000E-08     1.43603E-05     2.53916E-05     1.00000E+00
 6.53000E-08     1.37953E-05     2.58393E-05     1.00000E+00
 6.54000E-08     1.34489E-05     2.62309E-05     1.00000E+00
 6.55000E-08     1.32789E-05     2.65151E-05     1.00000E+00
 6.56000E-08     1.32139E-05     2.66758E-05     1.00000E+00
 6.57000E-08     1.31732E-05     2.67326E-05     1.00000E+00
 6.58000E-08     1.30904E-05     2.67320E-05     1.00000E+00
 6.59000E-08     1.29327E-05     2.67315E-05     1.00000E+00
 6.60000E-08     1.27113E-05     2.67815E-05     1.00000E+00
 6.61000E-08     1.24798E-05     2.69090E-05     1.00000E+00
 6.62000E-08     1.23203E-05     2.71071E-05     1.00000E+00
 6.63000E-08     1.23218E-05     2.73353E-05     1.00000E+00
 6.64000E-08     1.25539E-05     2.75271E-05     1.00000E+00
 6.65000E-08     1.30454E-05     2.76073E-05     1.00000E+00
 6.66000E-08     1.37707E-05     2.75121E-05     1.00000E+00
 6.67000E-08     1.46505E-05     2.72076E-05     1.00000E+00
 6.68000E-08     1.55649E-05     2.67029E-05     1.00000E+00
 6.69000E-08     1.63779E-05     2.60537E-05     1.00000E+00
 6.70000E-08     1.69665E-05     2.53542E-05     1.00000E+00
 6.71000E-08     1.72486E-05     2.47207E-05     1.00000E+00
 6.72000E-08     1.72020E-05     2.42682E-05     1.00000E+00
 6.73000E-08     1.68701E-05     2.40863E-05     1.00000E+00
 6.74000E-08     1.63528E-05     2.42198E-05     1.00000E+00
 6.75000E-08     1.57846E-05     2.46577E-05     1.00000E+00
 6.76000E-08     1.53039E-05     2.53338E-05     1.00000E+00
 6.77000E-08     1.50222E-05     2.61387E-05     1.00000E+00
 6.78000E-08     1.49990E-05     2.69405E-05     1.00000E+00
 6.79000E-08     1.52294E-05     2.76101E-05     1.00000E+00
 6.80000E-08     1.56459E-05     2.80454E-05     1.00000E+00
 6.81000E-08     1.61363E-05     2.81891E-05     1.00000E+00
 6.82000E-08     1.65703E-05     2.80379E-05     1.00000E+00
 6.83000E-08     1.68318E-05     2.76390E-05     1.00000E+00
 6.84000E-08     1.68462E-05     2.70780E-05     1.00000E+00
 6.85000E-08     1.65988E-05     2.64588E-05     1.00000E+00
 6.86000E-08     1.61378E-05     2.58821E-05     1.00000E+00
 6.87000E-08     1.55632E-05     2.54255E-05     1.00000E+00
 6.88000E-08     1.50029E-05     2.51314E-05     1.00000E+00
 6.89000E-08     1.45828E-05     2.50028E-05     1.00000E+00
 6.90000E-08     1.43969E-05     2.50081E-05     1.00000E+00
 6.91000E-08     1.44860E-05     2.50940E-05     1.00000E+00
 6.92000E-08     1.48284E-05     2.52009E-05     1.00000E+00
 6.93000E-08     1.53462E-05     2.52783E-05     1.00000E+00
 6.94000E-08     1.59234E-05     2.52961E-05     1.00000E+00
 6.95000E-08     1.64343E-05     2.52494E-05     1.00000E+00
 6.96000E-08     1.67716E-05     2.51555E-05     1.00000E+00
 6.97000E-08     1.68712E-05     2.50454E-05     1.00000E+00
 6.98000E-08     1.67251E-05     2.49516E-05     1.00000E+00
 6.99000E-08     1.63809E-05     2.48960E-05     1.00000E+00
 7.00000E-08     1.59284E-05     2.48812E-05     1.00000E+00
 7.01000E-08     1.54761E-05     2.48873E-05     1.00000E+00
 7.02000E-08     1.51242E-05     2.48753E-05     1.00000E+00
 7.03000E-08     1.49410E-05     2.47959E-05     1.00000E+00
 7.04000E-08     1.49473E-05     2.46012E-05     1.00000E+00
 7.05000E-08     1.51135E-05     2.42576E-05     1.00000E+00
 7.06000E-08     1.53697E-05     2.37545E-05     1.00000E+00
 7.07000E-08     1.56253E-05     2.31085E-05     1.00000E+00
 7.08000E-08     1.57936E-05     2.23607E-05     1.00000E+00
 7.09000E-08     1.58152E-05     2.15693E-05     1.00000E+00
 7.10000E-08     1.56741E-05     2.07970E-05     1.00000E+00
 7.11000E-08     1.54018E-05     2.00985E-05     1.00000E+00
 7.12000E-08     1.50700E-05     1.95097E-05     1.00000E+00
 7.13000E-08     1.47720E-05     1.90409E-05     1.00000E+00
 7.14000E-08     1.45994E-05     1.86768E-05     1.00000E+00
 7.15000E-08     1.46178E-05     1.83805E-05     1.00000E+00
 7.16000E-08     1.48496E-05     1.81036E-05     1.00000E+00
 7.17000E-08     1.52668E-05     1.77964E-05     1.00000E+00
 7.18000E-08     1.57966E-05     1.74185E-05     1.00000E+00
 7.19000E-08     1.63375E-05     1.69453E-05     1.00000E+00
 7.20000E-08     1.67827E-05     1.63715E-05     1.00000E+00
 7.21000E-08     1.70448E-05     1.57082E-05     1.00000E+00
 7.22000E-08     1.70760E-05     1.49784E-05     1.00000E+00
 7.23000E-08     1.68782E-05     1.42092E-05     1.00000E+00
 7.24000E-08     1.65017E-05     1.34255E-05     1.00000E+00
 7.25000E-08     1.60325E-05     1.26458E-05     1.00000E+00
 7.26000E-08     1.55707E-05     1.18806E-05     1.00000E+00
 7.27000E-08     1.52068E-05     1.11351E-05     1.00000E+00
 7.28000E-08     1.50010E-05     1.04133E-05     1.00000E+00
 7.29000E-08     1.49697E-05     9.72298E-06     1.00000E+00
 7.30000E-08     1.50845E-05     9.07942E-06     1.00000E+00
 7.31000E-08     1.52817E-05     8.50577E-06     1.00000E+00
 7.32000E-08     1.54803E-05     8.03035E-06     1.00000E+00
 7.33000E-08     1.56053E-05     7.68064E-06     1.00000E+00
 7.34000E-08     1.56074E-05     7.47583E-06     1.00000E+00
 7.35000E-08     1.54770E-05     7.41967E-06     1.00000E+00
 7.36000E-08     1.52474E-05     7.49615E-06     1.00000E+00
 7.37000E-08     1.49861E-05     7.66925E-06     1.00000E+00
 7.38000E-08     1.47779E-05     7.88778E-06     1.00000E+00
 7.39000E-08     1.47017E-05     8.09441E-06     1.00000E+00
 7.40000E-08     1.48098E-05     8.23709E-06     1.00000E+00
 7.41000E-08     1.51116E-05     8.28047E-06     1.00000E+00
 7.42000E-08     1.55693E-05     8.21436E-06     1.00000E+00
 7.43000E-08     1.61039E-05     8.05702E-06     1.00000E+00
 7.44000E-08     1.66123E-05     7.85228E-06     1.00000E+00
 7.45000E-08     1.69903E-05     7.66064E-06     1.00000E+00
 7.46000E-08     1.71568E-05     7.54628E-06     1.00000E+00
 7.47000E-08     1.70727E-05     7.56260E-06     1.00000E+00
 7.48000E-08     1.67505E-05     7.73969E-06     1.00000E+00
 7.49000E-08     1.62517E-05     8.07661E-06     1.00000E+00
 7.50000E-08     1.56733E-05     8.54025E-06     1.00000E+00
 7.51000E-08     1.51260E-05     9.07130E-06     1.00000E+00
 7.52000E-08     1.47097E-05     9.59595E-06     1.00000E+00
 7.53000E-08     1.44918E-05     1.00409E-05     1.00000E+00
 7.54000E-08     1.44933E-05     1.03479E-05     1.00000E+00
 7.55000E-08     1.46865E-05     1.04856E-05     1.00000E+00
 7.56000E-08     1.50036E-05     1.04545E-05     1.00000E+00
 7.57000E-08     1.53551E-05     1.02854E-05     1.00000E+00
 7.58000E-08     1.56518E-05     1.00312E-05     1.00000E+00
 7.59000E-08     1.58268E-05     9.75448E-06     1.00000E+00
 7.60000E-08     1.58507E-05     9.51286E-06     1.00000E+00
 7.61000E-08     1.57372E-05     9.34705E-06     1.00000E+00
 7.62000E-08     1.55376E-05     9.27313E-06     1.00000E+00
 7.63000E-08     1.53258E-05     9.28123E-06     1.00000E+00
 7.64000E-08     1.51779E-05     9.34065E-06     1.00000E+00
 7.65000E-08     1.51513E-05     9.40972E-06     1.00000E+00
 7.66000E-08     1.52690E-05     9.44802E-06     1.00000E+00
 7.67000E-08     1.55121E-05     9.42772E-06     1.00000E+00
 7.68000E-08     1.58236E-05     9.34110E-06     1.00000E+00
 7.69000E-08     1.61217E-05     9.20264E-06     1.00000E+00
 7.70000E-08     1.63200E-05     9.04498E-06     1.00000E+00
 7.71000E-08     1.63482E-05     8.91005E-06     1.00000E+00
 7.72000E-08     1.61708E-05     8.83761E-06     1.00000E+00
 7.73000E-08     1.57963E-05     8.85426E-06     1.00000E+00
 7.74000E-08     1.52766E-05     8.96559E-06     1.00000E+00
 7.75000E-08     1.46963E-05     9.15375E-06     1.00000E+00
 7.76000E-08     1.41538E-05     9.38094E-06     1.00000E+00
 7.77000E-08     1.37392E-05     9.59811E-06     1.00000E+00
 7.78000E-08     1.35145E-05     9.75665E-06     1.00000E+00
 7.79000E-08     1.35002E-05     9.82023E-06     1.00000E+00
 7.80000E-08     1.36709E-05     9.77380E-06     1.00000E+00
 7.81000E-08     1.39627E-05     9.62754E-06     1.00000E+00
 7.82000E-08     1.42876E-05     9.41461E-06     1.00000E+00
 7.83000E-08     1.45540E-05     9.18337E-06     1.00000E+00
 7.84000E-08     1.46866E-05     8.98580E-06     1.00000E+00
 7.85000E-08     1.46416E-05     8.86505E-06     1.00000E+00
 7.86000E-08     1.44144E-05     8.84513E-06     1.00000E+00
 7.87000E-08     1.40370E-05     8.92520E-06     1.00000E+00
 7.88000E-08     1.35673E-05     9.08003E-06     1.00000E+00
 7.89000E-08     1.30731E-05     9.26630E-06     1.00000E+00
 7.90000E-08     1.26144E-05     9.43337E-06     1.00000E+00
 7.91000E-08     1.22290E-05     9.53585E-06     1.00000E+00
 7.92000E-08     1.19246E-05     9.54479E-06     1.00000E+00
 7.93000E-08     1.16798E-05     9.45493E-06     1.00000E+00
 7.94000E-08     1.14522E-05     9.28609E-06     1.00000E+00
 7.95000E-08     1.11922E-05     9.07856E-06     1.00000E+00
 7.96000E-08     1.08587E-05     8.88340E-06     1.00000E+00
 7.97000E-08     1.04318E-05     8.75024E-06     1.00000E+00
 7.98000E-08     9.91967E-06     8.71542E-06     1.00000E+00
 7.99000E-08     9.35786E-06     8.79332E-06     1.00000E+00
 8.00000E-08     8.80050E-06     8.97306E-06     1.00000E+00
 8.01000E-08     8.30643E-06     9.22107E-06     1.00000E+00
 8.02000E-08     7.92350E-06     9.48906E-06     1.00000E+00
 8.03000E-08     7.67508E-06     9.72525E-06     1.00000E+00
 8.04000E-08     7.55256E-06     9.88612E-06     1.00000E+00
 8.05000E-08     7.51584E-06     9.94586E-06     1.00000E+00
 8.06000E-08     7.50187E-06     9.90136E-06     1.00000E+00
 8.07000E-08     7.43933E-06     9.77153E-06     1.00000E+00
 8.08000E-08     7.26598E-06     9.59150E-06     1.00000E+00
 8.09000E-08     6.94428E-06     9.40313E-06     1.00000E+00
 8.10000E-08     6.47162E-06     9.24444E-06     1.00000E+00
 8.11000E-08     5.88241E-06     9.14058E-06     1.00000E+00
 8.12000E-08     5.24147E-06     9.09863E-06     1.00000E+00
 8.13000E-08     4.63016E-06     9.10738E-06     1.00000E+00
 8.14000E-08     4.12856E-06     9.14201E-06     1.00000E+00
 8.15000E-08     3.79790E-06     9.17230E-06     1.00000E+00
 8.16000E-08     3.66723E-06     9.17212E-06     1.00000E+00
 8.17000E-08     3.72774E-06     9.12756E-06     1.00000E+00
 8.18000E-08     3.93572E-06     9.04155E-06     1.00000E+00
 8.19000E-08     4.22349E-06     8.93374E-06     1.00000E+00
 8.20000E-08     4.51562E-06     8.83554E-06     1.00000E+00
 8.21000E-08     4.74634E-06     8.78166E-06     1.00000E+00
 8.22000E-08     4.87415E-06     8.80034E-06     1.00000E+00
 8.23000E-08     4.89002E-06     8.90485E-06     1.00000E+00
 8.24000E-08     4.81751E-06     9.08861E-06     1.00000E+00
 8.25000E-08     4.70480E-06     9.32517E-06     1.00000E+00
 8.26000E-08     4.61094E-06     9.57341E-06     1.00000E+00
 8.27000E-08     4.58970E-06     9.78661E-06     1.00000E+00
 8.28000E-08     4.67521E-06     9.92323E-06     1.00000E+00
 8.29000E-08     4.87277E-06     9.95680E-06     1.00000E+00
 8.30000E-08     5.15724E-06     9.88230E-06     1.00000E+00
 8.31000E-08     5.47927E-06     9.71747E-06     1.00000E+00
 8.32000E-08     5.77763E-06     9.49866E-06     1.00000E+00
 8.33000E-08     5.99471E-06     9.27217E-06     1.00000E+00
 8.34000E-08     6.09109E-06     9.08317E-06     1.00000E+00
 8.35000E-08     6.05569E-06     8.96504E-06     1.00000E+00
 8.36000E-08     5.90878E-06     8.93168E-06     1.00000E+00
 8.37000E-08     5.69725E-06     8.97479E-06     1.00000E+00
 8.38000E-08     5.48320E-06     9.06682E-06     1.00000E+00
 8.39000E-08     5.32868E-06     9.16871E-06     1.00000E+00
 8.40000E-08     5.28026E-06     9.24069E-06     1.00000E+00
 8.41000E-08     5.35739E-06     9.25315E-06     1.00000E+00
 8.42000E-08     5.54716E-06     9.19489E-06     1.00000E+00
 8.43000E-08     5.80705E-06     9.07663E-06     1.00000E+00
 8.44000E-08     6.07482E-06     8.92867E-06     1.00000E+00
 8.45000E-08     6.28320E-06     8.79325E-06     1.00000E+00
 8.46000E-08     6.37600E-06     8.71349E-06     1.00000E+00
 8.47000E-08     6.32163E-06     8.72164E-06     1.00000E+00
 8.48000E-08     6.12086E-06     8.82960E-06     1.00000E+00
 8.49000E-08     5.80708E-06     9.02425E-06     1.00000E+00
 8.50000E-08     5.43895E-06     9.26888E-06     1.00000E+00
 8.51000E-08     5.08726E-06     9.51061E-06     1.00000E+00
 8.52000E-08     4.81915E-06     9.69206E-06     1.00000E+00
 8.53000E-08     4.68338E-06     9.76462E-06     1.00000E+00
 8.54000E-08     4.70006E-06     9.70008E-06     1.00000E+00
 8.55000E-08     4.85714E-06     9.49772E-06     1.00000E+00
 8.56000E-08     5.11424E-06     9.18520E-06     1.00000E+00
 8.57000E-08     5.41279E-06     8.81278E-06     1.00000E+00
 8.58000E-08     5.68983E-06     8.44223E-06     1.00000E+00
 8.59000E-08     5.89220E-06     8.13308E-06     1.00000E+00
 8.60000E-08     5.98773E-06     7.92925E-06     1.00000E+00
 8.61000E-08     5.97094E-06     7.84953E-06     1.00000E+00
 8.62000E-08     5.86212E-06     7.88378E-06     1.00000E+00
 8.63000E-08     5.70047E-06     7.99614E-06     1.00000E+00
 8.64000E-08     5.53300E-06     8.13399E-06     1.00000E+00
 8.65000E-08     5.40239E-06     8.24088E-06     1.00000E+00
 8.66000E-08     5.33662E-06     8.26993E-06     1.00000E+00
 8.67000E-08     5.34302E-06     8.19464E-06     1.00000E+00
 8.68000E-08     5.40792E-06     8.01450E-06     1.00000E+00
 8.69000E-08     5.50181E-06     7.75400E-06     1.00000E+00
 8.70000E-08     5.58840E-06     7.45550E-06     1.00000E+00
 8.71000E-08     5.63517E-06     7.16764E-06     1.00000E+00
 8.72000E-08     5.62246E-06     6.93247E-06     1.00000E+00
 8.73000E-08     5.54888E-06     6.77420E-06     1.00000E+00
 8.74000E-08     5.43169E-06     6.69279E-06     1.00000E+00
 8.75000E-08     5.30201E-06     6.66370E-06     1.00000E+00
 8.76000E-08     5.19637E-06     6.64408E-06     1.00000E+00
 8.77000E-08     5.14668E-06     6.58373E-06     1.00000E+00
 8.78000E-08     5.17147E-06     6.43826E-06     1.00000E+00
 8.79000E-08     5.27055E-06     6.18105E-06     1.00000E+00
 8.80000E-08     5.42459E-06     5.81100E-06     1.00000E+00
 8.81000E-08     5.59967E-06     5.35417E-06     1.00000E+00
 8.82000E-08     5.75574E-06     4.85870E-06     1.00000E+00
 8.83000E-08     5.85677E-06     4.38421E-06     1.00000E+00
 8.84000E-08     5.87992E-06     3.98826E-06     1.00000E+00
 8.85000E-08     5.82154E-06     3.71302E-06     1.00000E+00
 8.86000E-08     5.69820E-06     3.57548E-06     1.00000E+00
 8.87000E-08     5.54273E-06     3.56351E-06     1.00000E+00
 8.88000E-08     5.39594E-06     3.63881E-06     1.00000E+00
 8.89000E-08     5.29636E-06     3.74600E-06     1.00000E+00
 8.90000E-08     5.27037E-06     3.82563E-06     1.00000E+00
 8.91000E-08     5.32538E-06     3.82806E-06     1.00000E+00
 8.92000E-08     5.44766E-06     3.72489E-06     1.00000E+00
 8.93000E-08     5.60552E-06     3.51508E-06     1.00000E+00
 8.94000E-08     5.75701E-06     3.22458E-06     1.00000E+00
 8.95000E-08     5.86028E-06     2.89941E-06     1.00000E+00
 8.96000E-08     5.88411E-06     2.59423E-06     1.00000E+00
 8.97000E-08     5.81585E-06     2.35902E-06     1.00000E+00
 8.98000E-08     5.66494E-06     2.22726E-06     1.00000E+00
 8.99000E-08     5.46107E-06     2.20856E-06     1.00000E+00
 9.00000E-08     5.24738E-06     2.28729E-06     1.00000E+00
 9.01000E-08     5.07036E-06     2.42760E-06     1.00000E+00
 9.02000E-08     4.96892E-06     2.58338E-06     1.00000E+00
 9.03000E-08     4.96528E-06     2.71056E-06     1.00000E+00
 9.04000E-08     5.05981E-06     2.77864E-06     1.00000E+00
 9.05000E-08     5.23120E-06     2.77841E-06     1.00000E+00
 9.06000E-08     5.44167E-06     2.72401E-06     1.00000E+00
 9.07000E-08     5.64611E-06     2.64869E-06     1.00000E+00
 9.08000E-08     5.80275E-06     2.59554E-06     1.00000E+00
 9.09000E-08     5.88279E-06     2.60528E-06     1.00000E+00
 9.10000E-08     5.87680E-06     2.70459E-06     1.00000E+00
 9.11000E-08     5.79607E-06     2.89780E-06     1.00000E+00
 9.12000E-08     5.66906E-06     3.16411E-06     1.00000E+00
 9.13000E-08     5.53354E-06     3.46142E-06     1.00000E+00
 9.14000E-08     5.42674E-06     3.73569E-06     1.00000E+00
 9.15000E-08     5.37580E-06     3.93366E-06     1.00000E+00
 9.16000E-08     5.39095E-06     4.01596E-06     1.00000E+00
 9.17000E-08     5.46315E-06     3.96705E-06     1.00000E+00
 9.18000E-08     5.56674E-06     3.79983E-06     1.00000E+00
 9.19000E-08     5.66629E-06     3.55331E-06     1.00000E+00
 9.20000E-08     5.72608E-06     3.28407E-06     1.00000E+00
 9.21000E-08     5.71964E-06     3.05335E-06     1.00000E+00
 9.22000E-08     5.63704E-06     2.91283E-06     1.00000E+00
 9.23000E-08     5.48804E-06     2.89259E-06     1.00000E+00
 9.24000E-08     5.30032E-06     2.99412E-06     1.00000E+00
 9.25000E-08     5.11312E-06     3.19010E-06     1.00000E+00
 9.26000E-08     4.96790E-06     3.43096E-06     1.00000E+00
 9.27000E-08     4.89827E-06     3.65685E-06     1.00000E+00
 9.28000E-08     4.92165E-06     3.81183E-06     1.00000E+00
 9.29000E-08     5.03471E-06     3.85720E-06     1.00000E+00
 9.30000E-08     5.21375E-06     3.78050E-06     1.00000E+00
 9.31000E-08     5.41986E-06     3.59827E-06     1.00000E+00
 9.32000E-08     5.60774E-06     3.35170E-06     1.00000E+00
 9.33000E-08     5.73594E-06     3.09653E-06     1.00000E+00
 9.34000E-08     5.77621E-06     2.88946E-06     1.00000E+00
 9.35000E-08     5.71957E-06     2.77462E-06     1.00000E+00
 9.36000E-08     5.57793E-06     2.77318E-06     1.00000E+00
 9.37000E-08     5.38064E-06     2.87876E-06     1.00000E+00
 9.38000E-08     5.16713E-06     3.05957E-06     1.00000E+00
 9.39000E-08     4.97731E-06     3.26682E-06     1.00000E+00
 9.40000E-08     4.84210E-06     3.44712E-06     1.00000E+00
 9.41000E-08     4.77640E-06     3.55584E-06     1.00000E+00
 9.42000E-08     4.77616E-06     3.56817E-06     1.00000E+00
 9.43000E-08     4.82003E-06     3.48499E-06     1.00000E+00
 9.44000E-08     4.87536E-06     3.33230E-06     1.00000E+00
 9.45000E-08     4.90671E-06     3.15430E-06     1.00000E+00
 9.46000E-08     4.88500E-06     3.00190E-06     1.00000E+00
 9.47000E-08     4.79478E-06     2.91954E-06     1.00000E+00
 9.48000E-08     4.63813E-06     2.93364E-06     1.00000E+00
 9.49000E-08     4.43402E-06     3.04563E-06     1.00000E+00
 9.50000E-08     4.21350E-06     3.23118E-06     1.00000E+00
 9.51000E-08     4.01187E-06     3.44599E-06     1.00000E+00
 9.52000E-08     3.85980E-06     3.63661E-06     1.00000E+00
 9.53000E-08     3.77564E-06     3.75374E-06     1.00000E+00
 9.54000E-08     3.76066E-06     3.76455E-06     1.00000E+00
 9.55000E-08     3.79857E-06     3.66117E-06     1.00000E+00
 9.56000E-08     3.85922E-06     3.46304E-06     1.00000E+00
 9.57000E-08     3.90568E-06     3.21265E-06     1.00000E+00
 9.58000E-08     3.90289E-06     2.96563E-06     1.00000E+00
 9.59000E-08     3.82589E-06     2.77756E-06     1.00000E+00
 9.60000E-08     3.66559E-06     2.69080E-06     1.00000E+00
 9.61000E-08     3.43072E-06     2.72448E-06     1.00000E+00
 9.62000E-08     3.14567E-06     2.87003E-06     1.00000E+00
 9.63000E-08     2.84474E-06     3.09346E-06     1.00000E+00
 9.64000E-08     2.56425E-06     3.34359E-06     1.00000E+00
 9.65000E-08     2.33439E-06     3.56442E-06     1.00000E+00
 9.66000E-08     2.17287E-06     3.70843E-06     1.00000E+00
 9.67000E-08     2.08172E-06     3.74761E-06     1.00000E+00
 9.68000E-08     2.04791E-06     3.67969E-06     1.00000E+00
 9.69000E-08     2.04755E-06     3.52790E-06     1.00000E+00
 9.70000E-08     2.05248E-06     3.33460E-06     1.00000E+00
 9.71000E-08     2.03757E-06     3.15035E-06     1.00000E+00
 9.72000E-08     1.98691E-06     3.02111E-06     1.00000E+00
 9.73000E-08     1.89735E-06     2.97695E-06     1.00000E+00
 9.74000E-08     1.77876E-06     3.02490E-06     1.00000E+00
 9.75000E-08     1.65076E-06     3.14765E-06     1.00000E+00
 9.76000E-08     1.53718E-06     3.30852E-06     1.00000E+00
 9.77000E-08     1.45947E-06     3.46120E-06     1.00000E+00
 9.78000E-08     1.43092E-06     3.56189E-06     1.00000E+00
 9.79000E-08     1.45304E-06     3.58064E-06     1.00000E+00
 9.80000E-08     1.51514E-06     3.50917E-06     1.00000E+00
 9.81000E-08     1.59705E-06     3.36302E-06     1.00000E+00
 9.82000E-08     1.67430E-06     3.17771E-06     1.00000E+00
 9.83000E-08     1.72445E-06     2.99968E-06     1.00000E+00
 9.84000E-08     1.73296E-06     2.87448E-06     1.00000E+00
 9.85000E-08     1.69702E-06     2.83510E-06     1.00000E+00
 9.86000E-08     1.62647E-06     2.89339E-06     1.00000E+00
 9.87000E-08     1.54148E-06     3.03688E-06     1.00000E+00
 9.88000E-08     1.46772E-06     3.23166E-06     1.00000E+00
 9.89000E-08     1.43000E-06     3.43070E-06     1.00000E+00
 9.90000E-08     1.44613E-06     3.58561E-06     1.00000E+00
 9.91000E-08     1.52241E-06     3.65876E-06     1.00000E+00
 9.92000E-08     1.65193E-06     3.63282E-06     1.00000E+00
 9.93000E-08     1.81598E-06     3.51524E-06     1.00000E+00
 9.94000E-08     1.98826E-06     3.33655E-06     1.00000E+00
 9.95000E-08     2.14090E-06     3.14288E-06     1.00000E+00
 9.96000E-08     2.25068E-06     2.98441E-06     1.00000E+00
 9.97000E-08     2.30412E-06     2.90275E-06     1.00000E+00
 9.98000E-08     2.30005E-06     2.92034E-06     1.00000E+00
 9.99000E-08     2.24930E-06     3.03452E-06     1.00000E+00
 1.00000E-07     2.17149E-06     3.21775E-06     1.00000E+00
