Total Number of Conductors (N+1)= 3
Line Length= 5.00000E+00
NDeltaZ=   10
NDeltaT=  360
DeltaZ= 5.00000E-01
DeltaT= 8.33333E-10
Final Solution Time= 3.00000E-07
Print Interval=   1
Conductor Having Source Voltage, VS(t), (at near end)= 1
Conductor Having Load Voltage, VL(t), (at far end)= 1
Output Conductor= 2

RS( 1, 1)= 5.00000E+01     RL( 1, 1)= 1.00000E+03
RS( 1, 2)= 0.00000E+00     RL( 1, 2)= 0.00000E+00
RS( 2, 2)= 1.00000E+04     RL( 2, 2)= 1.00000E+02

L( 1, 1)= 1.11170E-06
L( 1, 2)= 6.93901E-07
L( 2, 2)= 1.38780E-06
C( 1, 1)= 4.03439E-11
C( 1, 2)=-2.01719E-11
C( 2, 2)= 2.95910E-11

          VS(t),VL(t) Specification
 NO.        TIME              VS              VL
  1      0.00000E+00      0.00000E+00      0.00000E+00
  2      6.25000E-09      1.00000E+00      0.00000E+00
  3      1.00000E-07      1.00000E+00      0.00000E+00

    TIME             VNE             VFE             VS             VL
 0.00000E+00     0.00000E+00     0.00000E+00     0.00000E+00     0.00000E+00
 8.33333E-10     5.02101E-02     0.00000E+00     1.33333E-01     0.00000E+00
 1.66667E-09     1.39390E-01     0.00000E+00     2.66667E-01     0.00000E+00
 2.50000E-09     2.14070E-01     0.00000E+00     4.00000E-01     0.00000E+00
 3.33333E-09     2.82457E-01     0.00000E+00     5.33333E-01     0.00000E+00
 4.16667E-09     3.46453E-01     0.00000E+00     6.66667E-01     0.00000E+00
 5.00000E-09     4.09285E-01     0.00000E+00     8.00000E-01     0.00000E+00
 5.83333E-09     4.73645E-01     0.00000E+00     9.33333E-01     0.00000E+00
 6.66667E-09     5.16014E-01     0.00000E+00     1.00000E+00     0.00000E+00
 7.50000E-09     5.17045E-01     0.00000E+00     1.00000E+00     0.00000E+00
 8.33333E-09     5.07940E-01     0.00000E+00     1.00000E+00     0.00000E+00
 9.16667E-09     5.09452E-01     6.85995E-12     1.00000E+00     0.00000E+00
 1.00000E-08     5.14694E-01     1.36273E-10     1.00000E+00     0.00000E+00
 1.08333E-08     5.20014E-01     1.39723E-09     1.00000E+00     0.00000E+00
 1.16667E-08     5.22484E-01     9.84891E-09     1.00000E+00     0.00000E+00
 1.25000E-08     5.21046E-01     5.36327E-08     1.00000E+00     0.00000E+00
 1.33333E-08     5.16506E-01     2.40385E-07     1.00000E+00     0.00000E+00
 1.41667E-08     5.10956E-01     9.22633E-07     1.00000E+00     0.00000E+00
 1.50000E-08     5.06797E-01     3.11541E-06     1.00000E+00     0.00000E+00
 1.58333E-08     5.05746E-01     9.43649E-06     1.00000E+00     0.00000E+00
 1.66667E-08     5.08180E-01     2.60170E-05     1.00000E+00     0.00000E+00
 1.75000E-08     5.13048E-01     6.60327E-05     1.00000E+00     0.00000E+00
 1.83333E-08     5.18343E-01     1.55669E-04     1.00000E+00     0.00000E+00
 1.91667E-08     5.21930E-01     3.43338E-04     1.00000E+00     0.00000E+00
 2.00000E-08     5.22400E-01     7.12653E-04     1.00000E+00     0.00000E+00
 2.08333E-08     5.19608E-01     1.39892E-03     1.00000E+00     0.00000E+00
 2.16667E-08     5.14704E-01     2.60758E-03     1.00000E+00     0.00000E+00
 2.25000E-08     5.09654E-01     4.63127E-03     1.00000E+00     0.00000E+00
 2.33333E-08     5.06450E-01     7.86022E-03     1.00000E+00     0.00000E+00
 2.41667E-08     5.06332E-01     1.27793E-02     1.00000E+00     0.00000E+00
 2.50000E-08     5.09306E-01     1.99441E-02     1.00000E+00     0.00000E+00
 2.58333E-08     5.14170E-01     2.99314E-02     1.00000E+00     0.00000E+00
 2.66667E-08     5.18994E-01     4.32601E-02     1.00000E+00     0.00000E+00
 2.75000E-08     5.21892E-01     6.02899E-02     1.00000E+00     0.00000E+00
 2.83333E-08     5.21755E-01     8.11067E-02     1.00000E+00     0.00000E+00
 2.91667E-08     5.18673E-01     1.05418E-01     1.00000E+00     0.00000E+00
 3.00000E-08     5.13885E-01     1.32479E-01     1.00000E+00     0.00000E+00
 3.08333E-08     5.09278E-01     1.61083E-01     1.00000E+00     0.00000E+00
 3.16667E-08     5.06646E-01     1.89624E-01     1.00000E+00     0.00000E+00
 3.25000E-08     5.06988E-01     2.16256E-01     1.00000E+00     0.00000E+00
 3.33333E-08     5.10134E-01     2.39117E-01     1.00000E+00     0.00000E+00
 3.41667E-08     5.14825E-01     2.56608E-01     1.00000E+00     0.00000E+00
 3.50000E-08     5.19216E-01     2.67666E-01     1.00000E+00     0.00000E+00
 3.58333E-08     5.21604E-01     2.71979E-01     1.00000E+00     0.00000E+00
 3.66667E-08     5.21088E-01     2.70087E-01     1.00000E+00     0.00000E+00
 3.75000E-08     5.17905E-01     2.63336E-01     1.00000E+00     0.00000E+00
 3.83333E-08     5.13324E-01     2.53679E-01     1.00000E+00     0.00000E+00
 3.91666E-08     5.09138E-01     2.43348E-01     1.00000E+00     0.00000E+00
 4.00000E-08     5.06957E-01     2.34453E-01     1.00000E+00     0.00000E+00
 4.08333E-08     5.07579E-01     2.28607E-01     1.00000E+00     0.00000E+00
 4.16666E-08     5.10692E-01     2.26635E-01     1.00000E+00     0.00000E+00
 4.25000E-08     5.14996E-01     2.28462E-01     1.00000E+00     0.00000E+00
 4.33333E-08     5.18707E-01     2.33187E-01     1.00000E+00     0.00000E+00
 4.41666E-08     5.20234E-01     2.39343E-01     1.00000E+00     0.00000E+00
 4.50000E-08     5.18751E-01     2.45271E-01     1.00000E+00     0.00000E+00
 4.58333E-08     5.14459E-01     2.49528E-01     1.00000E+00     0.00000E+00
 4.66666E-08     5.08412E-01     2.51222E-01     1.00000E+00     0.00000E+00
 4.75000E-08     5.01992E-01     2.50195E-01     1.00000E+00     0.00000E+00
 4.83333E-08     4.96235E-01     2.47004E-01     1.00000E+00     0.00000E+00
 4.91666E-08     4.91260E-01     2.42727E-01     1.00000E+00     0.00000E+00
 5.00000E-08     4.86026E-01     2.38640E-01     1.00000E+00     0.00000E+00
 5.08333E-08     4.78498E-01     2.35852E-01     1.00000E+00     0.00000E+00
 5.16666E-08     4.66173E-01     2.35022E-01     1.00000E+00     0.00000E+00
 5.25000E-08     4.46739E-01     2.36199E-01     1.00000E+00     0.00000E+00
 5.33333E-08     4.18663E-01     2.38861E-01     1.00000E+00     0.00000E+00
 5.41666E-08     3.81478E-01     2.42101E-01     1.00000E+00     0.00000E+00
 5.49999E-08     3.35709E-01     2.44916E-01     1.00000E+00     0.00000E+00
 5.58333E-08     2.82508E-01     2.46512E-01     1.00000E+00     0.00000E+00
 5.66666E-08     2.23185E-01     2.46517E-01     1.00000E+00     0.00000E+00
 5.74999E-08     1.58843E-01     2.45066E-01     1.00000E+00     0.00000E+00
 5.83333E-08     9.02977E-02     2.42723E-01     1.00000E+00     0.00000E+00
 5.91666E-08     1.83021E-02     2.40279E-01     1.00000E+00     0.00000E+00
 5.99999E-08    -5.60178E-02     2.38492E-01     1.00000E+00     0.00000E+00
 6.08333E-08    -1.30723E-01     2.37863E-01     1.00000E+00     0.00000E+00
 6.16666E-08    -2.02843E-01     2.38491E-01     1.00000E+00     0.00000E+00
 6.24999E-08    -2.68543E-01     2.40075E-01     1.00000E+00     0.00000E+00
 6.33333E-08    -3.23673E-01     2.42038E-01     1.00000E+00     0.00000E+00
 6.41666E-08    -3.64601E-01     2.43724E-01     1.00000E+00     0.00000E+00
 6.49999E-08    -3.89059E-01     2.44616E-01     1.00000E+00     0.00000E+00
 6.58333E-08    -3.96747E-01     2.44484E-01     1.00000E+00     0.00000E+00
 6.66666E-08    -3.89507E-01     2.43442E-01     1.00000E+00     0.00000E+00
 6.74999E-08    -3.70992E-01     2.41877E-01     1.00000E+00     0.00000E+00
 6.83333E-08    -3.45919E-01     2.40304E-01     1.00000E+00     0.00000E+00
 6.91666E-08    -3.19146E-01     2.39185E-01     1.00000E+00     0.00000E+00
 6.99999E-08    -2.94798E-01     2.38769E-01     1.00000E+00     0.00000E+00
 7.08333E-08    -2.75685E-01     2.39023E-01     1.00000E+00     0.00000E+00
 7.16666E-08    -2.63111E-01     2.39645E-01     1.00000E+00     0.00000E+00
 7.24999E-08    -2.57055E-01     2.40169E-01     1.00000E+00     0.00000E+00
 7.33332E-08    -2.56583E-01     2.40103E-01     1.00000E+00     0.00000E+00
 7.41666E-08    -2.60332E-01     2.39066E-01     1.00000E+00     0.00000E+00
 7.49999E-08    -2.66891E-01     2.36865E-01     1.00000E+00     0.00000E+00
 7.58332E-08    -2.75004E-01     2.33498E-01     1.00000E+00     0.00000E+00
 7.66666E-08    -2.83602E-01     2.29084E-01     1.00000E+00     0.00000E+00
 7.74999E-08    -2.91745E-01     2.23753E-01     1.00000E+00     0.00000E+00
 7.83332E-08    -2.98570E-01     2.17536E-01     1.00000E+00     0.00000E+00
 7.91666E-08    -3.03315E-01     2.10292E-01     1.00000E+00     0.00000E+00
 7.99999E-08    -3.05442E-01     2.01702E-01     1.00000E+00     0.00000E+00
 8.08332E-08    -3.04794E-01     1.91331E-01     1.00000E+00     0.00000E+00
 8.16666E-08    -3.01704E-01     1.78731E-01     1.00000E+00     0.00000E+00
 8.24999E-08    -2.96979E-01     1.63559E-01     1.00000E+00     0.00000E+00
 8.33332E-08    -2.91731E-01     1.45674E-01     1.00000E+00     0.00000E+00
 8.41666E-08    -2.87091E-01     1.25186E-01     1.00000E+00     0.00000E+00
 8.49999E-08    -2.83904E-01     1.02450E-01     1.00000E+00     0.00000E+00
 8.58332E-08    -2.82521E-01     7.80275E-02     1.00000E+00     0.00000E+00
 8.66666E-08    -2.82761E-01     5.26144E-02     1.00000E+00     0.00000E+00
 8.74999E-08    -2.84053E-01     2.69798E-02     1.00000E+00     0.00000E+00
 8.83332E-08    -2.85712E-01     1.91755E-03     1.00000E+00     0.00000E+00
 8.91665E-08    -2.87220E-01    -2.17794E-02     1.00000E+00     0.00000E+00
 8.99999E-08    -2.88401E-01    -4.33331E-02     1.00000E+00     0.00000E+00
 9.08332E-08    -2.89425E-01    -6.19973E-02     1.00000E+00     0.00000E+00
 9.16665E-08    -2.90625E-01    -7.70892E-02     1.00000E+00     0.00000E+00
 9.24999E-08    -2.92240E-01    -8.80475E-02     1.00000E+00     0.00000E+00
 9.33332E-08    -2.94174E-01    -9.45052E-02     1.00000E+00     0.00000E+00
 9.41665E-08    -2.95924E-01    -9.63661E-02     1.00000E+00     0.00000E+00
 9.49999E-08    -2.96706E-01    -9.38633E-02     1.00000E+00     0.00000E+00
 9.58332E-08    -2.95761E-01    -8.75789E-02     1.00000E+00     0.00000E+00
 9.66665E-08    -2.92722E-01    -7.84134E-02     1.00000E+00     0.00000E+00
 9.74999E-08    -2.87875E-01    -6.75065E-02     1.00000E+00     0.00000E+00
 9.83332E-08    -2.82199E-01    -5.61186E-02     1.00000E+00     0.00000E+00
 9.91665E-08    -2.77117E-01    -4.54925E-02     1.00000E+00     0.00000E+00
 9.99999E-08    -2.74026E-01    -3.67162E-02     1.00000E+00     0.00000E+00
 1.00833E-07    -6.50331E-01    -3.06081E-02     0.00000E+00     0.00000E+00
 1.01667E-07    -9.45011E-01    -2.76351E-02     0.00000E+00     0.00000E+00
 1.02500E-07    -8.40110E-01    -2.78741E-02     0.00000E+00     0.00000E+00
 1.03333E-07    -7.96146E-01    -3.10166E-02     0.00000E+00     0.00000E+00
 1.04167E-07    -7.63548E-01    -3.64183E-02     0.00000E+00     0.00000E+00
 1.05000E-07    -7.50387E-01    -4.31843E-02     0.00000E+00     0.00000E+00
 1.05833E-07    -7.51887E-01    -5.02879E-02     0.00000E+00     0.00000E+00
 1.06667E-07    -7.60320E-01    -5.67080E-02     0.00000E+00     0.00000E+00
 1.07500E-07    -7.66585E-01    -6.15703E-02     0.00000E+00     0.00000E+00
 1.08333E-07    -7.63378E-01    -6.42724E-02     0.00000E+00     0.00000E+00
 1.09167E-07    -7.47505E-01    -6.45705E-02     0.00000E+00     0.00000E+00
 1.10000E-07    -7.20680E-01    -6.26098E-02     0.00000E+00     0.00000E+00
 1.10833E-07    -6.88500E-01    -5.88895E-02     0.00000E+00     0.00000E+00
 1.11667E-07    -6.58049E-01    -5.41655E-02     0.00000E+00     0.00000E+00
 1.12500E-07    -6.35056E-01    -4.93087E-02     0.00000E+00     0.00000E+00
 1.13333E-07    -6.21697E-01    -4.51456E-02     0.00000E+00     0.00000E+00
 1.14166E-07    -6.15902E-01    -4.23171E-02     0.00000E+00     0.00000E+00
 1.15000E-07    -6.12385E-01    -4.11800E-02     0.00000E+00     0.00000E+00
 1.15833E-07    -6.04993E-01    -4.17745E-02     0.00000E+00     0.00000E+00
 1.16666E-07    -5.89415E-01    -4.38581E-02     0.00000E+00     0.00000E+00
 1.17500E-07    -5.65174E-01    -4.69967E-02     0.00000E+00     0.00000E+00
 1.18333E-07    -5.36102E-01    -5.06912E-02     0.00000E+00     0.00000E+00
 1.19166E-07    -5.09068E-01    -5.45151E-02     0.00000E+00     0.00000E+00
 1.20000E-07    -4.91450E-01    -5.82381E-02     0.00000E+00     0.00000E+00
 1.20833E-07    -4.88310E-01    -6.19179E-02     0.00000E+00     0.00000E+00
 1.21667E-07    -5.00361E-01    -6.59496E-02     0.00000E+00     0.00000E+00
 1.22500E-07    -5.23541E-01    -7.10613E-02     0.00000E+00     0.00000E+00
 1.23333E-07    -5.50366E-01    -7.82527E-02     0.00000E+00     0.00000E+00
 1.24167E-07    -5.72569E-01    -8.86708E-02     0.00000E+00     0.00000E+00
 1.25000E-07    -5.84033E-01    -1.03425E-01     0.00000E+00     0.00000E+00
 1.25833E-07    -5.82906E-01    -1.23350E-01     0.00000E+00     0.00000E+00
 1.26667E-07    -5.72091E-01    -1.48751E-01     0.00000E+00     0.00000E+00
 1.27500E-07    -5.57950E-01    -1.79171E-01     0.00000E+00     0.00000E+00
 1.28333E-07    -5.47711E-01    -2.13244E-01     0.00000E+00     0.00000E+00
 1.29167E-07    -5.46589E-01    -2.48700E-01     0.00000E+00     0.00000E+00
 1.30000E-07    -5.55731E-01    -2.82563E-01     0.00000E+00     0.00000E+00
 1.30833E-07    -5.71770E-01    -3.11550E-01     0.00000E+00     0.00000E+00
 1.31667E-07    -5.88157E-01    -3.32623E-01     0.00000E+00     0.00000E+00
 1.32500E-07    -5.97763E-01    -3.43602E-01     0.00000E+00     0.00000E+00
 1.33333E-07    -5.95729E-01    -3.43692E-01     0.00000E+00     0.00000E+00
 1.34167E-07    -5.81476E-01    -3.33792E-01     0.00000E+00     0.00000E+00
 1.35000E-07    -5.59084E-01    -3.16467E-01     0.00000E+00     0.00000E+00
 1.35833E-07    -5.35887E-01    -2.95544E-01     0.00000E+00     0.00000E+00
 1.36667E-07    -5.19804E-01    -2.75400E-01     0.00000E+00     0.00000E+00
 1.37500E-07    -5.16419E-01    -2.60067E-01     0.00000E+00     0.00000E+00
 1.38333E-07    -5.26905E-01    -2.52365E-01     0.00000E+00     0.00000E+00
 1.39167E-07    -5.47572E-01    -2.53297E-01     0.00000E+00     0.00000E+00
 1.40000E-07    -5.71209E-01    -2.61846E-01     0.00000E+00     0.00000E+00
 1.40833E-07    -5.89703E-01    -2.75263E-01     0.00000E+00     0.00000E+00
 1.41667E-07    -5.96947E-01    -2.89784E-01     0.00000E+00     0.00000E+00
 1.42500E-07    -5.90953E-01    -3.01588E-01     0.00000E+00     0.00000E+00
 1.43333E-07    -5.74394E-01    -3.07770E-01     0.00000E+00     0.00000E+00
 1.44167E-07    -5.53403E-01    -3.07050E-01     0.00000E+00     0.00000E+00
 1.45000E-07    -5.35101E-01    -3.00041E-01     0.00000E+00     0.00000E+00
 1.45833E-07    -5.24811E-01    -2.89003E-01     0.00000E+00     0.00000E+00
 1.46667E-07    -5.23992E-01    -2.77153E-01     0.00000E+00     0.00000E+00
 1.47500E-07    -5.29642E-01    -2.67741E-01     0.00000E+00     0.00000E+00
 1.48333E-07    -5.35358E-01    -2.63145E-01     0.00000E+00     0.00000E+00
 1.49167E-07    -5.33592E-01    -2.64244E-01     0.00000E+00     0.00000E+00
 1.50000E-07    -5.18236E-01    -2.70247E-01     0.00000E+00     0.00000E+00
 1.50833E-07    -4.86544E-01    -2.79004E-01     0.00000E+00     0.00000E+00
 1.51667E-07    -4.39722E-01    -2.87703E-01     0.00000E+00     0.00000E+00
 1.52500E-07    -3.82018E-01    -2.93722E-01     0.00000E+00     0.00000E+00
 1.53333E-07    -3.18759E-01    -2.95394E-01     0.00000E+00     0.00000E+00
 1.54167E-07    -2.54162E-01    -2.92451E-01     0.00000E+00     0.00000E+00
 1.55000E-07    -1.89815E-01    -2.86030E-01     0.00000E+00     0.00000E+00
 1.55833E-07    -1.24442E-01    -2.78258E-01     0.00000E+00     0.00000E+00
 1.56667E-07    -5.50280E-02    -2.71564E-01     0.00000E+00     0.00000E+00
 1.57500E-07     2.11519E-02    -2.67929E-01     0.00000E+00     0.00000E+00
 1.58333E-07     1.04444E-01    -2.68317E-01     0.00000E+00     0.00000E+00
 1.59167E-07     1.91536E-01    -2.72439E-01     0.00000E+00     0.00000E+00
 1.60000E-07     2.75562E-01    -2.78912E-01     0.00000E+00     0.00000E+00
 1.60833E-07     3.47634E-01    -2.85741E-01     0.00000E+00     0.00000E+00
 1.61667E-07     3.99323E-01    -2.90958E-01     0.00000E+00     0.00000E+00
 1.62500E-07     4.25220E-01    -2.93203E-01     0.00000E+00     0.00000E+00
 1.63333E-07     4.24698E-01    -2.92091E-01     0.00000E+00     0.00000E+00
 1.64167E-07     4.02254E-01    -2.88244E-01     0.00000E+00     0.00000E+00
 1.65000E-07     3.66336E-01    -2.83019E-01     0.00000E+00     0.00000E+00
 1.65833E-07     3.27058E-01    -2.78031E-01     0.00000E+00     0.00000E+00
 1.66667E-07     2.93597E-01    -2.74634E-01     0.00000E+00     0.00000E+00
 1.67500E-07     2.72100E-01    -2.73530E-01     0.00000E+00     0.00000E+00
 1.68333E-07     2.64723E-01    -2.74616E-01     0.00000E+00     0.00000E+00
 1.69167E-07     2.69961E-01    -2.77091E-01     0.00000E+00     0.00000E+00
 1.70000E-07     2.83987E-01    -2.79771E-01     0.00000E+00     0.00000E+00
 1.70833E-07     3.02392E-01    -2.81479E-01     0.00000E+00     0.00000E+00
 1.71667E-07     3.21665E-01    -2.81396E-01     0.00000E+00     0.00000E+00
 1.72500E-07     3.39905E-01    -2.79239E-01     0.00000E+00     0.00000E+00
 1.73334E-07     3.56686E-01    -2.75242E-01     0.00000E+00     0.00000E+00
 1.74167E-07     3.72273E-01    -2.69963E-01     0.00000E+00     0.00000E+00
 1.75000E-07     3.86699E-01    -2.63989E-01     0.00000E+00     0.00000E+00
 1.75834E-07     3.99165E-01    -2.57660E-01     0.00000E+00     0.00000E+00
 1.76667E-07     4.08049E-01    -2.50897E-01     0.00000E+00     0.00000E+00
 1.77500E-07     4.11521E-01    -2.43184E-01     0.00000E+00     0.00000E+00
 1.78334E-07     4.08436E-01    -2.33703E-01     0.00000E+00     0.00000E+00
 1.79167E-07     3.99073E-01    -2.21561E-01     0.00000E+00     0.00000E+00
 1.80000E-07     3.85346E-01    -2.06043E-01     0.00000E+00     0.00000E+00
 1.80834E-07     3.70327E-01    -1.86804E-01     0.00000E+00     0.00000E+00
 1.81667E-07     3.57269E-01    -1.63960E-01     0.00000E+00     0.00000E+00
 1.82500E-07     3.48497E-01    -1.38067E-01     0.00000E+00     0.00000E+00
 1.83334E-07     3.44648E-01    -1.10010E-01     0.00000E+00     0.00000E+00
 1.84167E-07     3.44591E-01    -8.08522E-02     0.00000E+00     0.00000E+00
 1.85000E-07     3.46061E-01    -5.16892E-02     0.00000E+00     0.00000E+00
 1.85834E-07     3.46761E-01    -2.35461E-02     0.00000E+00     0.00000E+00
 1.86667E-07     3.45465E-01     2.67663E-03     0.00000E+00     0.00000E+00
 1.87500E-07     3.42629E-01     2.62145E-02     0.00000E+00     0.00000E+00
 1.88334E-07     3.40229E-01     4.64316E-02     0.00000E+00     0.00000E+00
 1.89167E-07     3.40856E-01     6.28159E-02     0.00000E+00     0.00000E+00
 1.90000E-07     3.46433E-01     7.49922E-02     0.00000E+00     0.00000E+00
 1.90834E-07     3.57083E-01     8.27532E-02     0.00000E+00     0.00000E+00
 1.91667E-07     3.70678E-01     8.61002E-02     0.00000E+00     0.00000E+00
 1.92500E-07     3.83318E-01     8.52803E-02     0.00000E+00     0.00000E+00
 1.93334E-07     3.90633E-01     8.08092E-02     0.00000E+00     0.00000E+00
 1.94167E-07     3.89455E-01     7.34708E-02     0.00000E+00     0.00000E+00
 1.95000E-07     3.79192E-01     6.42923E-02     0.00000E+00     0.00000E+00
 1.95834E-07     3.62345E-01     5.44914E-02     0.00000E+00     0.00000E+00
 1.96667E-07     3.43876E-01     4.53944E-02     0.00000E+00     0.00000E+00
 1.97500E-07     3.29578E-01     3.83212E-02     0.00000E+00     0.00000E+00
 1.98334E-07     3.24004E-01     3.44375E-02     0.00000E+00     0.00000E+00
 1.99167E-07     3.28702E-01     3.45851E-02     0.00000E+00     0.00000E+00
 2.00000E-07     3.41437E-01     3.91133E-02     0.00000E+00     0.00000E+00
 2.00834E-07     3.56756E-01     4.77506E-02     0.00000E+00     0.00000E+00
 2.01667E-07     3.67745E-01     5.95587E-02     0.00000E+00     0.00000E+00
 2.02500E-07     3.68398E-01     7.30069E-02     0.00000E+00     0.00000E+00
 2.03334E-07     3.55764E-01     8.61774E-02     0.00000E+00     0.00000E+00
 2.04167E-07     3.31070E-01     9.70824E-02     0.00000E+00     0.00000E+00
 2.05000E-07     2.99399E-01     1.04033E-01     0.00000E+00     0.00000E+00
 2.05834E-07     2.67967E-01     1.05982E-01     0.00000E+00     0.00000E+00
 2.06667E-07     2.43613E-01     1.02745E-01     0.00000E+00     0.00000E+00
 2.07500E-07     2.30342E-01     9.50512E-02     0.00000E+00     0.00000E+00
 2.08334E-07     2.27836E-01     8.43874E-02     0.00000E+00     0.00000E+00
 2.09167E-07     2.31463E-01     7.26796E-02     0.00000E+00     0.00000E+00
 2.10000E-07     2.33832E-01     6.18860E-02     0.00000E+00     0.00000E+00
 2.10834E-07     2.27364E-01     5.36056E-02     0.00000E+00     0.00000E+00
 2.11667E-07     2.07012E-01     4.87988E-02     0.00000E+00     0.00000E+00
 2.12500E-07     1.72173E-01     4.76799E-02     0.00000E+00     0.00000E+00
 2.13334E-07     1.27134E-01     4.97925E-02     0.00000E+00     0.00000E+00
 2.14167E-07     7.98728E-02     5.42225E-02     0.00000E+00     0.00000E+00
 2.15000E-07     3.96106E-02     5.98726E-02     0.00000E+00     0.00000E+00
 2.15834E-07     1.39458E-02     6.57127E-02     0.00000E+00     0.00000E+00
 2.16667E-07     6.51649E-03     7.09432E-02     0.00000E+00     0.00000E+00
 2.17500E-07     1.59633E-02     7.50494E-02     0.00000E+00     0.00000E+00
 2.18334E-07     3.65086E-02     7.77658E-02     0.00000E+00     0.00000E+00
 2.19167E-07     5.99194E-02     7.89990E-02     0.00000E+00     0.00000E+00
 2.20000E-07     7.81649E-02     7.87639E-02     0.00000E+00     0.00000E+00
 2.20834E-07     8.58713E-02     7.71670E-02     0.00000E+00     0.00000E+00
 2.21667E-07     8.17734E-02     7.44359E-02     0.00000E+00     0.00000E+00
 2.22500E-07     6.87332E-02     7.09659E-02     0.00000E+00     0.00000E+00
 2.23334E-07     5.23940E-02     6.73330E-02     0.00000E+00     0.00000E+00
 2.24167E-07     3.89931E-02     6.42341E-02     0.00000E+00     0.00000E+00
 2.25001E-07     3.31177E-02     6.23447E-02     0.00000E+00     0.00000E+00
 2.25834E-07     3.61674E-02     6.21264E-02     0.00000E+00     0.00000E+00
 2.26667E-07     4.60111E-02     6.36464E-02     0.00000E+00     0.00000E+00
 2.27501E-07     5.78973E-02     6.64868E-02     0.00000E+00     0.00000E+00
 2.28334E-07     6.62464E-02     6.97962E-02     0.00000E+00     0.00000E+00
 2.29167E-07     6.66723E-02     7.24944E-02     0.00000E+00     0.00000E+00
 2.30001E-07     5.75338E-02     7.35816E-02     0.00000E+00     0.00000E+00
 2.30834E-07     4.05078E-02     7.24609E-02     0.00000E+00     0.00000E+00
 2.31667E-07     2.00294E-02     6.91637E-02     0.00000E+00     0.00000E+00
 2.32501E-07     1.83015E-03     6.43924E-02     0.00000E+00     0.00000E+00
 2.33334E-07    -8.90471E-03     5.93498E-02     0.00000E+00     0.00000E+00
 2.34167E-07    -9.14144E-03     5.53939E-02     0.00000E+00     0.00000E+00
 2.35001E-07     1.14061E-03     5.36209E-02     0.00000E+00     0.00000E+00
 2.35834E-07     1.90665E-02     5.45090E-02     0.00000E+00     0.00000E+00
 2.36667E-07     3.98647E-02     5.77423E-02     0.00000E+00     0.00000E+00
 2.37501E-07     5.83739E-02     6.22784E-02     0.00000E+00     0.00000E+00
 2.38334E-07     7.05491E-02     6.66450E-02     0.00000E+00     0.00000E+00
 2.39167E-07     7.44982E-02     6.93780E-02     0.00000E+00     0.00000E+00
 2.40001E-07     7.07703E-02     6.94613E-02     0.00000E+00     0.00000E+00
 2.40834E-07     6.18784E-02     6.66319E-02     0.00000E+00     0.00000E+00
 2.41667E-07     5.12873E-02     6.14538E-02     0.00000E+00     0.00000E+00
 2.42501E-07     4.22398E-02     5.51404E-02     0.00000E+00     0.00000E+00
 2.43334E-07     3.68133E-02     4.91856E-02     0.00000E+00     0.00000E+00
 2.44167E-07     3.54750E-02     4.49228E-02     0.00000E+00     0.00000E+00
 2.45001E-07     3.72192E-02     4.31487E-02     0.00000E+00     0.00000E+00
 2.45834E-07     4.01654E-02     4.39246E-02     0.00000E+00     0.00000E+00
 2.46667E-07     4.23640E-02     4.66048E-02     0.00000E+00     0.00000E+00
 2.47501E-07     4.25123E-02     5.00678E-02     0.00000E+00     0.00000E+00
 2.48334E-07     4.03518E-02     5.30679E-02     0.00000E+00     0.00000E+00
 2.49167E-07     3.66472E-02     5.45903E-02     0.00000E+00     0.00000E+00
 2.50000E-07     3.28033E-02     5.41061E-02     0.00000E+00     0.00000E+00
 2.50834E-07     3.02881E-02     5.16638E-02     0.00000E+00     0.00000E+00
 2.51667E-07     3.00821E-02     4.78117E-02     0.00000E+00     0.00000E+00
 2.52500E-07     3.23394E-02     4.33976E-02     0.00000E+00     0.00000E+00
 2.53334E-07     3.63567E-02     3.93215E-02     0.00000E+00     0.00000E+00
 2.54167E-07     4.08316E-02     3.63185E-02     0.00000E+00     0.00000E+00
 2.55000E-07     4.42980E-02     3.48248E-02     0.00000E+00     0.00000E+00
 2.55834E-07     4.55764E-02     3.49406E-02     0.00000E+00     0.00000E+00
 2.56667E-07     4.40917E-02     3.64745E-02     0.00000E+00     0.00000E+00
 2.57500E-07     3.99687E-02     3.90303E-02     0.00000E+00     0.00000E+00
 2.58334E-07     3.39011E-02     4.21018E-02     0.00000E+00     0.00000E+00
 2.59167E-07     2.68627E-02     4.51523E-02     0.00000E+00     0.00000E+00
 2.60000E-07     1.97753E-02     4.76770E-02     0.00000E+00     0.00000E+00
 2.60834E-07     1.32426E-02     4.92594E-02     0.00000E+00     0.00000E+00
 2.61667E-07     7.42713E-03     4.96285E-02     0.00000E+00     0.00000E+00
 2.62500E-07     2.08257E-03     4.87197E-02     0.00000E+00     0.00000E+00
 2.63334E-07    -3.29383E-03     4.67176E-02     0.00000E+00     0.00000E+00
 2.64167E-07    -9.26235E-03     4.40575E-02     0.00000E+00     0.00000E+00
 2.65000E-07    -1.62663E-02     4.13610E-02     0.00000E+00     0.00000E+00
 2.65834E-07    -2.45300E-02     3.93026E-02     0.00000E+00     0.00000E+00
 2.66667E-07    -3.40386E-02     3.84336E-02     0.00000E+00     0.00000E+00
 2.67500E-07    -4.45760E-02     3.90135E-02     0.00000E+00     0.00000E+00
 2.68334E-07    -5.57811E-02     4.09079E-02     0.00000E+00     0.00000E+00
 2.69167E-07    -6.71903E-02     4.35996E-02     0.00000E+00     0.00000E+00
 2.70000E-07    -7.82555E-02     4.63255E-02     0.00000E+00     0.00000E+00
 2.70834E-07    -8.83550E-02     4.83042E-02     0.00000E+00     0.00000E+00
 2.71667E-07    -9.68268E-02     4.89853E-02     0.00000E+00     0.00000E+00
 2.72500E-07    -1.03050E-01     4.82331E-02     0.00000E+00     0.00000E+00
 2.73334E-07    -1.06574E-01     4.63759E-02     0.00000E+00     0.00000E+00
 2.74167E-07    -1.07262E-01     4.40939E-02     0.00000E+00     0.00000E+00
 2.75000E-07    -1.05397E-01     4.21786E-02     0.00000E+00     0.00000E+00
 2.75834E-07    -1.01672E-01     4.12438E-02     0.00000E+00     0.00000E+00
 2.76667E-07    -9.70634E-02     4.14942E-02     0.00000E+00     0.00000E+00
 2.77500E-07    -9.25687E-02     4.26378E-02     0.00000E+00     0.00000E+00
 2.78334E-07    -8.89123E-02     4.39850E-02     0.00000E+00     0.00000E+00
 2.79167E-07    -8.63054E-02     4.47020E-02     0.00000E+00     0.00000E+00
 2.80000E-07    -8.43726E-02     4.41340E-02     0.00000E+00     0.00000E+00
 2.80833E-07    -8.23013E-02     4.20758E-02     0.00000E+00     0.00000E+00
 2.81667E-07    -7.91911E-02     3.88849E-02     0.00000E+00     0.00000E+00
 2.82500E-07    -7.44992E-02     3.53841E-02     0.00000E+00     0.00000E+00
 2.83333E-07    -6.84184E-02     3.25760E-02     0.00000E+00     0.00000E+00
 2.84167E-07    -6.20273E-02     3.12654E-02     0.00000E+00     0.00000E+00
 2.85000E-07    -5.71110E-02     3.17242E-02     0.00000E+00     0.00000E+00
 2.85833E-07    -5.56637E-02     3.35255E-02     0.00000E+00     0.00000E+00
 2.86667E-07    -5.92060E-02     3.56203E-02     0.00000E+00     0.00000E+00
 2.87500E-07    -6.81395E-02     3.66438E-02     0.00000E+00     0.00000E+00
 2.88333E-07    -8.13774E-02     3.53569E-02     0.00000E+00     0.00000E+00
 2.89167E-07    -9.64246E-02     3.10746E-02     0.00000E+00     0.00000E+00
 2.90000E-07    -1.09937E-01     2.39307E-02     0.00000E+00     0.00000E+00
 2.90833E-07    -1.18625E-01     1.48818E-02     0.00000E+00     0.00000E+00
 2.91667E-07    -1.20238E-01     5.43793E-03     0.00000E+00     0.00000E+00
 2.92500E-07    -1.14294E-01    -2.79516E-03     0.00000E+00     0.00000E+00
 2.93333E-07    -1.02313E-01    -8.61412E-03     0.00000E+00     0.00000E+00
 2.94167E-07    -8.74305E-02    -1.15889E-02     0.00000E+00     0.00000E+00
 2.95000E-07    -7.34874E-02    -1.21819E-02     0.00000E+00     0.00000E+00
 2.95833E-07    -6.38879E-02    -1.15754E-02     0.00000E+00     0.00000E+00
 2.96667E-07    -6.05801E-02    -1.12634E-02     0.00000E+00     0.00000E+00
 2.97500E-07    -6.35104E-02    -1.25459E-02     0.00000E+00     0.00000E+00
 2.98333E-07    -7.07354E-02    -1.60933E-02     0.00000E+00     0.00000E+00
 2.99167E-07    -7.91577E-02    -2.17239E-02     0.00000E+00     0.00000E+00
 3.00000E-07    -8.56324E-02    -2.84624E-02     0.00000E+00     0.00000E+00
