TOTAL NUMBER OF CONDUCTORS= 3
LINE LENGTH (meters)= 2.000E+00
OUTPUT CONDUCTOR= 1
REFERENCE CONDUCTOR IS ANOTHER CONDUCTOR

MAGNITUDE OF INCIDENT ELECTRIC FIELD= 1.00000E+00  Volts/ meter
ELECTRIC FIELD POLARIZATION (THETA)= 9.00000E+01  Degrees
PROPAGATION DIRECTION (THETA)= 9.00000E+01  Degrees
PROPAGATION DIRECTION (PHI)=-9.00000E+01  Degrees

CONDUCTOR  X COORDINATE (meters)     Y COORDINATE (meters)

    1      -1.270E-03                     0.000E+00
    2       1.270E-03                     0.000E+00
DC RESISTANCE OF REFERENCE CONDUCTOR (OHMS/M)= 1.512E-01
BREAK FREQUENCY (HZ)= 4.814E+05

 I      RDC            BREAK FREQUENCY
 1   1.512E-01           4.814E+05
 2   1.512E-01           4.814E+05

TERMINAL NETWORK CHARACTERIZATION
 I J   VSR      VSI      ZSR      ZSI      VLR      VLI      ZLR      ZLI
 1 1 0.00E+00 0.00E+00 5.00E+02 0.00E+00 0.00E+00 0.00E+00 5.00E+02 0.00E+00
 2 2 0.00E+00 0.00E+00 5.00E+02 0.00E+00 0.00E+00 0.00E+00 5.00E+02 0.00E+00
 1 2                    0.0E+00  0.0E+00                    0.0E+00  0.0E+00

PER-UNIT-LENGTH PARAMETERS
L( 1, 1)= 1.11170E-06
L( 1, 2)= 6.93901E-07
L( 2, 2)= 1.38780E-06
C( 1, 1)= 4.03439E-11
C( 1, 2)=-2.01719E-11
C( 2, 2)= 2.95910E-11

OUTPUT CONDUCTOR= 1

 FREQUENCY    VNEMAG      VNEANG      VFEMAG      VFEANG
 1.000E+06   2.641E-04   7.963E+01   2.117E-04   7.742E+01
 2.000E+06   5.062E-04   6.981E+01   4.058E-04   6.538E+01
 3.000E+06   7.125E-04   6.092E+01   5.712E-04   5.427E+01
 4.000E+06   8.789E-04   5.314E+01   7.048E-04   4.425E+01
 5.000E+06   1.009E-03   4.643E+01   8.090E-04   3.532E+01
 6.000E+06   1.108E-03   4.071E+01   8.890E-04   2.735E+01
 7.000E+06   1.184E-03   3.583E+01   9.499E-04   2.022E+01
 8.000E+06   1.241E-03   3.164E+01   9.961E-04   1.377E+01
 9.000E+06   1.285E-03   2.803E+01   1.031E-03   7.886E+00
 1.000E+07   1.319E-03   2.489E+01   1.058E-03   2.461E+00
 1.100E+07   1.345E-03   2.214E+01   1.078E-03  -2.588E+00
 1.200E+07   1.365E-03   1.970E+01   1.094E-03  -7.328E+00
 1.300E+07   1.380E-03   1.753E+01   1.105E-03  -1.182E+01
 1.400E+07   1.392E-03   1.559E+01   1.113E-03  -1.609E+01
 1.500E+07   1.402E-03   1.383E+01   1.119E-03  -2.019E+01
 1.600E+07   1.410E-03   1.222E+01   1.123E-03  -2.414E+01
 1.700E+07   1.416E-03   1.075E+01   1.124E-03  -2.797E+01
 1.800E+07   1.421E-03   9.381E+00   1.125E-03  -3.170E+01
 1.900E+07   1.425E-03   8.104E+00   1.123E-03  -3.534E+01
 2.000E+07   1.429E-03   6.898E+00   1.121E-03  -3.891E+01
 2.100E+07   1.433E-03   5.750E+00   1.117E-03  -4.241E+01
 2.200E+07   1.436E-03   4.643E+00   1.112E-03  -4.587E+01
 2.300E+07   1.440E-03   3.565E+00   1.106E-03  -4.928E+01
 2.400E+07   1.443E-03   2.501E+00   1.099E-03  -5.267E+01
 2.500E+07   1.447E-03   1.437E+00   1.090E-03  -5.602E+01
 2.600E+07   1.451E-03   3.591E-01   1.080E-03  -5.936E+01
 2.700E+07   1.455E-03  -7.474E-01   1.068E-03  -6.268E+01
 2.800E+07   1.460E-03  -1.899E+00   1.055E-03  -6.599E+01
 2.900E+07   1.464E-03  -3.112E+00   1.039E-03  -6.929E+01
 3.000E+07   1.468E-03  -4.408E+00   1.021E-03  -7.258E+01
 3.100E+07   1.472E-03  -5.808E+00   1.001E-03  -7.586E+01
 3.200E+07   1.476E-03  -7.337E+00   9.767E-04  -7.911E+01
 3.300E+07   1.479E-03  -9.026E+00   9.488E-04  -8.233E+01
 3.400E+07   1.480E-03  -1.091E+01   9.163E-04  -8.548E+01
 3.500E+07   1.478E-03  -1.303E+01   8.783E-04  -8.851E+01
 3.600E+07   1.473E-03  -1.543E+01   8.339E-04  -9.131E+01
 3.700E+07   1.463E-03  -1.818E+01   7.824E-04  -9.371E+01
 3.800E+07   1.444E-03  -2.133E+01   7.231E-04  -9.539E+01
 3.900E+07   1.414E-03  -2.495E+01   6.570E-04  -9.579E+01
 4.000E+07   1.367E-03  -2.910E+01   5.884E-04  -9.393E+01
 4.100E+07   1.298E-03  -3.380E+01   5.289E-04  -8.841E+01
 4.200E+07   1.200E-03  -3.897E+01   5.025E-04  -7.850E+01
 4.300E+07   1.068E-03  -4.429E+01   5.379E-04  -6.703E+01
 4.400E+07   8.990E-04  -4.904E+01   6.415E-04  -5.945E+01
 4.500E+07   7.039E-04  -5.158E+01   7.890E-04  -5.781E+01
 4.600E+07   5.066E-04  -4.837E+01   9.475E-04  -6.066E+01
 4.700E+07   3.557E-04  -3.225E+01   1.092E-03  -6.599E+01
 4.800E+07   3.249E-04  -2.619E+00   1.209E-03  -7.238E+01
 4.900E+07   4.100E-04   1.819E+01   1.297E-03  -7.899E+01
 5.000E+07   5.303E-04   2.614E+01   1.359E-03  -8.539E+01
 5.100E+07   6.458E-04   2.823E+01   1.400E-03  -9.140E+01
 5.200E+07   7.466E-04   2.798E+01   1.426E-03  -9.699E+01
 5.300E+07   8.317E-04   2.679E+01   1.441E-03  -1.022E+02
 5.400E+07   9.028E-04   2.524E+01   1.448E-03  -1.070E+02
 5.500E+07   9.621E-04   2.358E+01   1.451E-03  -1.115E+02
 5.600E+07   1.012E-03   2.194E+01   1.450E-03  -1.158E+02
 5.700E+07   1.053E-03   2.037E+01   1.447E-03  -1.199E+02
 5.800E+07   1.088E-03   1.888E+01   1.442E-03  -1.237E+02
 5.900E+07   1.117E-03   1.748E+01   1.436E-03  -1.274E+02
 6.000E+07   1.142E-03   1.618E+01   1.429E-03  -1.310E+02
 6.100E+07   1.164E-03   1.496E+01   1.421E-03  -1.345E+02
 6.200E+07   1.182E-03   1.382E+01   1.414E-03  -1.378E+02
 6.300E+07   1.197E-03   1.276E+01   1.406E-03  -1.411E+02
 6.400E+07   1.211E-03   1.178E+01   1.398E-03  -1.443E+02
 6.500E+07   1.223E-03   1.085E+01   1.390E-03  -1.474E+02
 6.600E+07   1.233E-03   9.985E+00   1.381E-03  -1.505E+02
 6.700E+07   1.242E-03   9.171E+00   1.373E-03  -1.535E+02
 6.800E+07   1.250E-03   8.403E+00   1.365E-03  -1.565E+02
 6.900E+07   1.258E-03   7.675E+00   1.356E-03  -1.595E+02
 7.000E+07   1.265E-03   6.981E+00   1.347E-03  -1.624E+02
 7.100E+07   1.271E-03   6.315E+00   1.338E-03  -1.652E+02
 7.200E+07   1.278E-03   5.669E+00   1.329E-03  -1.681E+02
 7.300E+07   1.285E-03   5.035E+00   1.319E-03  -1.709E+02
 7.400E+07   1.292E-03   4.404E+00   1.309E-03  -1.736E+02
 7.500E+07   1.299E-03   3.766E+00   1.298E-03  -1.763E+02
 7.600E+07   1.306E-03   3.108E+00   1.286E-03  -1.790E+02
 7.700E+07   1.314E-03   2.416E+00   1.273E-03   1.783E+02
 7.800E+07   1.322E-03   1.672E+00   1.260E-03   1.758E+02
 7.900E+07   1.331E-03   8.570E-01   1.245E-03   1.733E+02
 8.000E+07   1.341E-03  -5.430E-02   1.230E-03   1.709E+02
 8.100E+07   1.350E-03  -1.091E+00   1.213E-03   1.686E+02
 8.200E+07   1.359E-03  -2.286E+00   1.195E-03   1.665E+02
 8.300E+07   1.366E-03  -3.679E+00   1.176E-03   1.647E+02
 8.400E+07   1.371E-03  -5.308E+00   1.158E-03   1.631E+02
 8.500E+07   1.371E-03  -7.207E+00   1.143E-03   1.620E+02
 8.600E+07   1.363E-03  -9.389E+00   1.133E-03   1.612E+02
 8.700E+07   1.344E-03  -1.182E+01   1.133E-03   1.609E+02
 8.800E+07   1.309E-03  -1.438E+01   1.148E-03   1.607E+02
 8.900E+07   1.256E-03  -1.681E+01   1.182E-03   1.604E+02
 9.000E+07   1.186E-03  -1.872E+01   1.232E-03   1.594E+02
 9.100E+07   1.106E-03  -1.964E+01   1.293E-03   1.575E+02
 9.200E+07   1.026E-03  -1.923E+01   1.355E-03   1.547E+02
 9.300E+07   9.585E-04  -1.742E+01   1.409E-03   1.512E+02
 9.400E+07   9.102E-04  -1.457E+01   1.452E-03   1.473E+02
 9.500E+07   8.826E-04  -1.126E+01   1.483E-03   1.433E+02
 9.600E+07   8.728E-04  -8.002E+00   1.503E-03   1.393E+02
 9.700E+07   8.758E-04  -5.152E+00   1.515E-03   1.355E+02
 9.800E+07   8.869E-04  -2.832E+00   1.521E-03   1.317E+02
 9.900E+07   9.025E-04  -1.035E+00   1.524E-03   1.281E+02
 1.000E+08   9.200E-04   3.076E-01   1.524E-03   1.247E+02
 1.010E+08   9.380E-04   1.278E+00   1.522E-03   1.213E+02
 1.020E+08   9.555E-04   1.954E+00   1.519E-03   1.180E+02
 1.030E+08   9.720E-04   2.399E+00   1.516E-03   1.148E+02
 1.040E+08   9.872E-04   2.665E+00   1.512E-03   1.117E+02
 1.050E+08   1.001E-03   2.794E+00   1.507E-03   1.086E+02
 1.060E+08   1.013E-03   2.816E+00   1.503E-03   1.056E+02
 1.070E+08   1.023E-03   2.757E+00   1.499E-03   1.026E+02
 1.080E+08   1.032E-03   2.638E+00   1.495E-03   9.967E+01
 1.090E+08   1.040E-03   2.474E+00   1.492E-03   9.675E+01
 1.100E+08   1.046E-03   2.279E+00   1.488E-03   9.385E+01
 1.110E+08   1.050E-03   2.066E+00   1.485E-03   9.096E+01
 1.120E+08   1.053E-03   1.844E+00   1.482E-03   8.809E+01
 1.130E+08   1.055E-03   1.622E+00   1.479E-03   8.522E+01
 1.140E+08   1.055E-03   1.411E+00   1.477E-03   8.235E+01
 1.150E+08   1.055E-03   1.218E+00   1.475E-03   7.949E+01
 1.160E+08   1.052E-03   1.053E+00   1.473E-03   7.661E+01
 1.170E+08   1.049E-03   9.267E-01   1.471E-03   7.372E+01
 1.180E+08   1.045E-03   8.490E-01   1.470E-03   7.082E+01
 1.190E+08   1.039E-03   8.326E-01   1.468E-03   6.789E+01
 1.200E+08   1.032E-03   8.920E-01   1.467E-03   6.494E+01
 1.210E+08   1.025E-03   1.044E+00   1.466E-03   6.195E+01
 1.220E+08   1.017E-03   1.309E+00   1.464E-03   5.892E+01
 1.230E+08   1.008E-03   1.709E+00   1.462E-03   5.584E+01
 1.240E+08   9.993E-04   2.273E+00   1.460E-03   5.270E+01
 1.250E+08   9.910E-04   3.029E+00   1.456E-03   4.949E+01
 1.260E+08   9.839E-04   4.009E+00   1.451E-03   4.620E+01
 1.270E+08   9.792E-04   5.239E+00   1.444E-03   4.283E+01
 1.280E+08   9.784E-04   6.731E+00   1.434E-03   3.937E+01
 1.290E+08   9.836E-04   8.464E+00   1.420E-03   3.581E+01
 1.300E+08   9.974E-04   1.036E+01   1.401E-03   3.219E+01
 1.310E+08   1.023E-03   1.226E+01   1.374E-03   2.854E+01
 1.320E+08   1.061E-03   1.390E+01   1.339E-03   2.497E+01
 1.330E+08   1.113E-03   1.499E+01   1.295E-03   2.163E+01
 1.340E+08   1.176E-03   1.523E+01   1.243E-03   1.876E+01
 1.350E+08   1.243E-03   1.451E+01   1.189E-03   1.660E+01
 1.360E+08   1.305E-03   1.290E+01   1.138E-03   1.530E+01
 1.370E+08   1.355E-03   1.065E+01   1.101E-03   1.478E+01
 1.380E+08   1.388E-03   8.117E+00   1.080E-03   1.468E+01
 1.390E+08   1.404E-03   5.571E+00   1.076E-03   1.456E+01
 1.400E+08   1.407E-03   3.210E+00   1.085E-03   1.409E+01
 1.410E+08   1.399E-03   1.128E+00   1.102E-03   1.315E+01
 1.420E+08   1.386E-03  -6.518E-01   1.122E-03   1.173E+01
 1.430E+08   1.369E-03  -2.147E+00   1.143E-03   9.920E+00
 1.440E+08   1.350E-03  -3.392E+00   1.163E-03   7.809E+00
 1.450E+08   1.331E-03  -4.429E+00   1.182E-03   5.473E+00
 1.460E+08   1.312E-03  -5.296E+00   1.199E-03   2.975E+00
 1.470E+08   1.294E-03  -6.027E+00   1.214E-03   3.576E-01
 1.480E+08   1.277E-03  -6.653E+00   1.227E-03  -2.346E+00
 1.490E+08   1.261E-03  -7.199E+00   1.239E-03  -5.115E+00
 1.500E+08   1.246E-03  -7.688E+00   1.249E-03  -7.934E+00
 1.510E+08   1.232E-03  -8.136E+00   1.258E-03  -1.079E+01
 1.520E+08   1.219E-03  -8.558E+00   1.266E-03  -1.368E+01
 1.530E+08   1.206E-03  -8.968E+00   1.273E-03  -1.661E+01
 1.540E+08   1.194E-03  -9.375E+00   1.279E-03  -1.956E+01
 1.550E+08   1.181E-03  -9.788E+00   1.285E-03  -2.253E+01
 1.560E+08   1.169E-03  -1.021E+01   1.290E-03  -2.554E+01
 1.570E+08   1.157E-03  -1.066E+01   1.294E-03  -2.858E+01
 1.580E+08   1.144E-03  -1.113E+01   1.298E-03  -3.165E+01
 1.590E+08   1.130E-03  -1.162E+01   1.301E-03  -3.476E+01
 1.600E+08   1.115E-03  -1.214E+01   1.304E-03  -3.791E+01
 1.610E+08   1.099E-03  -1.269E+01   1.306E-03  -4.111E+01
 1.620E+08   1.081E-03  -1.327E+01   1.308E-03  -4.437E+01
 1.630E+08   1.061E-03  -1.388E+01   1.310E-03  -4.769E+01
 1.640E+08   1.039E-03  -1.450E+01   1.311E-03  -5.109E+01
 1.650E+08   1.015E-03  -1.514E+01   1.310E-03  -5.457E+01
 1.660E+08   9.866E-04  -1.578E+01   1.309E-03  -5.816E+01
 1.670E+08   9.547E-04  -1.639E+01   1.307E-03  -6.186E+01
 1.680E+08   9.184E-04  -1.694E+01   1.303E-03  -6.569E+01
 1.690E+08   8.768E-04  -1.736E+01   1.297E-03  -6.969E+01
 1.700E+08   8.294E-04  -1.757E+01   1.288E-03  -7.386E+01
 1.710E+08   7.755E-04  -1.739E+01   1.276E-03  -7.825E+01
 1.720E+08   7.149E-04  -1.655E+01   1.258E-03  -8.287E+01
 1.730E+08   6.484E-04  -1.457E+01   1.234E-03  -8.777E+01
 1.740E+08   5.789E-04  -1.064E+01   1.201E-03  -9.296E+01
 1.750E+08   5.146E-04  -3.522E+00   1.157E-03  -9.844E+01
 1.760E+08   4.725E-04   7.985E+00   1.099E-03  -1.042E+02
 1.770E+08   4.783E-04   2.282E+01   1.022E-03  -1.101E+02
 1.780E+08   5.496E-04   3.616E+01   9.261E-04  -1.158E+02
 1.790E+08   6.784E-04   4.406E+01   8.105E-04  -1.208E+02
 1.800E+08   8.409E-04   4.658E+01   6.808E-04  -1.240E+02
 1.810E+08   1.013E-03   4.541E+01   5.502E-04  -1.236E+02
 1.820E+08   1.174E-03   4.207E+01   4.425E-04  -1.170E+02
 1.830E+08   1.312E-03   3.765E+01   3.887E-04  -1.036E+02
 1.840E+08   1.421E-03   3.289E+01   4.037E-04  -8.922E+01
 1.850E+08   1.501E-03   2.819E+01   4.656E-04  -8.043E+01
 1.860E+08   1.556E-03   2.379E+01   5.440E-04  -7.723E+01
 1.870E+08   1.590E-03   1.979E+01   6.219E-04  -7.741E+01
 1.880E+08   1.609E-03   1.619E+01   6.923E-04  -7.939E+01
 1.890E+08   1.616E-03   1.298E+01   7.536E-04  -8.229E+01
 1.900E+08   1.616E-03   1.012E+01   8.060E-04  -8.566E+01
 1.910E+08   1.610E-03   7.571E+00   8.502E-04  -8.927E+01
 1.920E+08   1.600E-03   5.283E+00   8.875E-04  -9.297E+01
 1.930E+08   1.587E-03   3.224E+00   9.187E-04  -9.672E+01
 1.940E+08   1.572E-03   1.358E+00   9.449E-04  -1.005E+02
 1.950E+08   1.557E-03  -3.437E-01   9.667E-04  -1.042E+02
 1.960E+08   1.541E-03  -1.907E+00   9.848E-04  -1.079E+02
 1.970E+08   1.524E-03  -3.354E+00   9.996E-04  -1.116E+02
 1.980E+08   1.508E-03  -4.706E+00   1.012E-03  -1.152E+02
 1.990E+08   1.492E-03  -5.982E+00   1.021E-03  -1.189E+02
 2.000E+08   1.475E-03  -7.199E+00   1.028E-03  -1.225E+02
 2.010E+08   1.459E-03  -8.374E+00   1.034E-03  -1.261E+02
 2.020E+08   1.443E-03  -9.521E+00   1.037E-03  -1.297E+02
 2.030E+08   1.427E-03  -1.066E+01   1.039E-03  -1.334E+02
 2.040E+08   1.411E-03  -1.179E+01   1.038E-03  -1.370E+02
 2.050E+08   1.395E-03  -1.295E+01   1.036E-03  -1.407E+02
 2.060E+08   1.378E-03  -1.414E+01   1.033E-03  -1.444E+02
 2.070E+08   1.361E-03  -1.537E+01   1.027E-03  -1.481E+02
 2.080E+08   1.343E-03  -1.667E+01   1.019E-03  -1.519E+02
 2.090E+08   1.323E-03  -1.806E+01   1.010E-03  -1.558E+02
 2.100E+08   1.302E-03  -1.954E+01   9.975E-04  -1.597E+02
 2.110E+08   1.278E-03  -2.115E+01   9.826E-04  -1.638E+02
 2.120E+08   1.251E-03  -2.290E+01   9.645E-04  -1.680E+02
 2.130E+08   1.221E-03  -2.482E+01   9.426E-04  -1.723E+02
 2.140E+08   1.185E-03  -2.694E+01   9.163E-04  -1.768E+02
 2.150E+08   1.143E-03  -2.929E+01   8.845E-04   1.785E+02
 2.160E+08   1.093E-03  -3.190E+01   8.462E-04   1.736E+02
 2.170E+08   1.034E-03  -3.480E+01   7.998E-04   1.685E+02
 2.180E+08   9.618E-04  -3.801E+01   7.438E-04   1.631E+02
 2.190E+08   8.751E-04  -4.156E+01   6.761E-04   1.574E+02
 2.200E+08   7.704E-04  -4.538E+01   5.946E-04   1.517E+02
 2.210E+08   6.450E-04  -4.929E+01   4.972E-04   1.460E+02
 2.220E+08   4.968E-04  -5.271E+01   3.831E-04   1.413E+02
 2.230E+08   3.269E-04  -5.351E+01   2.542E-04   1.404E+02
 2.240E+08   1.495E-04  -3.830E+01   1.280E-04   1.586E+02
 2.250E+08   1.363E-04   5.058E+01   1.295E-04  -1.316E+02
 2.260E+08   3.319E-04   7.000E+01   2.717E-04  -1.133E+02
 2.270E+08   5.412E-04   6.846E+01   4.294E-04  -1.154E+02
 2.280E+08   7.373E-04   6.338E+01   5.781E-04  -1.219E+02
 2.290E+08   9.106E-04   5.748E+01   7.096E-04  -1.294E+02
 2.300E+08   1.057E-03   5.160E+01   8.206E-04  -1.371E+02
 2.310E+08   1.178E-03   4.605E+01   9.114E-04  -1.446E+02
 2.320E+08   1.274E-03   4.097E+01   9.840E-04  -1.516E+02
 2.330E+08   1.351E-03   3.636E+01   1.041E-03  -1.582E+02
 2.340E+08   1.410E-03   3.220E+01   1.086E-03  -1.644E+02
 2.350E+08   1.456E-03   2.845E+01   1.120E-03  -1.702E+02
 2.360E+08   1.492E-03   2.507E+01   1.146E-03  -1.757E+02
 2.370E+08   1.519E-03   2.200E+01   1.165E-03   1.792E+02
 2.380E+08   1.539E-03   1.920E+01   1.179E-03   1.743E+02
 2.390E+08   1.553E-03   1.664E+01   1.189E-03   1.697E+02
 2.400E+08   1.563E-03   1.428E+01   1.196E-03   1.652E+02
 2.410E+08   1.570E-03   1.209E+01   1.199E-03   1.609E+02
 2.420E+08   1.574E-03   1.006E+01   1.200E-03   1.568E+02
 2.430E+08   1.575E-03   8.164E+00   1.198E-03   1.528E+02
 2.440E+08   1.575E-03   6.381E+00   1.195E-03   1.489E+02
 2.450E+08   1.573E-03   4.696E+00   1.190E-03   1.451E+02
 2.460E+08   1.569E-03   3.095E+00   1.183E-03   1.413E+02
 2.470E+08   1.565E-03   1.563E+00   1.174E-03   1.377E+02
 2.480E+08   1.560E-03   8.667E-02   1.164E-03   1.341E+02
 2.490E+08   1.555E-03  -1.348E+00   1.153E-03   1.306E+02
 2.500E+08   1.549E-03  -2.755E+00   1.139E-03   1.272E+02
 2.510E+08   1.543E-03  -4.149E+00   1.125E-03   1.238E+02
 2.520E+08   1.537E-03  -5.545E+00   1.108E-03   1.205E+02
 2.530E+08   1.530E-03  -6.960E+00   1.090E-03   1.172E+02
 2.540E+08   1.523E-03  -8.411E+00   1.069E-03   1.140E+02
 2.550E+08   1.515E-03  -9.918E+00   1.047E-03   1.109E+02
 2.560E+08   1.506E-03  -1.150E+01   1.021E-03   1.079E+02
 2.570E+08   1.497E-03  -1.319E+01   9.933E-04   1.049E+02
 2.580E+08   1.485E-03  -1.500E+01   9.621E-04   1.021E+02
 2.590E+08   1.472E-03  -1.697E+01   9.276E-04   9.956E+01
 2.600E+08   1.455E-03  -1.913E+01   8.895E-04   9.725E+01
 2.610E+08   1.433E-03  -2.151E+01   8.477E-04   9.535E+01
 2.620E+08   1.406E-03  -2.415E+01   8.028E-04   9.403E+01
 2.630E+08   1.371E-03  -2.710E+01   7.559E-04   9.355E+01
 2.640E+08   1.326E-03  -3.038E+01   7.099E-04   9.426E+01
 2.650E+08   1.267E-03  -3.400E+01   6.701E-04   9.656E+01
 2.660E+08   1.191E-03  -3.796E+01   6.450E-04   1.006E+02
 2.670E+08   1.096E-03  -4.216E+01   6.458E-04   1.061E+02
 2.680E+08   9.780E-04  -4.642E+01   6.820E-04   1.117E+02
 2.690E+08   8.378E-04  -5.029E+01   7.556E-04   1.156E+02
 2.700E+08   6.787E-04  -5.292E+01   8.590E-04   1.170E+02
 2.710E+08   5.103E-04  -5.238E+01   9.788E-04   1.159E+02
 2.720E+08   3.528E-04  -4.399E+01   1.101E-03   1.128E+02
 2.730E+08   2.537E-04  -1.853E+01   1.214E-03   1.084E+02
 2.740E+08   2.778E-04   1.536E+01   1.312E-03   1.032E+02
 2.750E+08   3.865E-04   3.234E+01   1.392E-03   9.778E+01
 2.760E+08   5.128E-04   3.775E+01   1.454E-03   9.229E+01
 2.770E+08   6.332E-04   3.859E+01   1.500E-03   8.693E+01
 2.780E+08   7.413E-04   3.760E+01   1.534E-03   8.175E+01
 2.790E+08   8.363E-04   3.584E+01   1.557E-03   7.680E+01
 2.800E+08   9.190E-04   3.378E+01   1.572E-03   7.206E+01
 2.810E+08   9.906E-04   3.163E+01   1.581E-03   6.754E+01
 2.820E+08   1.053E-03   2.950E+01   1.586E-03   6.320E+01
 2.830E+08   1.106E-03   2.742E+01   1.587E-03   5.904E+01
 2.840E+08   1.153E-03   2.542E+01   1.585E-03   5.502E+01
 2.850E+08   1.193E-03   2.351E+01   1.581E-03   5.114E+01
 2.860E+08   1.228E-03   2.168E+01   1.576E-03   4.737E+01
 2.870E+08   1.259E-03   1.994E+01   1.569E-03   4.371E+01
 2.880E+08   1.285E-03   1.827E+01   1.561E-03   4.015E+01
 2.890E+08   1.308E-03   1.668E+01   1.552E-03   3.666E+01
 2.900E+08   1.327E-03   1.517E+01   1.543E-03   3.325E+01
 2.910E+08   1.344E-03   1.372E+01   1.532E-03   2.992E+01
 2.920E+08   1.358E-03   1.233E+01   1.521E-03   2.664E+01
 2.930E+08   1.370E-03   1.100E+01   1.510E-03   2.343E+01
 2.940E+08   1.381E-03   9.719E+00   1.498E-03   2.028E+01
 2.950E+08   1.389E-03   8.490E+00   1.485E-03   1.718E+01
 2.960E+08   1.397E-03   7.304E+00   1.472E-03   1.413E+01
 2.970E+08   1.403E-03   6.155E+00   1.458E-03   1.114E+01
 2.980E+08   1.409E-03   5.036E+00   1.444E-03   8.202E+00
 2.990E+08   1.413E-03   3.937E+00   1.429E-03   5.319E+00
 3.000E+08   1.418E-03   2.851E+00   1.414E-03   2.495E+00
 3.010E+08   1.421E-03   1.764E+00   1.397E-03  -2.660E-01
 3.020E+08   1.425E-03   6.629E-01   1.381E-03  -2.955E+00
 3.030E+08   1.428E-03  -4.673E-01   1.363E-03  -5.562E+00
 3.040E+08   1.431E-03  -1.645E+00   1.345E-03  -8.071E+00
 3.050E+08   1.434E-03  -2.891E+00   1.326E-03  -1.046E+01
 3.060E+08   1.435E-03  -4.230E+00   1.307E-03  -1.271E+01
 3.070E+08   1.435E-03  -5.685E+00   1.287E-03  -1.479E+01
 3.080E+08   1.433E-03  -7.282E+00   1.268E-03  -1.665E+01
 3.090E+08   1.428E-03  -9.042E+00   1.251E-03  -1.827E+01
 3.100E+08   1.418E-03  -1.098E+01   1.237E-03  -1.961E+01
 3.110E+08   1.400E-03  -1.309E+01   1.229E-03  -2.068E+01
 3.120E+08   1.374E-03  -1.534E+01   1.229E-03  -2.152E+01
 3.130E+08   1.336E-03  -1.764E+01   1.239E-03  -2.226E+01
 3.140E+08   1.286E-03  -1.987E+01   1.262E-03  -2.309E+01
 3.150E+08   1.224E-03  -2.181E+01   1.296E-03  -2.422E+01
 3.160E+08   1.153E-03  -2.323E+01   1.340E-03  -2.584E+01
 3.170E+08   1.077E-03  -2.388E+01   1.389E-03  -2.802E+01
 3.180E+08   1.002E-03  -2.356E+01   1.437E-03  -3.073E+01
 3.190E+08   9.343E-04  -2.222E+01   1.482E-03  -3.385E+01
 3.200E+08   8.785E-04  -1.994E+01   1.521E-03  -3.726E+01
 3.210E+08   8.371E-04  -1.696E+01   1.552E-03  -4.082E+01
 3.220E+08   8.103E-04  -1.359E+01   1.577E-03  -4.445E+01
 3.230E+08   7.965E-04  -1.016E+01   1.596E-03  -4.808E+01
 3.240E+08   7.935E-04  -6.908E+00   1.609E-03  -5.169E+01
 3.250E+08   7.987E-04  -3.994E+00   1.619E-03  -5.524E+01
 3.260E+08   8.098E-04  -1.484E+00   1.626E-03  -5.874E+01
 3.270E+08   8.249E-04   6.162E-01   1.630E-03  -6.218E+01
 3.280E+08   8.426E-04   2.331E+00   1.633E-03  -6.556E+01
 3.290E+08   8.617E-04   3.702E+00   1.633E-03  -6.890E+01
 3.300E+08   8.814E-04   4.774E+00   1.633E-03  -7.219E+01
 3.310E+08   9.011E-04   5.590E+00   1.632E-03  -7.545E+01
 3.320E+08   9.205E-04   6.190E+00   1.630E-03  -7.867E+01
 3.330E+08   9.391E-04   6.607E+00   1.628E-03  -8.186E+01
 3.340E+08   9.567E-04   6.873E+00   1.625E-03  -8.503E+01
 3.350E+08   9.731E-04   7.013E+00   1.621E-03  -8.817E+01
 3.360E+08   9.882E-04   7.051E+00   1.617E-03  -9.130E+01
 3.370E+08   1.002E-03   7.008E+00   1.613E-03  -9.441E+01
 3.380E+08   1.014E-03   6.904E+00   1.609E-03  -9.751E+01
 3.390E+08   1.024E-03   6.756E+00   1.604E-03  -1.006E+02
 3.400E+08   1.033E-03   6.582E+00   1.600E-03  -1.037E+02
 3.410E+08   1.041E-03   6.399E+00   1.595E-03  -1.068E+02
 3.420E+08   1.046E-03   6.223E+00   1.589E-03  -1.098E+02
 3.430E+08   1.051E-03   6.070E+00   1.584E-03  -1.129E+02
 3.440E+08   1.053E-03   5.958E+00   1.578E-03  -1.160E+02
 3.450E+08   1.055E-03   5.903E+00   1.572E-03  -1.191E+02
 3.460E+08   1.055E-03   5.925E+00   1.566E-03  -1.223E+02
 3.470E+08   1.055E-03   6.041E+00   1.559E-03  -1.254E+02
 3.480E+08   1.055E-03   6.269E+00   1.551E-03  -1.286E+02
 3.490E+08   1.054E-03   6.627E+00   1.542E-03  -1.318E+02
 3.500E+08   1.055E-03   7.127E+00   1.532E-03  -1.351E+02
 3.510E+08   1.057E-03   7.778E+00   1.520E-03  -1.384E+02
 3.520E+08   1.062E-03   8.573E+00   1.506E-03  -1.418E+02
 3.530E+08   1.072E-03   9.486E+00   1.489E-03  -1.452E+02
 3.540E+08   1.086E-03   1.046E+01   1.468E-03  -1.486E+02
 3.550E+08   1.108E-03   1.142E+01   1.442E-03  -1.520E+02
 3.560E+08   1.138E-03   1.223E+01   1.412E-03  -1.553E+02
 3.570E+08   1.176E-03   1.274E+01   1.376E-03  -1.585E+02
 3.580E+08   1.220E-03   1.283E+01   1.335E-03  -1.615E+02
 3.590E+08   1.269E-03   1.239E+01   1.292E-03  -1.641E+02
 3.600E+08   1.319E-03   1.138E+01   1.248E-03  -1.662E+02
 3.610E+08   1.364E-03   9.874E+00   1.207E-03  -1.679E+02
 3.620E+08   1.401E-03   7.975E+00   1.174E-03  -1.691E+02
 3.630E+08   1.428E-03   5.839E+00   1.151E-03  -1.700E+02
 3.640E+08   1.443E-03   3.618E+00   1.139E-03  -1.707E+02
 3.650E+08   1.448E-03   1.434E+00   1.137E-03  -1.716E+02
 3.660E+08   1.444E-03  -6.290E-01   1.142E-03  -1.726E+02
 3.670E+08   1.433E-03  -2.523E+00   1.153E-03  -1.739E+02
 3.680E+08   1.417E-03  -4.227E+00   1.166E-03  -1.755E+02
 3.690E+08   1.398E-03  -5.740E+00   1.182E-03  -1.774E+02
 3.700E+08   1.376E-03  -7.071E+00   1.198E-03  -1.795E+02
 3.710E+08   1.353E-03  -8.235E+00   1.213E-03   1.783E+02
 3.720E+08   1.329E-03  -9.247E+00   1.228E-03   1.758E+02
 3.730E+08   1.305E-03  -1.013E+01   1.242E-03   1.733E+02
 3.740E+08   1.282E-03  -1.089E+01   1.255E-03   1.706E+02
 3.750E+08   1.258E-03  -1.155E+01   1.267E-03   1.679E+02
 3.760E+08   1.236E-03  -1.212E+01   1.278E-03   1.651E+02
 3.770E+08   1.213E-03  -1.261E+01   1.288E-03   1.622E+02
 3.780E+08   1.192E-03  -1.304E+01   1.297E-03   1.593E+02
 3.790E+08   1.171E-03  -1.343E+01   1.305E-03   1.563E+02
 3.800E+08   1.150E-03  -1.377E+01   1.312E-03   1.532E+02
 3.810E+08   1.130E-03  -1.407E+01   1.318E-03   1.502E+02
 3.820E+08   1.109E-03  -1.436E+01   1.323E-03   1.470E+02
 3.830E+08   1.089E-03  -1.463E+01   1.328E-03   1.438E+02
 3.840E+08   1.069E-03  -1.490E+01   1.332E-03   1.406E+02
 3.850E+08   1.048E-03  -1.516E+01   1.334E-03   1.373E+02
 3.860E+08   1.027E-03  -1.542E+01   1.336E-03   1.340E+02
 3.870E+08   1.004E-03  -1.568E+01   1.337E-03   1.306E+02
 3.880E+08   9.797E-04  -1.593E+01   1.337E-03   1.271E+02
 3.890E+08   9.536E-04  -1.616E+01   1.336E-03   1.236E+02
 3.900E+08   9.252E-04  -1.636E+01   1.334E-03   1.199E+02
 3.910E+08   8.938E-04  -1.649E+01   1.330E-03   1.162E+02
 3.920E+08   8.592E-04  -1.651E+01   1.324E-03   1.124E+02
 3.930E+08   8.208E-04  -1.634E+01   1.316E-03   1.084E+02
 3.940E+08   7.784E-04  -1.588E+01   1.306E-03   1.043E+02
 3.950E+08   7.318E-04  -1.495E+01   1.292E-03   1.001E+02
 3.960E+08   6.816E-04  -1.330E+01   1.274E-03   9.563E+01
 3.970E+08   6.293E-04  -1.053E+01   1.250E-03   9.102E+01
 3.980E+08   5.782E-04  -6.114E+00   1.220E-03   8.622E+01
 3.990E+08   5.352E-04   5.813E-01   1.182E-03   8.125E+01
 4.000E+08   5.109E-04   9.831E+00   1.134E-03   7.613E+01
 4.010E+08   5.187E-04   2.075E+01   1.074E-03   7.094E+01
 4.020E+08   5.677E-04   3.104E+01   1.002E-03   6.583E+01
 4.030E+08   6.564E-04   3.853E+01   9.171E-04   6.105E+01
 4.040E+08   7.745E-04   4.256E+01   8.219E-04   5.698E+01
 4.050E+08   9.088E-04   4.363E+01   7.204E-04   5.420E+01
 4.060E+08   1.047E-03   4.257E+01   6.203E-04   5.352E+01
 4.070E+08   1.178E-03   4.013E+01   5.319E-04   5.580E+01
 4.080E+08   1.296E-03   3.687E+01   4.676E-04   6.153E+01
 4.090E+08   1.396E-03   3.323E+01   4.369E-04   6.979E+01
 4.100E+08   1.478E-03   2.947E+01   4.410E-04   7.811E+01
 4.110E+08   1.541E-03   2.577E+01   4.711E-04   8.427E+01
 4.120E+08   1.589E-03   2.223E+01   5.154E-04   8.768E+01
 4.130E+08   1.623E-03   1.889E+01   5.648E-04   8.883E+01
 4.140E+08   1.647E-03   1.578E+01   6.139E-04   8.839E+01
 4.150E+08   1.662E-03   1.289E+01   6.602E-04   8.691E+01
 4.160E+08   1.670E-03   1.020E+01   7.024E-04   8.476E+01
 4.170E+08   1.672E-03   7.689E+00   7.403E-04   8.216E+01
 4.180E+08   1.670E-03   5.346E+00   7.740E-04   7.928E+01
 4.190E+08   1.664E-03   3.147E+00   8.038E-04   7.620E+01
 4.200E+08   1.656E-03   1.074E+00   8.299E-04   7.300E+01
 4.210E+08   1.645E-03  -8.914E-01   8.528E-04   6.969E+01
 4.220E+08   1.632E-03  -2.763E+00   8.726E-04   6.632E+01
 4.230E+08   1.618E-03  -4.555E+00   8.896E-04   6.289E+01
 4.240E+08   1.602E-03  -6.281E+00   9.042E-04   5.942E+01
 4.250E+08   1.584E-03  -7.951E+00   9.163E-04   5.590E+01
 4.260E+08   1.566E-03  -9.577E+00   9.261E-04   5.234E+01
 4.270E+08   1.546E-03  -1.117E+01   9.338E-04   4.874E+01
 4.280E+08   1.525E-03  -1.274E+01   9.393E-04   4.509E+01
 4.290E+08   1.503E-03  -1.430E+01   9.427E-04   4.139E+01
 4.300E+08   1.480E-03  -1.586E+01   9.439E-04   3.764E+01
 4.310E+08   1.456E-03  -1.743E+01   9.428E-04   3.382E+01
 4.320E+08   1.430E-03  -1.903E+01   9.394E-04   2.994E+01
 4.330E+08   1.402E-03  -2.067E+01   9.334E-04   2.598E+01
 4.340E+08   1.373E-03  -2.238E+01   9.247E-04   2.193E+01
 4.350E+08   1.341E-03  -2.415E+01   9.129E-04   1.778E+01
 4.360E+08   1.306E-03  -2.603E+01   8.978E-04   1.353E+01
 4.370E+08   1.268E-03  -2.802E+01   8.789E-04   9.146E+00
 4.380E+08   1.225E-03  -3.016E+01   8.556E-04   4.626E+00
 4.390E+08   1.178E-03  -3.246E+01   8.273E-04  -4.649E-02
 4.400E+08   1.123E-03  -3.495E+01   7.931E-04  -4.883E+00
 4.410E+08   1.061E-03  -3.766E+01   7.521E-04  -9.889E+00
 4.420E+08   9.884E-04  -4.058E+01   7.033E-04  -1.505E+01
 4.430E+08   9.047E-04  -4.372E+01   6.455E-04  -2.034E+01
 4.440E+08   8.076E-04  -4.702E+01   5.775E-04  -2.565E+01
 4.450E+08   6.954E-04  -5.033E+01   4.985E-04  -3.075E+01
 4.460E+08   5.672E-04  -5.329E+01   4.083E-04  -3.512E+01
 4.470E+08   4.237E-04  -5.491E+01   3.082E-04  -3.739E+01
 4.480E+08   2.696E-04  -5.171E+01   2.044E-04  -3.323E+01
 4.490E+08   1.311E-04  -2.440E+01   1.230E-04  -6.446E+00
 4.500E+08   1.593E-04   4.690E+01   1.453E-04   4.255E+01
 4.510E+08   3.191E-04   6.416E+01   2.480E-04   5.861E+01
 4.520E+08   4.913E-04   6.497E+01   3.646E-04   5.922E+01
 4.530E+08   6.561E-04   6.200E+01   4.776E-04   5.527E+01
 4.540E+08   8.069E-04   5.788E+01   5.807E-04   4.972E+01
 4.550E+08   9.410E-04   5.346E+01   6.718E-04   4.365E+01
 4.560E+08   1.058E-03   4.907E+01   7.503E-04   3.750E+01
 4.570E+08   1.158E-03   4.489E+01   8.168E-04   3.148E+01
 4.580E+08   1.244E-03   4.096E+01   8.726E-04   2.568E+01
 4.590E+08   1.316E-03   3.731E+01   9.189E-04   2.013E+01
 4.600E+08   1.378E-03   3.391E+01   9.574E-04   1.484E+01
 4.610E+08   1.430E-03   3.076E+01   9.891E-04   9.797E+00
 4.620E+08   1.474E-03   2.782E+01   1.015E-03   4.971E+00
 4.630E+08   1.512E-03   2.507E+01   1.037E-03   3.437E-01
 4.640E+08   1.544E-03   2.249E+01   1.054E-03  -4.109E+00
 4.650E+08   1.572E-03   2.004E+01   1.068E-03  -8.408E+00
 4.660E+08   1.595E-03   1.772E+01   1.079E-03  -1.257E+01
 4.670E+08   1.615E-03   1.549E+01   1.088E-03  -1.662E+01
 4.680E+08   1.632E-03   1.335E+01   1.094E-03  -2.057E+01
 4.690E+08   1.646E-03   1.128E+01   1.099E-03  -2.443E+01
 4.700E+08   1.657E-03   9.263E+00   1.101E-03  -2.821E+01
 4.710E+08   1.666E-03   7.295E+00   1.101E-03  -3.192E+01
 4.720E+08   1.672E-03   5.362E+00   1.099E-03  -3.557E+01
 4.730E+08   1.677E-03   3.454E+00   1.096E-03  -3.916E+01
 4.740E+08   1.680E-03   1.563E+00   1.091E-03  -4.270E+01
 4.750E+08   1.680E-03  -3.209E-01   1.083E-03  -4.619E+01
 4.760E+08   1.679E-03  -2.208E+00   1.074E-03  -4.963E+01
 4.770E+08   1.676E-03  -4.107E+00   1.062E-03  -5.301E+01
 4.780E+08   1.671E-03  -6.031E+00   1.048E-03  -5.632E+01
 4.790E+08   1.664E-03  -7.991E+00   1.032E-03  -5.956E+01
 4.800E+08   1.655E-03  -1.000E+01   1.012E-03  -6.271E+01
 4.810E+08   1.644E-03  -1.208E+01   9.901E-04  -6.574E+01
 4.820E+08   1.630E-03  -1.424E+01   9.650E-04  -6.861E+01
 4.830E+08   1.613E-03  -1.651E+01   9.368E-04  -7.128E+01
 4.840E+08   1.592E-03  -1.891E+01   9.055E-04  -7.368E+01
 4.850E+08   1.566E-03  -2.146E+01   8.714E-04  -7.571E+01
 4.860E+08   1.535E-03  -2.419E+01   8.352E-04  -7.724E+01
 4.870E+08   1.497E-03  -2.712E+01   7.983E-04  -7.810E+01
 4.880E+08   1.449E-03  -3.027E+01   7.628E-04  -7.809E+01
 4.890E+08   1.391E-03  -3.364E+01   7.327E-04  -7.705E+01
 4.900E+08   1.320E-03  -3.723E+01   7.131E-04  -7.490E+01
 4.910E+08   1.234E-03  -4.095E+01   7.105E-04  -7.188E+01
 4.920E+08   1.131E-03  -4.471E+01   7.304E-04  -6.859E+01
 4.930E+08   1.013E-03  -4.827E+01   7.751E-04  -6.589E+01
 4.940E+08   8.793E-04  -5.126E+01   8.422E-04  -6.449E+01
 4.950E+08   7.361E-04  -5.306E+01   9.252E-04  -6.470E+01
 4.960E+08   5.903E-04  -5.257E+01   1.016E-03  -6.643E+01
 4.970E+08   4.539E-04  -4.777E+01   1.106E-03  -6.935E+01
 4.980E+08   3.462E-04  -3.538E+01   1.191E-03  -7.311E+01
 4.990E+08   2.960E-04  -1.375E+01   1.265E-03  -7.738E+01
 5.000E+08   3.194E-04   8.585E+00   1.328E-03  -8.191E+01
