*SUBCIRCUIT MODEL OF A MULTICONDUCTOR TRANSMISSION LINE*
*EXCITED BY AN INCIDENT UNIFORM PLANE WAVE*
*      NUMBER OF CONDUCTORS=  2
*      TOTAL LINE LENGTH (METERS)= 2.00000E+00
*      REFERENCE CONDUCTOR TYPE(1=NO GND, 2=GND PLANE)= 1
*      ELECTRIC FIELD POLARIZATION (THETAE)= 9.00000E+01
*      PROPAGATION DIRECTION (THETAP)= 9.00000E+01
*      PROPAGATION DIRECTION (PHIP)=-9.00000E+01
*      X(  1)=-1.27000E-03     Y(  1)= 0.00000E+00
*      X(  2)= 1.27000E-03     Y(  2)= 0.00000E+00
*      L(  1,  1)= 1.11170E-06         C(  1,  1)= 4.03439E-11
*      L(  1,  2)= 6.93901E-07         C(  1,  2)=-2.01719E-11
*      L(  2,  2)= 1.38780E-06         C(  2,  2)= 2.95910E-11
.SUBCKT INC
+ 100
+ 101
+ 102
+ 201
+ 202
V101  101  301
EC101  301  0  POLY( 2)
+ (501,0)
+ (502,0)
+0
+   1.118043E+00
+   4.999921E-01
FC101  0  501  POLY( 2)
+ V101
+ V102
+0
+   1.118043E+00
+   3.185279E-05
V201  201  401
EC201  401  0  POLY( 2)
+ (601,0)
+ (602,0)
+0
+   1.118043E+00
+   4.999921E-01
FC201  0  601  POLY( 2)
+ V201
+ V202
+0
+   1.118043E+00
+   3.185279E-05
V102  102  302
EC102  302  0  POLY( 2)
+ (501,0)
+ (502,0)
+0
+   3.185279E-05
+   1.000014E+00
FC102  0  502  POLY( 2)
+ V101
+ V102
+0
+   4.999921E-01
+   1.000014E+00
V202  202  402
EC202  402  0  POLY( 2)
+ (601,0)
+ (602,0)
+0
+   3.185279E-05
+   1.000014E+00
FC202  0  602  POLY( 2)
+ V201
+ V202
+0
+   4.999921E-01
+   1.000014E+00
**********LINE   1
RL101  501  701   1.10145E+02
RR101  601  801   1.10145E+02
T1101  911  0  921  0  Z0= 1.10145E+02  TD= 1.11091E-08
R1101  921  0   1.10145E+02
E1101  911  0  POLY(2)  (601,0)  (801,601)  0  1  -1
T2101  931  0  941  0  Z0= 1.10145E+02  TD= 1.11091E-08
R2101  941  0   1.10145E+02
E2101  931  0  POLY(2)  (501,0)  (501,701)  0  1  1
T3101  100  0  951  0  Z0= 1.10145E+02  TD= 1.11091E-08
R3101  951  0   1.10145E+02
T4101  100  0  961  0  Z0= 1.10145E+02  TD= 1.77804E-08
R4101  961  0   1.10145E+02
T5101  100  0  971  0  Z0= 1.10145E+02  TD= 6.67128E-09
R5101  971  0   1.10145E+02
EL101  701  0  POLY(3)  (921,0)  (100,0)  (961,0)
+  0  1   1.70388E-03  -1.70388E-03
ER101  801  0  POLY(3)  (941,0)  (951,0)  (971,0)
+  0  1  -1.70388E-03   1.70388E-03
**********LINE   2
RL102  502  702   2.66733E+02
RR102  602  802   2.66733E+02
T1102  912  0  922  0  Z0= 2.66733E+02  TD= 1.04056E-08
R1102  922  0   2.66733E+02
E1102  912  0  POLY(2)  (602,0)  (802,602)  0  1  -1
T2102  932  0  942  0  Z0= 2.66733E+02  TD= 1.04056E-08
R2102  942  0   2.66733E+02
E2102  932  0  POLY(2)  (502,0)  (502,702)  0  1  1
T3102  100  0  952  0  Z0= 2.66733E+02  TD= 1.04056E-08
R3102  952  0   2.66733E+02
T4102  100  0  962  0  Z0= 2.66733E+02  TD= 1.70769E-08
R4102  962  0   2.66733E+02
T5102  100  0  972  0  Z0= 2.66733E+02  TD= 6.67128E-09
R5102  972  0   2.66733E+02
EL102  702  0  POLY(3)  (922,0)  (100,0)  (962,0)
+  0  1  -1.27004E-03   1.27004E-03
ER102  802  0  POLY(3)  (942,0)  (952,0)  (972,0)
+  0  1   1.27004E-03  -1.27004E-03
.ENDS     INC
*END SUBCIRCUIT INC************************************
