*SUBCIRCUIT MODEL OF A MULTICONDUCTOR TRANSMISSION LINE*
*LUMPED-PI APPROXIMATE STRUCTURE*
*      NUMBER OF CONDUCTORS=  2
*      TOTAL LINE LENGTH (METERS)= 2.54000E-01
*      L(  1,  1)= 1.11170E-06
*      L(  1,  2)= 6.93901E-07
*      L(  2,  2)= 1.38780E-06
*      C(  1,  1)= 4.03439E-11
*      C(  1,  2)=-2.01719E-11
*      C(  2,  2)= 2.95910E-11
.SUBCKT LPI
+ 101
+ 102
+ 201
+ 202
L101  101  201    2.82372E-07
C101  101  0    2.56184E-12
C201  201  0    2.56184E-12
L102  102  202    3.52501E-07
C102  102  0    1.19623E-12
C202  202  0    1.19623E-12
K101  L101  L102    5.58651E-01
CM101  101  102    2.56183E-12
CM201  201  202    2.56183E-12
.ENDS     LPI
