NUMBER OF HARMONICS=   500
PEAK PULSE LEVEL= 1.000E+00
REPETITION FREQUENCY OF PULSE TRAIN= 1.000E+06
DUTY CYCLE OF PULSE TRAIN= 5.000E-01
PULSE RISE/FALL TIME= 6.250E-09
FINAL SOLUTION TIME= 2.000E-08
SOLUTION TIME INCREMENT= 1.000E-10
DC COMMON-IMPEDANCE COUPLING LEVEL= 1.640E-03

    TIME             VOUT
 0.00000E+00      1.88814E-03
 1.00000E-10      2.79473E-03
 2.00000E-10      3.86266E-03
 3.00000E-10      5.08669E-03
 4.00000E-10      6.45699E-03
 5.00000E-10      7.95969E-03
 6.00000E-10      9.57745E-03
 7.00000E-10      1.12905E-02
 8.00000E-10      1.30772E-02
 9.00000E-10      1.49158E-02
 1.00000E-09      1.67846E-02
 1.10000E-09      1.86634E-02
 1.20000E-09      2.05346E-02
 1.30000E-09      2.23832E-02
 1.40000E-09      2.41979E-02
 1.50000E-09      2.59708E-02
 1.60000E-09      2.76981E-02
 1.70000E-09      2.93793E-02
 1.80000E-09      3.10170E-02
 1.90000E-09      3.26167E-02
 2.00000E-09      3.41854E-02
 2.10000E-09      3.57315E-02
 2.20000E-09      3.72637E-02
 2.30000E-09      3.87903E-02
 2.40000E-09      4.03187E-02
 2.50000E-09      4.18548E-02
 2.60000E-09      4.34025E-02
 2.70000E-09      4.49638E-02
 2.80000E-09      4.65387E-02
 2.90000E-09      4.81256E-02
 3.00000E-09      4.97211E-02
 3.10000E-09      5.13209E-02
 3.20000E-09      5.29204E-02
 3.30000E-09      5.45149E-02
 3.40000E-09      5.61004E-02
 3.50000E-09      5.76741E-02
 3.60000E-09      5.92344E-02
 3.70000E-09      6.07817E-02
 3.80000E-09      6.23180E-02
 3.90000E-09      6.38466E-02
 4.00000E-09      6.53726E-02
 4.10000E-09      6.69017E-02
 4.20000E-09      6.84397E-02
 4.30000E-09      6.99922E-02
 4.40000E-09      7.15637E-02
 4.50000E-09      7.31571E-02
 4.60000E-09      7.47725E-02
 4.70000E-09      7.64076E-02
 4.80000E-09      7.80567E-02
 4.90000E-09      7.97110E-02
 5.00000E-09      8.13581E-02
 5.10000E-09      8.29831E-02
 5.20000E-09      8.45683E-02
 5.30000E-09      8.60943E-02
 5.40000E-09      8.75408E-02
 5.50000E-09      8.88876E-02
 5.60000E-09      9.01149E-02
 5.70000E-09      9.12052E-02
 5.80000E-09      9.21435E-02
 5.90000E-09      9.29182E-02
 6.00000E-09      9.35217E-02
 6.10000E-09      9.39506E-02
 6.20000E-09      9.42062E-02
 6.30000E-09      9.42938E-02
 6.40000E-09      9.42228E-02
 6.50000E-09      9.40061E-02
 6.60000E-09      9.36593E-02
 6.70000E-09      9.31995E-02
 6.80000E-09      9.26453E-02
 6.90000E-09      9.20148E-02
 7.00000E-09      9.13256E-02
 7.10000E-09      9.05935E-02
 7.20000E-09      8.98321E-02
 7.30000E-09      8.90526E-02
 7.40000E-09      8.82628E-02
 7.50000E-09      8.74682E-02
 7.60000E-09      8.66711E-02
 7.70000E-09      8.58714E-02
 7.80000E-09      8.50674E-02
 7.90000E-09      8.42558E-02
 8.00000E-09      8.34328E-02
 8.10000E-09      8.25943E-02
 8.20000E-09      8.17371E-02
 8.30000E-09      8.08584E-02
 8.40000E-09      7.99575E-02
 8.50000E-09      7.90348E-02
 8.60000E-09      7.80923E-02
 8.70000E-09      7.71335E-02
 8.80000E-09      7.61630E-02
 8.90000E-09      7.51862E-02
 9.00000E-09      7.42087E-02
 9.10000E-09      7.32359E-02
 9.20000E-09      7.22722E-02
 9.30000E-09      7.13210E-02
 9.40000E-09      7.03839E-02
 9.50000E-09      6.94607E-02
 9.60000E-09      6.85492E-02
 9.70000E-09      6.76455E-02
 9.80000E-09      6.67441E-02
 9.90000E-09      6.58382E-02
 1.00000E-08      6.49203E-02
 1.01000E-08      6.39830E-02
 1.02000E-08      6.30196E-02
 1.03000E-08      6.20243E-02
 1.04000E-08      6.09932E-02
 1.05000E-08      5.99247E-02
 1.06000E-08      5.88197E-02
 1.07000E-08      5.76816E-02
 1.08000E-08      5.65167E-02
 1.09000E-08      5.53334E-02
 1.10000E-08      5.41424E-02
 1.11000E-08      5.29555E-02
 1.12000E-08      5.17853E-02
 1.13000E-08      5.06444E-02
 1.14000E-08      4.95447E-02
 1.15000E-08      4.84965E-02
 1.16000E-08      4.75079E-02
 1.17000E-08      4.65844E-02
 1.18000E-08      4.57285E-02
 1.19000E-08      4.49396E-02
 1.20000E-08      4.42139E-02
 1.21000E-08      4.35448E-02
 1.22000E-08      4.29233E-02
 1.23000E-08      4.23383E-02
 1.24000E-08      4.17778E-02
 1.25000E-08      4.12294E-02
 1.26000E-08      4.06807E-02
 1.27000E-08      4.01205E-02
 1.28000E-08      3.95394E-02
 1.29000E-08      3.89302E-02
 1.30000E-08      3.82882E-02
 1.31000E-08      3.76115E-02
 1.32000E-08      3.69010E-02
 1.33000E-08      3.61604E-02
 1.34000E-08      3.53954E-02
 1.35000E-08      3.46140E-02
 1.36000E-08      3.38254E-02
 1.37000E-08      3.30391E-02
 1.38000E-08      3.22654E-02
 1.39000E-08      3.15135E-02
 1.40000E-08      3.07919E-02
 1.41000E-08      3.01073E-02
 1.42000E-08      2.94649E-02
 1.43000E-08      2.88675E-02
 1.44000E-08      2.83160E-02
 1.45000E-08      2.78090E-02
 1.46000E-08      2.73434E-02
 1.47000E-08      2.69144E-02
 1.48000E-08      2.65161E-02
 1.49000E-08      2.61416E-02
 1.50000E-08      2.57836E-02
 1.51000E-08      2.54350E-02
 1.52000E-08      2.50891E-02
 1.53000E-08      2.47397E-02
 1.54000E-08      2.43819E-02
 1.55000E-08      2.40121E-02
 1.56000E-08      2.36277E-02
 1.57000E-08      2.32278E-02
 1.58000E-08      2.28125E-02
 1.59000E-08      2.23833E-02
 1.60000E-08      2.19428E-02
 1.61000E-08      2.14940E-02
 1.62000E-08      2.10410E-02
 1.63000E-08      2.05878E-02
 1.64000E-08      2.01387E-02
 1.65000E-08      1.96980E-02
 1.66000E-08      1.92694E-02
 1.67000E-08      1.88563E-02
 1.68000E-08      1.84615E-02
 1.69000E-08      1.80872E-02
 1.70000E-08      1.77346E-02
 1.71000E-08      1.74044E-02
 1.72000E-08      1.70963E-02
 1.73000E-08      1.68094E-02
 1.74000E-08      1.65422E-02
 1.75000E-08      1.62924E-02
 1.76000E-08      1.60575E-02
 1.77000E-08      1.58345E-02
 1.78000E-08      1.56200E-02
 1.79000E-08      1.54109E-02
 1.80000E-08      1.52038E-02
 1.81000E-08      1.49958E-02
 1.82000E-08      1.47841E-02
 1.83000E-08      1.45664E-02
 1.84000E-08      1.43412E-02
 1.85000E-08      1.41074E-02
 1.86000E-08      1.38646E-02
 1.87000E-08      1.36134E-02
 1.88000E-08      1.33547E-02
 1.89000E-08      1.30903E-02
 1.90000E-08      1.28225E-02
 1.91000E-08      1.25541E-02
 1.92000E-08      1.22879E-02
 1.93000E-08      1.20270E-02
 1.94000E-08      1.17744E-02
 1.95000E-08      1.15328E-02
 1.96000E-08      1.13044E-02
 1.97000E-08      1.10910E-02
 1.98000E-08      1.08935E-02
