*SUBCIRCUIT MODEL OF A MULTICONDUCTOR TRANSMISSION LINE*
*      NUMBER OF CONDUCTORS=  3
*      TOTAL LINE LENGTH (METERS)= 2.54000E-01
*      L(  1,  1)= 8.07637E-07
*      L(  1,  2)= 2.67881E-07
*      L(  2,  2)= 8.07637E-07
*      C(  1,  1)= 4.02759E-11
*      C(  1,  2)=-1.12625E-11
*      C(  2,  2)= 4.02758E-11
.SUBCKT MTL
+ 101
+ 102
+ 201
+ 202
V101  101  301
EC101  301  0  POLY( 2)
+ (501,0)
+ (502,0)
+0
+   7.070956E-01
+   7.071123E-01
FC101  0  501  POLY( 2)
+ V101
+ V102
+0
+   7.070956E-01
+  -7.071178E-01
V201  201  401
EC201  401  0  POLY( 2)
+ (601,0)
+ (602,0)
+0
+   7.070956E-01
+   7.071123E-01
FC201  0  601  POLY( 2)
+ V201
+ V202
+0
+   7.070956E-01
+  -7.071178E-01
V102  102  302
EC102  302  0  POLY( 2)
+ (501,0)
+ (502,0)
+0
+  -7.071178E-01
+   7.071013E-01
FC102  0  502  POLY( 2)
+ V101
+ V102
+0
+   7.071123E-01
+   7.071013E-01
V202  202  402
EC202  402  0  POLY( 2)
+ (601,0)
+ (602,0)
+0
+  -7.071178E-01
+   7.071013E-01
FC202  0  602  POLY( 2)
+ V201
+ V202
+0
+   7.071123E-01
+   7.071013E-01
T101  501  0  601  0  Z0= 1.023372E+02  TD= 1.339670E-09
T102  502  0  602  0  Z0= 1.925351E+02  TD= 1.418866E-09
.ENDS     MTL
